******************************************************************************
             TMS320C2000 Linker PC v6.2.7                      
******************************************************************************
>> Linked Thu Feb 26 16:50:56 2015

OUTPUT FILE NAME:   <gigous_kuo_lab4.out>
ENTRY POINT SYMBOL: "_c_int00"  address: 00303d49


MEMORY CONFIGURATION

         name            origin    length      used     unused   attr    fill
----------------------  --------  ---------  --------  --------  ----  --------
PAGE 0:
  BEGIN_M0              00000000   00000002  00000000  00000002  RWIX
  FLASH_BCD             00300000   00038000  00003e5f  000341a1  RWIX
  FLASH_A               00338000   00007f80  00000000  00007f80  RWIX
  CSM_RSVD              0033ff80   00000076  00000076  00000000  RWIX
  BEGIN_FLASH           0033fff6   00000002  00000002  00000000  RWIX
  PASSWORDS             0033fff8   00000008  00000008  00000000  RWIX
  ADC_CAL               00380080   00000009  00000007  00000002  RWIX
  OTP                   00380400   00000400  00000000  00000400  RWIX
  BOOTROM               003fe000   00000bdc  00000000  00000bdc  RWIX
  FPUTABLES             003febdc   000006a0  00000000  000006a0  RWIX
  END_BOOTROM           003ff27c   00000d44  00000000  00000d44  RWIX

PAGE 1:
  M0SARAM               00000002   000003fe  000000d4  0000032a  RWIX
  M1SARAM               00000400   00000400  00000000  00000400  RWIX
  DEV_EMU               00000880   00000180  000000d0  000000b0  RWIX
  FLASH_REGS            00000a80   00000060  00000008  00000058  RWIX
  CSM                   00000ae0   00000010  00000010  00000000  RWIX
  ADC_MIRROR            00000b00   00000010  00000010  00000000  RWIX
  XINTF                 00000b20   00000020  0000001e  00000002  RWIX
  CPU_TIMER0            00000c00   00000008  00000008  00000000  RWIX
  CPU_TIMER1            00000c08   00000008  00000008  00000000  RWIX
  CPU_TIMER2            00000c10   00000008  00000008  00000000  RWIX
  PIE_CTRL              00000ce0   00000020  0000001a  00000006  RWIX
  PIEVECT               00000d00   00000100  00000100  00000000  RWIX
  DMA                   00001000   00000200  000000e0  00000120  RWIX
  MCBSPA                00005000   00000040  00000025  0000001b  RWIX
  MCBSPB                00005040   00000040  00000025  0000001b  RWIX
  ECANA                 00006000   00000040  00000034  0000000c  RWIX
  ECANA_LAM             00006040   00000040  00000040  00000000  RWIX
  ECANA_MOTS            00006080   00000040  00000040  00000000  RWIX
  ECANA_MOTO            000060c0   00000040  00000040  00000000  RWIX
  ECANA_MBOX            00006100   00000100  00000100  00000000  RWIX
  ECANB                 00006200   00000040  00000034  0000000c  RWIX
  ECANB_LAM             00006240   00000040  00000040  00000000  RWIX
  ECANB_MOTS            00006280   00000040  00000040  00000000  RWIX
  ECANB_MOTO            000062c0   00000040  00000040  00000000  RWIX
  ECANB_MBOX            00006300   00000100  00000100  00000000  RWIX
  EPWM1                 00006800   00000022  00000022  00000000  RWIX
  EPWM2                 00006840   00000022  00000022  00000000  RWIX
  EPWM3                 00006880   00000022  00000022  00000000  RWIX
  EPWM4                 000068c0   00000022  00000022  00000000  RWIX
  EPWM5                 00006900   00000022  00000022  00000000  RWIX
  EPWM6                 00006940   00000022  00000022  00000000  RWIX
  ECAP1                 00006a00   00000020  00000020  00000000  RWIX
  ECAP2                 00006a20   00000020  00000020  00000000  RWIX
  ECAP3                 00006a40   00000020  00000020  00000000  RWIX
  ECAP4                 00006a60   00000020  00000020  00000000  RWIX
  ECAP5                 00006a80   00000020  00000020  00000000  RWIX
  ECAP6                 00006aa0   00000020  00000020  00000000  RWIX
  EQEP1                 00006b00   00000040  00000040  00000000  RWIX
  EQEP2                 00006b40   00000040  00000040  00000000  RWIX
  GPIOCTRL              00006f80   00000040  0000002e  00000012  RWIX
  GPIODAT               00006fc0   00000020  00000020  00000000  RWIX
  GPIOINT               00006fe0   00000020  0000000a  00000016  RWIX
  SYSTEM                00007010   00000020  00000020  00000000  RWIX
  SPIA                  00007040   00000010  00000010  00000000  RWIX
  SCIA                  00007050   00000010  00000010  00000000  RWIX
  XINTRUPT              00007070   00000010  00000010  00000000  RWIX
  ADC                   00007100   00000020  0000001e  00000002  RWIX
  SCIB                  00007750   00000010  00000010  00000000  RWIX
  SCIC                  00007770   00000010  00000010  00000000  RWIX
  I2CA                  00007900   00000040  00000022  0000001e  RWIX
  L0SARAM               00008000   00001000  00000271  00000d8f  RWIX
  L1SARAM               00009000   00006e00  00002854  000045ac  RWIX
  MEM_forDMA            0000fe00   00000200  0000008e  00000172  RWIX
  CSM_PWL               003f7ff8   00000008  00000008  00000000  RWIX


SECTION ALLOCATION MAP

 output                                  attributes/
section   page    origin      length       input sections
--------  ----  ----------  ----------   ----------------
.vers      0    00000000    00000044     COPY SECTION
                  00000000    00000044     gigous_kuo_lab4cfg.obj (.vers)

PieVectTableFile 
*          1    00000d00    00000100     DSECT
                  00000d00    00000100     DSP2833x_GlobalVariableDefs.obj (PieVectTableFile)

.data      0    00300000    00000000     UNINITIALIZED

.hwi_vec   0    00300000    00000100     RUN ADDR = 00000d00
                  00300000    00000100     gigous_kuo_lab4cfg.obj (.hwi_vec)

ramfuncs   0    00300100    0000026e     RUN ADDR = 00008000
                  00300100    00000131     28335_serial.obj (ramfuncs)
                  00300231    0000011e     28335_ecan.obj (ramfuncs:retain)
                  0030034f    0000001b     DSP2833x_SysCtrl.obj (ramfuncs)
                  0030036a    00000004     DSP2833x_usDelay.obj (ramfuncs)

.text      0    0030036e    00001e2f     
                  0030036e    00000655     28335_pwm.obj (.text)
                  003009c3    000003c8     28335_spi.obj (.text)
                  00300d8b    0000036f     user_gigous_kuo_lab4.obj (.text)
                  003010fa    00000345     i2c.obj (.text)
                  0030143f    000002f0     smallprintf.obj (.text)
                  0030172f    00000244     28335_serial.obj (.text)
                  00301973    00000172     DSP2833x_Mcbsp.obj (.text)
                  00301ae5    00000142     28335_mcbsp.obj (.text)
                  00301c27    000000f2     DSP2833x_SysCtrl.obj (.text)
                  00301d19    000000b3     28335_eqep.obj (.text)
                  00301dcc    00000090     28335_dma.obj (.text)
                  00301e5c    00000088     rts2800_fpu32.lib : fs_div.obj (.text)
                  00301ee4    0000007d     28335_inits.obj (.text)
                  00301f61    0000006a     coecsl.obj (.text)
                  00301fcb    00000031     rts2800_fpu32.lib : atoi.obj (.text)
                  00301ffc    0000002c                       : ltoa.obj (.text)
                  00302028    0000002a     DSP2833x_Spi.obj (.text)
                  00302052    0000002a     rts2800_fpu32.lib : l_div.obj (.text)
                  0030207c    00000028     DSP2833x_PieCtrl.obj (.text)
                  003020a4    00000027     rts2800_fpu32.lib : sinit.obj (.text)
                  003020cb    00000026                       : atexit.obj (.text)
                  003020f1    00000021                       : memcpy_ff.obj (.text)
                  00302112    0000001f     bios.a28FP : tsk_stup.o28FP (.text:_lock2)
                  00302131    0000001a     rts2800_fpu32.lib : modf.obj (.text)
                  0030214b    00000014     DSP2833x_Adc.obj (.text)
                  0030215f    0000000c     rts2800_fpu32.lib : strchr.obj (.text)
                  0030216b    00000009     rtdxfp.lib : intr_tgt.o28FP (.text:_RTDX_Mask_IER)
                  00302174    00000009     rts2800_fpu32.lib : _lock.obj (.text)
                  0030217d    00000008     DSP2833x_CodeStartBranch.obj (.text)
                  00302185    00000008     rts2800_fpu32.lib : strlen.obj (.text)
                  0030218d    00000006     rtdxfp.lib : intr_tgt.o28FP (.text:_RTDX_Set_IER)
                  00302193    00000005     bios.a28FP : tsk_stup.o28FP (.text:_unlock2)
                  00302198    00000005     rts2800_fpu32.lib : strcpy.obj (.text)

.bios      0    0030219d    00000db4     
                  0030219d    0000017d     bios.a28FP : swi.o28FP (.bios)
                  0030231a    0000015e     lnkrtdx.a28FP : rtdx.o28FP (.bios)
                  00302478    00000129     bios.a28FP : hwi_disp_asm.o28FP (.bios)
                  003025a1    0000009e                : clk_run.o28FP (.bios)
                  0030263f    0000009c                : rtdx_isr.o28FP (.bios)
                  003026db    00000097                : prd.o28FP (.bios)
                  00302772    00000097                : rta.o28FP (.bios)
                  00302809    00000093                : sem_pend.o28FP (.bios:_SEM_pendEnterKnl)
                  0030289c    0000008d                : mem_allo.o28FP (.bios:.near:_MEM_alloc)
                  00302929    00000088                : knl_run.o28FP (.bios:_KNL_run)
                  003029b1    00000077                : knl_tick.o28FP (.bios:__KNL_doTick)
                  00302a28    0000006d                : tsk_setu.o28FP (.bios:_TSK_setup)
                  00302a95    00000063                : tsk_exit.o28FP (.bios:_TSK_exit)
                  00302af8    00000063                : sem_dopo.o28FP (.bios:__SEM_dopost)
                  00302b5b    00000060                : pip.o28FP (.bios)
                  00302bbb    00000041                : knl_swit.o28FP (.bios)
                  00302bfc    00000035                : clk.o28FP (.bios)
                  00302c31    00000034                : sem_post_asm.o28FP (.bios)
                  00302c65    00000033                : knl_chec.o28FP (.bios)
                  00302c98    00000032                : idl_cal.o28FP (.bios)
                  00302cca    00000028                : tsk_stup.o28FP (.bios:_TSK_startup)
                  00302cf2    00000028                : clk_isr.o28FP (.bios)
                  00302d1a    00000023                : sem_post.o28FP (.bios:_SEM_postEnterKnl)
                  00302d3d    00000022                : knl_ipos.o28FP (.bios:_KNL_ipost)
                  00302d5f    00000021                : sys_exit.o28FP (.bios:_SYS_exit)
                  00302d80    00000020                : sts.o28FP (.bios)
                  00302da0    0000001f                : knl_exit.o28FP (.bios:_KNL_enter)
                  00302dbf    0000001f                : tsk_stup.o28FP (.bios:_lock)
                  00302dde    0000001f                : sem_pend_counting.o28FP (.bios)
                  00302dfd    0000001e                : log.o28FP (.bios)
                  00302e1b    0000001c                : lck.o28FP (.bios:_LCK_pend)
                  00302e37    0000001a                : tsk_yiel.o28FP (.bios:_TSK_yield)
                  00302e51    0000001a                : idl_busy.o28FP (.bios)
                  00302e6b    00000016                : knl_post.o28FP (.bios:_KNL_post)
                  00302e81    00000014                : rta_andn.o28FP (.bios)
                  00302e95    00000012                : fxn.o28FP (.bios)
                  00302ea7    00000012                : que_get.o28FP (.bios)
                  00302eb9    00000011                : tsk_yiel.o28FP (.bios:__TSK_doYield)
                  00302eca    00000010                : utl_doab.o28FP (.bios:_UTL_doAbort)
                  00302eda    00000010                : utl_doer.o28FP (.bios:_UTL_doError)
                  00302eea    0000000e                : lck.o28FP (.bios:_LCK_post)
                  00302ef8    0000000c                : knl_exit.o28FP (.bios:_KNL_exit)
                  00302f04    0000000c                : utl_putc.o28FP (.bios:_UTL_doPutc)
                  00302f10    0000000a                : hwi_c.o28FP (.bios)
                  00302f1a    00000009                : sys_erro.o28FP (.bios:.near:_SYS_error)
                  00302f23    00000009                : sys_abor.o28FP (.bios:_SYS_abort)
                  00302f2c    00000009                : idl_stub.o28FP (.bios)
                  00302f35    00000006                : idl.o28FP (.bios)
                  00302f3b    00000005                : knl_tick.o28FP (.bios:_KNL_tick)
                  00302f40    00000005                : tsk_stup.o28FP (.bios:_unlock)
                  00302f45    00000005                : log_event.o28FP (.bios)
                  00302f4a    00000003                : utl_halt.o28FP (.bios:_UTL_halt)
                  00302f4d    00000003                : gbl_vers.o28FP (.bios)
                  00302f50    00000001                : fxn_c.o28FP (.bios:_FXN_F_nop)

.cinit     0    00302f51    00000856     
                  00302f51    000003d6     gigous_kuo_lab4cfg.obj (.cinit)
                  00303327    0000016e     user_gigous_kuo_lab4.obj (.cinit)
                  00303495    000000a5     bios.a28FP : biosdata.o28FP (.cinit)
                  0030353a    000000a0                : knl.o28FP (.cinit)
                  003035da    00000065     i2c.obj (.cinit)
                  0030363f    0000003c     28335_mcbsp.obj (.cinit)
                  0030367b    0000002e     bios.a28FP : tsk_stup.o28FP (.cinit)
                  003036a9    0000002c                : tsk.o28FP (.cinit)
                  003036d5    00000024     28335_spi.obj (.cinit)
                  003036f9    00000019     bios.a28FP : rta.o28FP (.cinit)
                  00303712    00000017     rtdxfp.lib : buffer1.o28FP (.cinit)
                  00303729    0000000f     bios.a28FP : utl_putc.o28FP (.cinit)
                  00303738    0000000c     28335_pwm.obj (.cinit)
                  00303744    0000000b     bios.a28FP : knl_tick.o28FP (.cinit)
                  0030374f    0000000b                : tsk_yiel.o28FP (.cinit)
                  0030375a    0000000a                : sys.o28FP (.cinit)
                  00303764    0000000a     rts2800_fpu32.lib : _lock.obj (.cinit)
                  0030376e    0000000a                       : exit.obj (.cinit)
                  00303778    00000009     lnkrtdx.a28FP : rtdx.o28FP (.cinit)
                  00303781    00000008     28335_inits.obj (.cinit)
                  00303789    00000008     rts2800_fpu32.lib : atexit.obj (.cinit)
                  00303791    00000005     bios.a28FP : idl_busy.o28FP (.cinit)
                  00303796    00000005                : knl_swit.o28FP (.cinit)
                  0030379b    00000005     lcd.obj (.cinit)
                  003037a0    00000005     rts2800_fpu32.lib : sinit.obj (.cinit)
                  003037a5    00000002     --HOLE-- [fill = 0]

.rtdx_text 
*          0    003037a7    00000312     
                  003037a7    000000cd     rtdxfp.lib : buffer1.o28FP (.rtdx_text:_RTDX_write_next)
                  00303874    0000009d                : buffer1.o28FP (.rtdx_text:_RTDX_Buffer_WriteCB)
                  00303911    00000053                : rtdx_mon.o28FP (.rtdx_text:_RTDX_Poll)
                  00303964    00000046                : rtdx_mon.o28FP (.rtdx_text:_StartXFer)
                  003039aa    00000042                : buffer1.o28FP (.rtdx_text:_claim)
                  003039ec    00000037                : rtdx_mon.o28FP (.rtdx_text:_RTDX_Mon_Queue)
                  00303a23    00000030                : rtdx_mon.o28FP (.rtdx_text:_RTDX_Init_RT_Monitor)
                  00303a53    00000017                : buffer1.o28FP (.rtdx_text:_RTDX_Buffer_Initialize)
                  00303a6a    00000014                : buffer2.o28FP (.rtdx_text:_RTDX_Buffer_ReadCB)
                  00303a7e    0000000d                : rtdx_mon.o28FP (.rtdx_text:_RTDX_Final_RT_Monitor)
                  00303a8b    0000000c                : buffer1.o28FP (.rtdx_text:_RTDX_Buffer_Size)
                  00303a97    00000009                : rtdx_mon.o28FP (.rtdx_text:_Allow_EmuAccess)
                  00303aa0    00000009                : buffer2.o28FP (.rtdx_text:_RTDX_Buffer_Read)
                  00303aa9    00000007                : buffer1.o28FP (.rtdx_text:_RTDX_Buffer_Write)
                  00303ab0    00000006                : rtdx_mon.o28FP (.rtdx_text:_Wait)
                  00303ab6    00000003                : rtdx_mon.o28FP (.rtdx_text:_Disallow_EmuAccess)

.econst    0    00303aba    000001cf     
                  00303aba    00000101     rts2800_fpu32.lib : ctype.obj (.econst:.string:__ctypes_)
                  00303bbb    00000001     --HOLE-- [fill = 0]
                  00303bbc    0000004f     bios.a28FP : tsk_stup.o28FP (.econst)
                  00303c0b    00000001     --HOLE-- [fill = 0]
                  00303c0c    00000023                : utl_doab.o28FP (.econst)
                  00303c2f    00000001     --HOLE-- [fill = 0]
                  00303c30    00000022                : utl_doer.o28FP (.econst)
                  00303c52    0000001b     i2c.obj (.econst:.string)
                  00303c6d    00000001     --HOLE-- [fill = 0]
                  00303c6e    00000012     rtdxfp.lib : rtdx_mon.o28FP (.econst)
                  00303c80    00000004     bios.a28FP : mem_allo.o28FP (.econst)
                  00303c84    00000004     rtdxfp.lib : buffer1.o28FP (.econst)
                  00303c88    00000001     bios.a28FP : tsk.o28FP (.econst)

.sysinit   0    00303c89    0000018f     
                  00303c89    000000c0     gigous_kuo_lab4cfg.obj (.sysinit)
                  00303d49    0000005e     bios.a28FP : boot.o28FP (.sysinit)
                  00303da7    0000004e                : mem_init.o28FP (.sysinit:_MEM_init)
                  00303df5    00000023                : tsk_init.o28FP (.sysinit:_TSK_init)

.printf    0    00303c89    000000c4     COPY SECTION
                  00303c89    000000c4     gigous_kuo_lab4cfg.obj (.printf)

.trcdata   0    00303e18    00000003     RUN ADDR = 0000826e
                  00303e18    00000003     gigous_kuo_lab4cfg.obj (.trcdata)

.gblinit   0    00303e1b    00000021     
                  00303e1b    00000021     gigous_kuo_lab4cfg.obj (.gblinit)

.switch    0    00303e3c    0000001e     
                  00303e3c    0000001e     smallprintf.obj (.switch:_vsprintf)

.pinit     0    00303e5a    00000006     
                  00303e5a    00000002     rtdxfp.lib : buffer1.o28FP (.pinit)
                  00303e5c    00000002                : rtdx_mon.o28FP (.pinit)
                  00303e5e    00000002     --HOLE-- [fill = 0]

csm_rsvd   0    0033ff80    00000076     
                  0033ff80    00000076     DSP2833x_CSMPasswords.obj (csm_rsvd)

codestart 
*          0    0033fff6    00000002     
                  0033fff6    00000002     DSP2833x_CodeStartBranch.obj (codestart)

csmpasswds 
*          0    0033fff8    00000008     
                  0033fff8    00000008     DSP2833x_CSMPasswords.obj (csmpasswds)

.adc_cal   0    00380080    00000007     NOLOAD SECTION
                  00380080    00000007     DSP2833x_ADC_cal.obj (.adc_cal)

.log       1    00000002    00000014     UNINITIALIZED
                  00000002    00000014     gigous_kuo_lab4cfg.obj (.log)

.trace$buf 
*          1    00000040    00000040     UNINITIALIZED
                  00000040    00000040     gigous_kuo_lab4cfg.obj (.trace$buf)

.LOG_system$buf 
*          1    00000080    00000080     UNINITIALIZED
                  00000080    00000080     gigous_kuo_lab4cfg.obj (.LOG_system$buf)

DevEmuRegsFile 
*          1    00000880    000000d0     UNINITIALIZED
                  00000880    000000d0     DSP2833x_GlobalVariableDefs.obj (DevEmuRegsFile)

FlashRegsFile 
*          1    00000a80    00000008     UNINITIALIZED
                  00000a80    00000008     DSP2833x_GlobalVariableDefs.obj (FlashRegsFile)

CsmRegsFile 
*          1    00000ae0    00000010     UNINITIALIZED
                  00000ae0    00000010     DSP2833x_GlobalVariableDefs.obj (CsmRegsFile)

AdcMirrorFile 
*          1    00000b00    00000010     UNINITIALIZED
                  00000b00    00000010     DSP2833x_GlobalVariableDefs.obj (AdcMirrorFile)

XintfRegsFile 
*          1    00000b20    0000001e     UNINITIALIZED
                  00000b20    0000001e     DSP2833x_GlobalVariableDefs.obj (XintfRegsFile)

CpuTimer0RegsFile 
*          1    00000c00    00000008     UNINITIALIZED
                  00000c00    00000008     DSP2833x_GlobalVariableDefs.obj (CpuTimer0RegsFile)

CpuTimer1RegsFile 
*          1    00000c08    00000008     UNINITIALIZED
                  00000c08    00000008     DSP2833x_GlobalVariableDefs.obj (CpuTimer1RegsFile)

CpuTimer2RegsFile 
*          1    00000c10    00000008     UNINITIALIZED
                  00000c10    00000008     DSP2833x_GlobalVariableDefs.obj (CpuTimer2RegsFile)

PieCtrlRegsFile 
*          1    00000ce0    0000001a     UNINITIALIZED
                  00000ce0    0000001a     DSP2833x_GlobalVariableDefs.obj (PieCtrlRegsFile)

DmaRegsFile 
*          1    00001000    000000e0     UNINITIALIZED
                  00001000    000000e0     DSP2833x_GlobalVariableDefs.obj (DmaRegsFile)

McbspaRegsFile 
*          1    00005000    00000025     UNINITIALIZED
                  00005000    00000025     DSP2833x_GlobalVariableDefs.obj (McbspaRegsFile)

McbspbRegsFile 
*          1    00005040    00000025     UNINITIALIZED
                  00005040    00000025     DSP2833x_GlobalVariableDefs.obj (McbspbRegsFile)

ECanaRegsFile 
*          1    00006000    00000034     UNINITIALIZED
                  00006000    00000034     DSP2833x_GlobalVariableDefs.obj (ECanaRegsFile)

ECanaLAMRegsFile 
*          1    00006040    00000040     UNINITIALIZED
                  00006040    00000040     DSP2833x_GlobalVariableDefs.obj (ECanaLAMRegsFile)

ECanaMOTSRegsFile 
*          1    00006080    00000040     UNINITIALIZED
                  00006080    00000040     DSP2833x_GlobalVariableDefs.obj (ECanaMOTSRegsFile)

ECanaMOTORegsFile 
*          1    000060c0    00000040     UNINITIALIZED
                  000060c0    00000040     DSP2833x_GlobalVariableDefs.obj (ECanaMOTORegsFile)

ECanaMboxesFile 
*          1    00006100    00000100     UNINITIALIZED
                  00006100    00000100     DSP2833x_GlobalVariableDefs.obj (ECanaMboxesFile)

ECanbRegsFile 
*          1    00006200    00000034     UNINITIALIZED
                  00006200    00000034     DSP2833x_GlobalVariableDefs.obj (ECanbRegsFile)

ECanbLAMRegsFile 
*          1    00006240    00000040     UNINITIALIZED
                  00006240    00000040     DSP2833x_GlobalVariableDefs.obj (ECanbLAMRegsFile)

ECanbMOTSRegsFile 
*          1    00006280    00000040     UNINITIALIZED
                  00006280    00000040     DSP2833x_GlobalVariableDefs.obj (ECanbMOTSRegsFile)

ECanbMOTORegsFile 
*          1    000062c0    00000040     UNINITIALIZED
                  000062c0    00000040     DSP2833x_GlobalVariableDefs.obj (ECanbMOTORegsFile)

ECanbMboxesFile 
*          1    00006300    00000100     UNINITIALIZED
                  00006300    00000100     DSP2833x_GlobalVariableDefs.obj (ECanbMboxesFile)

EPwm1RegsFile 
*          1    00006800    00000022     UNINITIALIZED
                  00006800    00000022     DSP2833x_GlobalVariableDefs.obj (EPwm1RegsFile)

EPwm2RegsFile 
*          1    00006840    00000022     UNINITIALIZED
                  00006840    00000022     DSP2833x_GlobalVariableDefs.obj (EPwm2RegsFile)

EPwm3RegsFile 
*          1    00006880    00000022     UNINITIALIZED
                  00006880    00000022     DSP2833x_GlobalVariableDefs.obj (EPwm3RegsFile)

EPwm4RegsFile 
*          1    000068c0    00000022     UNINITIALIZED
                  000068c0    00000022     DSP2833x_GlobalVariableDefs.obj (EPwm4RegsFile)

EPwm5RegsFile 
*          1    00006900    00000022     UNINITIALIZED
                  00006900    00000022     DSP2833x_GlobalVariableDefs.obj (EPwm5RegsFile)

EPwm6RegsFile 
*          1    00006940    00000022     UNINITIALIZED
                  00006940    00000022     DSP2833x_GlobalVariableDefs.obj (EPwm6RegsFile)

ECap1RegsFile 
*          1    00006a00    00000020     UNINITIALIZED
                  00006a00    00000020     DSP2833x_GlobalVariableDefs.obj (ECap1RegsFile)

ECap2RegsFile 
*          1    00006a20    00000020     UNINITIALIZED
                  00006a20    00000020     DSP2833x_GlobalVariableDefs.obj (ECap2RegsFile)

ECap3RegsFile 
*          1    00006a40    00000020     UNINITIALIZED
                  00006a40    00000020     DSP2833x_GlobalVariableDefs.obj (ECap3RegsFile)

ECap4RegsFile 
*          1    00006a60    00000020     UNINITIALIZED
                  00006a60    00000020     DSP2833x_GlobalVariableDefs.obj (ECap4RegsFile)

ECap5RegsFile 
*          1    00006a80    00000020     UNINITIALIZED
                  00006a80    00000020     DSP2833x_GlobalVariableDefs.obj (ECap5RegsFile)

ECap6RegsFile 
*          1    00006aa0    00000020     UNINITIALIZED
                  00006aa0    00000020     DSP2833x_GlobalVariableDefs.obj (ECap6RegsFile)

EQep1RegsFile 
*          1    00006b00    00000040     UNINITIALIZED
                  00006b00    00000040     DSP2833x_GlobalVariableDefs.obj (EQep1RegsFile)

EQep2RegsFile 
*          1    00006b40    00000040     UNINITIALIZED
                  00006b40    00000040     DSP2833x_GlobalVariableDefs.obj (EQep2RegsFile)

GpioCtrlRegsFile 
*          1    00006f80    0000002e     UNINITIALIZED
                  00006f80    0000002e     DSP2833x_GlobalVariableDefs.obj (GpioCtrlRegsFile)

GpioDataRegsFile 
*          1    00006fc0    00000020     UNINITIALIZED
                  00006fc0    00000020     DSP2833x_GlobalVariableDefs.obj (GpioDataRegsFile)

GpioIntRegsFile 
*          1    00006fe0    0000000a     UNINITIALIZED
                  00006fe0    0000000a     DSP2833x_GlobalVariableDefs.obj (GpioIntRegsFile)

SysCtrlRegsFile 
*          1    00007010    00000020     UNINITIALIZED
                  00007010    00000020     DSP2833x_GlobalVariableDefs.obj (SysCtrlRegsFile)

SpiaRegsFile 
*          1    00007040    00000010     UNINITIALIZED
                  00007040    00000010     DSP2833x_GlobalVariableDefs.obj (SpiaRegsFile)

SciaRegsFile 
*          1    00007050    00000010     UNINITIALIZED
                  00007050    00000010     DSP2833x_GlobalVariableDefs.obj (SciaRegsFile)

XIntruptRegsFile 
*          1    00007070    00000010     UNINITIALIZED
                  00007070    00000010     DSP2833x_GlobalVariableDefs.obj (XIntruptRegsFile)

AdcRegsFile 
*          1    00007100    0000001e     UNINITIALIZED
                  00007100    0000001e     DSP2833x_GlobalVariableDefs.obj (AdcRegsFile)

ScibRegsFile 
*          1    00007750    00000010     UNINITIALIZED
                  00007750    00000010     DSP2833x_GlobalVariableDefs.obj (ScibRegsFile)

ScicRegsFile 
*          1    00007770    00000010     UNINITIALIZED
                  00007770    00000010     DSP2833x_GlobalVariableDefs.obj (ScicRegsFile)

I2caRegsFile 
*          1    00007900    00000022     UNINITIALIZED
                  00007900    00000022     DSP2833x_GlobalVariableDefs.obj (I2caRegsFile)

.bss       1    00009000    00000000     UNINITIALIZED

.stack     1    00009000    00000c00     UNINITIALIZED
                  00009000    00000c00     --HOLE--

.ebss      1    00009c00    00000702     UNINITIALIZED
                  00009c00    00000208     28335_serial.obj (.ebss)
                  00009e08    00000028     bios.a28FP : tsk_stup.o28FP (.ebss)
                  00009e30    00000008                : knl_tick.o28FP (.ebss)
                  00009e38    00000008                : tsk_yiel.o28FP (.ebss)
                  00009e40    00000100     28335_ecan.obj (.ebss)
                  00009f40    00000100     rts2800_fpu32.lib : atexit.obj (.ebss)
                  0000a040    000000d0     user_gigous_kuo_lab4.obj (.ebss)
                  0000a110    00000020     bios.a28FP : tsk.o28FP (.ebss)
                  0000a130    00000006                : utl_putc.o28FP (.ebss)
                  0000a136    00000006     rtdxfp.lib : buffer1.o28FP (.ebss)
                  0000a13c    00000004     bios.a28FP : clk_data.o28FP (.ebss)
                  0000a140    00000090                : knl.o28FP (.ebss)
                  0000a1d0    00000018     DSP2833x_CpuTimers.obj (.ebss)
                  0000a1e8    00000016     28335_mcbsp.obj (.ebss)
                  0000a1fe    00000002     28335_inits.obj (.ebss)
                  0000a200    00000080     i2c.obj (.ebss)
                  0000a280    00000043     gigous_kuo_lab4cfg.obj (.ebss)
                  0000a2c3    00000001     --HOLE--
                  0000a2c4    00000016     28335_spi.obj (.ebss)
                  0000a2da    00000014     bios.a28FP : sys.o28FP (.ebss)
                  0000a2ee    00000004     rts2800_fpu32.lib : _lock.obj (.ebss)
                  0000a2f2    00000004                       : exit.obj (.ebss)
                  0000a2f6    00000003     28335_pwm.obj (.ebss)
                  0000a2f9    00000001     --HOLE--
                  0000a2fa    00000002     bios.a28FP : clk_data2.o28FP (.ebss)
                  0000a2fc    00000002                : mem_asm.o28FP (.ebss)
                  0000a2fe    00000002     lcd.obj (.ebss)
                  0000a300    00000002     rts2800_fpu32.lib : sinit.obj (.ebss)

.TSK_I2C$stk 
*          1    0000a302    00000400     UNINITIALIZED
                  0000a302    00000400     gigous_kuo_lab4cfg.obj (.TSK_I2C$stk)

.TSK_atmelcompass$stk 
*          1    0000a702    00000400     UNINITIALIZED
                  0000a702    00000400     gigous_kuo_lab4cfg.obj (.TSK_atmelcompass$stk)

.hwi_disp_sec 
*          1    0000ab02    00000301     UNINITIALIZED
                  0000ab02    00000301     bios.a28FP : hwi_disp_asm.o28FP (.hwi_disp_sec)

.L1SARAM$heap 
*          1    0000ae03    00000200     UNINITIALIZED
                  0000ae03    00000200     --HOLE--

.mem       1    0000b003    00000001     UNINITIALIZED
                  0000b003    00000001     gigous_kuo_lab4cfg.obj (.mem)

.TSK_idle$stk 
*          1    0000b004    00000200     UNINITIALIZED
                  0000b004    00000200     gigous_kuo_lab4cfg.obj (.TSK_idle$stk)

.trace     1    0000b204    00000200     
                  0000b204    00000200     --HOLE-- [fill = 0000]

.rtdx_data 
*          1    0000b404    00000124     UNINITIALIZED
                  0000b404    00000102     gigous_kuo_lab4cfg.obj (.rtdx_data)
                  0000b506    00000010     rtdxfp.lib : buffer1.o28FP (.rtdx_data)
                  0000b516    0000000e                : rtdx_mon.o28FP (.rtdx_data)
                  0000b524    00000004     bios.a28FP : rtdx_data.o28FP (.rtdx_data)

.sysdata   1    0000b528    000000c0     UNINITIALIZED
                  0000b528    000000a2     bios.a28FP : biosdata.o28FP (.sysdata)
                  0000b5ca    00000016                : rta.o28FP (.sysdata)
                  0000b5e0    00000006     lnkrtdx.a28FP : rtdx.o28FP (.sysdata)
                  0000b5e6    00000002     bios.a28FP : idl_busy.o28FP (.sysdata)

.prd       1    0000b5e8    0000000c     UNINITIALIZED
                  0000b5e8    0000000c     gigous_kuo_lab4cfg.obj (.prd)

.hst1      1    0000b5f4    00000008     UNINITIALIZED
                  0000b5f4    00000008     gigous_kuo_lab4cfg.obj (.hst1)

.args      1    0000b5fc    00000004     
                  0000b5fc    00000004     --HOLE-- [fill = 0]

.tsk       1    0000b600    000000aa     UNINITIALIZED
                  0000b600    000000aa     gigous_kuo_lab4cfg.obj (.tsk)

.idl       1    0000b6aa    00000008     UNINITIALIZED
                  0000b6aa    00000008     gigous_kuo_lab4cfg.obj (.idl)

.idlcal    1    0000b6b2    00000008     UNINITIALIZED
                  0000b6b2    00000008     gigous_kuo_lab4cfg.obj (.idlcal)

.clk       1    0000b6ba    00000004     UNINITIALIZED
                  0000b6ba    00000004     gigous_kuo_lab4cfg.obj (.clk)

.pip       1    0000b6c0    00000080     UNINITIALIZED
                  0000b6c0    00000080     gigous_kuo_lab4cfg.obj (.pip)

.hst0      1    0000b740    00000040     UNINITIALIZED
                  0000b740    00000040     gigous_kuo_lab4cfg.obj (.hst0)

.sts       1    0000b780    00000040     UNINITIALIZED
                  0000b780    00000040     gigous_kuo_lab4cfg.obj (.sts)

.swi       1    0000b7c0    0000003c     UNINITIALIZED
                  0000b7c0    0000003c     gigous_kuo_lab4cfg.obj (.swi)

.sem       1    0000b800    0000002c     UNINITIALIZED
                  0000b800    0000002c     gigous_kuo_lab4cfg.obj (.sem)

.hst       1    0000b82c    0000001e     UNINITIALIZED
                  0000b82c    0000001e     gigous_kuo_lab4cfg.obj (.hst)

.que       1    0000b84a    00000008     UNINITIALIZED
                  0000b84a    00000008     gigous_kuo_lab4cfg.obj (.que)

.sys       1    0000b852    00000008     UNINITIALIZED
                  0000b852    00000008     gigous_kuo_lab4cfg.obj (.sys)

.dmaram    1    0000fe00    0000008e     UNINITIALIZED
                  0000fe00    0000008e     28335_mcbsp.obj (.dmaram)

CsmPwlFile 
*          1    003f7ff8    00000008     UNINITIALIZED
                  003f7ff8    00000008     DSP2833x_GlobalVariableDefs.obj (CsmPwlFile)


GLOBAL DATA SYMBOLS: SORTED BY DATA PAGE

address     data page           name
--------    ----------------    ----
00000002       0 (00000000)     LOG_system
0000000c       0 (00000000)     trace

00000040       1 (00000040)     trace$buf

00000080       2 (00000080)     LOG_system$buf

00000880      22 (00000880)     _DevEmuRegs

00000a80      2a (00000a80)     _FlashRegs

00000ae0      2b (00000ac0)     _CsmRegs

00000b00      2c (00000b00)     _AdcMirror
00000b20      2c (00000b00)     _XintfRegs

00000c00      30 (00000c00)     _CpuTimer0Regs
00000c08      30 (00000c00)     _CpuTimer1Regs
00000c10      30 (00000c00)     _CpuTimer2Regs

00000ce0      33 (00000cc0)     _PieCtrlRegs

00000d00      34 (00000d00)     _PieVectTable
00000d00      34 (00000d00)     hwi0
00000d02      34 (00000d00)     hwi1
00000d04      34 (00000d00)     hwi2
00000d06      34 (00000d00)     hwi3
00000d08      34 (00000d00)     hwi4
00000d0a      34 (00000d00)     hwi5
00000d0c      34 (00000d00)     hwi6
00000d0e      34 (00000d00)     hwi7
00000d10      34 (00000d00)     hwi8
00000d12      34 (00000d00)     hwi9
00000d14      34 (00000d00)     hwi10
00000d16      34 (00000d00)     hwi11
00000d18      34 (00000d00)     hwi12
00000d1a      34 (00000d00)     hwi13
00000d1c      34 (00000d00)     hwi14
00000d1e      34 (00000d00)     hwi15
00000d20      34 (00000d00)     hwi16
00000d22      34 (00000d00)     hwi17
00000d24      34 (00000d00)     hwi18
00000d26      34 (00000d00)     hwi19
00000d28      34 (00000d00)     hwi20
00000d2a      34 (00000d00)     hwi21
00000d2c      34 (00000d00)     hwi22
00000d2e      34 (00000d00)     hwi23
00000d30      34 (00000d00)     hwi24
00000d32      34 (00000d00)     hwi25
00000d34      34 (00000d00)     hwi26
00000d36      34 (00000d00)     hwi27
00000d38      34 (00000d00)     hwi28
00000d3a      34 (00000d00)     hwi29
00000d3c      34 (00000d00)     hwi30
00000d3e      34 (00000d00)     hwi31

00000d40      35 (00000d40)     hwi32
00000d42      35 (00000d40)     hwi33
00000d44      35 (00000d40)     hwi34
00000d46      35 (00000d40)     hwi35
00000d48      35 (00000d40)     hwi36
00000d4a      35 (00000d40)     hwi37
00000d4c      35 (00000d40)     hwi38
00000d4e      35 (00000d40)     hwi39
00000d50      35 (00000d40)     hwi40
00000d52      35 (00000d40)     hwi41
00000d54      35 (00000d40)     hwi42
00000d56      35 (00000d40)     hwi43
00000d58      35 (00000d40)     hwi44
00000d5a      35 (00000d40)     hwi45
00000d5c      35 (00000d40)     hwi46
00000d5e      35 (00000d40)     hwi47
00000d60      35 (00000d40)     hwi48
00000d62      35 (00000d40)     hwi49
00000d64      35 (00000d40)     hwi50
00000d66      35 (00000d40)     hwi51
00000d68      35 (00000d40)     hwi52
00000d6a      35 (00000d40)     hwi53
00000d6c      35 (00000d40)     hwi54
00000d6e      35 (00000d40)     hwi55
00000d70      35 (00000d40)     hwi56
00000d72      35 (00000d40)     hwi57
00000d74      35 (00000d40)     hwi58
00000d76      35 (00000d40)     hwi59
00000d78      35 (00000d40)     hwi60
00000d7a      35 (00000d40)     hwi61
00000d7c      35 (00000d40)     hwi62
00000d7e      35 (00000d40)     hwi63

00000d80      36 (00000d80)     hwi64
00000d82      36 (00000d80)     hwi65
00000d84      36 (00000d80)     hwi66
00000d86      36 (00000d80)     hwi67
00000d88      36 (00000d80)     hwi68
00000d8a      36 (00000d80)     hwi69
00000d8c      36 (00000d80)     hwi70
00000d8e      36 (00000d80)     hwi71
00000d90      36 (00000d80)     hwi72
00000d92      36 (00000d80)     hwi73
00000d94      36 (00000d80)     hwi74
00000d96      36 (00000d80)     hwi75
00000d98      36 (00000d80)     hwi76
00000d9a      36 (00000d80)     hwi77
00000d9c      36 (00000d80)     hwi78
00000d9e      36 (00000d80)     hwi79
00000da0      36 (00000d80)     hwi80
00000da2      36 (00000d80)     hwi81
00000da4      36 (00000d80)     hwi82
00000da6      36 (00000d80)     hwi83
00000da8      36 (00000d80)     hwi84
00000daa      36 (00000d80)     hwi85
00000dac      36 (00000d80)     hwi86
00000dae      36 (00000d80)     hwi87
00000db0      36 (00000d80)     hwi88
00000db2      36 (00000d80)     hwi89
00000db4      36 (00000d80)     hwi90
00000db6      36 (00000d80)     hwi91
00000db8      36 (00000d80)     hwi92
00000dba      36 (00000d80)     hwi93
00000dbc      36 (00000d80)     hwi94
00000dbe      36 (00000d80)     hwi95

00000dc0      37 (00000dc0)     hwi96
00000dc2      37 (00000dc0)     hwi97
00000dc4      37 (00000dc0)     hwi98
00000dc6      37 (00000dc0)     hwi99
00000dc8      37 (00000dc0)     hwi100
00000dca      37 (00000dc0)     hwi101
00000dcc      37 (00000dc0)     hwi102
00000dce      37 (00000dc0)     hwi103
00000dd0      37 (00000dc0)     hwi104
00000dd2      37 (00000dc0)     hwi105
00000dd4      37 (00000dc0)     hwi106
00000dd6      37 (00000dc0)     hwi107
00000dd8      37 (00000dc0)     hwi108
00000dda      37 (00000dc0)     hwi109
00000ddc      37 (00000dc0)     hwi110
00000dde      37 (00000dc0)     hwi111
00000de0      37 (00000dc0)     hwi112
00000de2      37 (00000dc0)     hwi113
00000de4      37 (00000dc0)     hwi114
00000de6      37 (00000dc0)     hwi115
00000de8      37 (00000dc0)     hwi116
00000dea      37 (00000dc0)     hwi117
00000dec      37 (00000dc0)     hwi118
00000dee      37 (00000dc0)     hwi119
00000df0      37 (00000dc0)     hwi120
00000df2      37 (00000dc0)     hwi121
00000df4      37 (00000dc0)     hwi122
00000df6      37 (00000dc0)     hwi123
00000df8      37 (00000dc0)     hwi124
00000dfa      37 (00000dc0)     hwi125
00000dfc      37 (00000dc0)     hwi126
00000dfe      37 (00000dc0)     hwi127

00001000      40 (00001000)     _DmaRegs

00005000     140 (00005000)     _McbspaRegs

00005040     141 (00005040)     _McbspbRegs

00006000     180 (00006000)     _ECanaRegs

00006040     181 (00006040)     _ECanaLAMRegs

00006080     182 (00006080)     _ECanaMOTSRegs

000060c0     183 (000060c0)     _ECanaMOTORegs

00006100     184 (00006100)     _ECanaMboxes

00006200     188 (00006200)     _ECanbRegs

00006240     189 (00006240)     _ECanbLAMRegs

00006280     18a (00006280)     _ECanbMOTSRegs

000062c0     18b (000062c0)     _ECanbMOTORegs

00006300     18c (00006300)     _ECanbMboxes

00006800     1a0 (00006800)     _EPwm1Regs

00006840     1a1 (00006840)     _EPwm2Regs

00006880     1a2 (00006880)     _EPwm3Regs

000068c0     1a3 (000068c0)     _EPwm4Regs

00006900     1a4 (00006900)     _EPwm5Regs

00006940     1a5 (00006940)     _EPwm6Regs

00006a00     1a8 (00006a00)     _ECap1Regs
00006a20     1a8 (00006a00)     _ECap2Regs

00006a40     1a9 (00006a40)     _ECap3Regs
00006a60     1a9 (00006a40)     _ECap4Regs

00006a80     1aa (00006a80)     _ECap5Regs
00006aa0     1aa (00006a80)     _ECap6Regs

00006b00     1ac (00006b00)     _EQep1Regs

00006b40     1ad (00006b40)     _EQep2Regs

00006f80     1be (00006f80)     _GpioCtrlRegs

00006fc0     1bf (00006fc0)     _GpioDataRegs
00006fe0     1bf (00006fc0)     _GpioIntRegs

00007010     1c0 (00007000)     _SysCtrlRegs

00007040     1c1 (00007040)     _SpiaRegs
00007050     1c1 (00007040)     _SciaRegs
00007070     1c1 (00007040)     _XIntruptRegs

00007100     1c4 (00007100)     _AdcRegs

00007750     1dd (00007740)     _ScibRegs
00007770     1dd (00007740)     _ScicRegs

00007900     1e4 (00007900)     _I2caRegs

0000826e     209 (00008240)     TRC_cinit
0000826f     209 (00008240)     TRC_R_mask
0000826f     209 (00008240)     _TRC_R_mask
00008270     209 (00008240)     GBL_initdone

00009000     240 (00009000)     __stack

00009c00     270 (00009c00)     _SerialB

00009cc0     273 (00009cc0)     _SerialA

00009d80     276 (00009d80)     _SerialC

00009e08     278 (00009e00)     __TSK_mutex
00009e1c     278 (00009e00)     __MEM_mutex

00009f41     27d (00009f40)     ___atexit_func_id__

0000a040     281 (0000a040)     _raw_adc_B2
0000a041     281 (0000a040)     _raw_adc_B1
0000a042     281 (0000a040)     _raw_adc_B3
0000a043     281 (0000a040)     _newF28335_Extra
0000a044     281 (0000a040)     _switchstate
0000a045     281 (0000a040)     _raw_adc_B4
0000a046     281 (0000a040)     _raw_adc_B7
0000a047     281 (0000a040)     _raw_adc_B6
0000a048     281 (0000a040)     _raw_adc_A3
0000a049     281 (0000a040)     _raw_adc_A1
0000a04a     281 (0000a040)     _raw_adc_A4
0000a04b     281 (0000a040)     _raw_adc_A2
0000a04c     281 (0000a040)     _raw_adc_A7
0000a04d     281 (0000a040)     _raw_adc_A6
0000a04e     281 (0000a040)     _raw_adc_B0
0000a04f     281 (0000a040)     _raw_adc_A0
0000a050     281 (0000a040)     _raw_adc_B5
0000a051     281 (0000a040)     _raw_adc_A5
0000a052     281 (0000a040)     _float_adc_A1
0000a054     281 (0000a040)     _float_adc_A2
0000a056     281 (0000a040)     _float_adc_A0
0000a058     281 (0000a040)     _omap_turn
0000a05a     281 (0000a040)     _omap_pwm1
0000a05c     281 (0000a040)     _omap_vref
0000a05e     281 (0000a040)     _float_adc_B6
0000a060     281 (0000a040)     _float_adc_B7
0000a062     281 (0000a040)     _value_enc1
0000a064     281 (0000a040)     _value_enc2
0000a066     281 (0000a040)     _omap_dac2
0000a068     281 (0000a040)     _omap_pwm2
0000a06a     281 (0000a040)     _omap_dac1
0000a06c     281 (0000a040)     _float_adc_A7
0000a06e     281 (0000a040)     _float_adc_B0
0000a070     281 (0000a040)     _float_adc_A6
0000a072     281 (0000a040)     _float_adc_A4
0000a074     281 (0000a040)     _float_adc_A5
0000a076     281 (0000a040)     _float_adc_B4
0000a078     281 (0000a040)     _float_adc_B5
0000a07a     281 (0000a040)     _float_adc_B3
0000a07c     281 (0000a040)     _float_adc_B1
0000a07e     281 (0000a040)     _float_adc_B2

0000a080     282 (0000a080)     _float_adc_A3
0000a082     282 (0000a080)     _timeint
0000a084     282 (0000a080)     _Enc4_rad
0000a086     282 (0000a080)     _F28335_Extra1
0000a088     282 (0000a080)     _Enc2_rad
0000a08a     282 (0000a080)     _F28335_Extra3
0000a08c     282 (0000a080)     _F28335_Extra4
0000a08e     282 (0000a080)     _Enc3_rad
0000a090     282 (0000a080)     _gyro_x
0000a092     282 (0000a080)     _noi2c
0000a094     282 (0000a080)     _Enc1_rad
0000a096     282 (0000a080)     _gyro_y
0000a098     282 (0000a080)     _F28335_Extra2
0000a09a     282 (0000a080)     _enc1
0000a0a4     282 (0000a080)     _enc2
0000a0ae     282 (0000a080)     _B

0000a0c0     283 (0000a0c0)     _y
0000a0d0     283 (0000a0c0)     _a
0000a0e0     283 (0000a0c0)     _x
0000a0f0     283 (0000a0c0)     _A

0000a100     284 (0000a100)     _b
0000a110     284 (0000a100)     _TSK_pid
0000a111     284 (0000a100)     _TSK_nTasks
0000a112     284 (0000a100)     _TSK_ATTRS
0000a120     284 (0000a100)     _TSK_timerSem
0000a136     284 (0000a100)     _rtdxNullChanCnt
0000a137     284 (0000a100)     _rtdxNullFuncCnt
0000a13c     284 (0000a100)     _CLK_D_microseconds
0000a13e     284 (0000a100)     _CLK_DFLTMICROSECS

0000a140     285 (0000a140)     _KNL_curtime
0000a141     285 (0000a140)     _KNL_wFlag
0000a142     285 (0000a140)     _KNL_set
0000a144     285 (0000a140)     _KNL_maxqueue
0000a146     285 (0000a140)     _KNL_swiptr
0000a148     285 (0000a140)     _KNL_curqueue
0000a14a     285 (0000a140)     _KNL_treadyfxn
0000a14c     285 (0000a140)     _KNL_idlefxn
0000a14e     285 (0000a140)     _KNL_tcreatefxn
0000a150     285 (0000a140)     _KNL_tdeletefxn
0000a152     285 (0000a140)     _KNL_tswitchfxn
0000a154     285 (0000a140)     _KNL_setpri
0000a156     285 (0000a140)     _KNL_inactive
0000a158     285 (0000a140)     _KNL_wList
0000a15a     285 (0000a140)     _KNL_alarm
0000a15c     285 (0000a140)     _KNL_curtask
0000a15e     285 (0000a140)     _KNL_prevtask
0000a160     285 (0000a140)     _KNL_priority
0000a162     285 (0000a140)     _KNL_dummy

0000a180     286 (0000a180)     _KNL_queues

0000a1d0     287 (0000a1c0)     _CpuTimer1
0000a1d8     287 (0000a1c0)     _CpuTimer2
0000a1e0     287 (0000a1c0)     _CpuTimer0
0000a1e8     287 (0000a1c0)     _PIVEL_enable
0000a1e9     287 (0000a1c0)     _nocomm
0000a1ea     287 (0000a1c0)     _McBSPB_rdy
0000a1eb     287 (0000a1c0)     _McBSP_RecGoodData_ReadyTX
0000a1ec     287 (0000a1c0)     _newOMAPdata
0000a1ee     287 (0000a1c0)     _McBSP_COMerr
0000a1f0     287 (0000a1c0)     _mcbsp_turn
0000a1f2     287 (0000a1c0)     _mcbsp_vref
0000a1f4     287 (0000a1c0)     _mcbsp_dac2
0000a1f6     287 (0000a1c0)     _McBSPb_int_count
0000a1f8     287 (0000a1c0)     _mcbsp_pwm2
0000a1fa     287 (0000a1c0)     _mcbsp_dac1
0000a1fc     287 (0000a1c0)     _mcbsp_pwm1
0000a1fe     287 (0000a1c0)     _McBSPb_read2
0000a1ff     287 (0000a1c0)     _McBSPb_read1

0000a200     288 (0000a200)     _I2Cbusy
0000a201     288 (0000a200)     _adc6_i2c
0000a202     288 (0000a200)     _Atmel_RC4
0000a203     288 (0000a200)     _Atmel_RC5
0000a204     288 (0000a200)     _CompassNew
0000a205     288 (0000a200)     _atmelIRs_err
0000a206     288 (0000a200)     _Atmel_RC6
0000a207     288 (0000a200)     _ir1_i2c
0000a208     288 (0000a200)     _adc4_i2c
0000a209     288 (0000a200)     _ir5_i2c
0000a20a     288 (0000a200)     _adc1_i2c
0000a20b     288 (0000a200)     _adc3_i2c
0000a20c     288 (0000a200)     _ir3_i2c
0000a20d     288 (0000a200)     _ir2_i2c
0000a20e     288 (0000a200)     _ir4_i2c
0000a20f     288 (0000a200)     _adc5_i2c
0000a210     288 (0000a200)     _adc2_i2c
0000a211     288 (0000a200)     _adc8_i2c
0000a212     288 (0000a200)     _Atmel_RC2
0000a213     288 (0000a200)     _Atmel_RC3
0000a214     288 (0000a200)     _Atmel_RC1
0000a215     288 (0000a200)     _adc7_i2c
0000a216     288 (0000a200)     _getIRs_err
0000a217     288 (0000a200)     _getI2C_err
0000a218     288 (0000a200)     _new_irdata_i2c
0000a21a     288 (0000a200)     _task_state
0000a21c     288 (0000a200)     _Compassbuff

0000a240     289 (0000a240)     _I2Ctxbuffer

0000a280     28a (0000a280)     _MEM_memtab
0000a286     28a (0000a280)     __HOOK_knlId
0000a287     28a (0000a280)     L1SARAM
0000a288     28a (0000a280)     RTA_fromHost$pipe$dtab
0000a290     28a (0000a280)     RTA_toHost$pipe$dtab
0000a296     28a (0000a280)     _OBJ_table
0000a2b2     28a (0000a280)     TSK_config

0000a2c0     28b (0000a2c0)     _TSK
0000a2c2     28b (0000a2c0)     __HOOK_NUMHOOKS
0000a2c4     28b (0000a2c0)     _SPIenc_state_errors
0000a2c5     28b (0000a2c0)     _SPIenc_state
0000a2c6     28b (0000a2c0)     _dac2data
0000a2c7     28b (0000a2c0)     _dac1data
0000a2c8     28b (0000a2c0)     _SPIenc1_reading
0000a2ca     28b (0000a2c0)     _SPIbyte5
0000a2cc     28b (0000a2c0)     _SPIenc3_reading
0000a2ce     28b (0000a2c0)     _SPIenc2_reading
0000a2d0     28b (0000a2c0)     _SPIenc4_reading
0000a2d2     28b (0000a2c0)     _SPIbyte2
0000a2d4     28b (0000a2c0)     _SPIbyte1
0000a2d6     28b (0000a2c0)     _SPIbyte4
0000a2d8     28b (0000a2c0)     _SPIbyte3
0000a2da     28b (0000a2c0)     _SYS_exitStackPtr
0000a2dc     28b (0000a2c0)     _SYS_exitStackTop
0000a2de     28b (0000a2c0)     _SYS_exitStack
0000a2ee     28b (0000a2c0)     __unlock
0000a2f0     28b (0000a2c0)     __lock
0000a2f2     28b (0000a2c0)     ___TI_cleanup_ptr
0000a2f4     28b (0000a2c0)     ___TI_dtors_ptr
0000a2f6     28b (0000a2c0)     _PWM4setupasRCservo
0000a2f7     28b (0000a2c0)     _PWM3setupasRCservo
0000a2f8     28b (0000a2c0)     _PWM5setupasRCservo
0000a2fa     28b (0000a2c0)     _CLK_htimePerLtime
0000a2fc     28b (0000a2c0)     _MEM
0000a2fe     28b (0000a2c0)     _LCD_serial

0000a302     28c (0000a300)     TSK_I2C$stack
0000a302     28c (0000a300)     TSK_I2C$stkptr

0000a702     29c (0000a700)     TSK_atmelcompass$stack
0000a702     29c (0000a700)     TSK_atmelcompass$stkptr

0000ab02     2ac (0000ab00)     _HWI_dispatchTab

0000ae02     2b8 (0000ae00)     _HWI_D_intrNum

0000b004     2c0 (0000b000)     TSK_idle$stack
0000b004     2c0 (0000b000)     TSK_idle$stkptr

0000b404     2d0 (0000b400)     _RTDX_Buffer

0000b506     2d4 (0000b500)     _RTDX_writing
0000b508     2d4 (0000b500)     _rtdx_buffer_state
0000b516     2d4 (0000b500)     _rtdx_mon_state
0000b524     2d4 (0000b500)     _RTDX_Buffer_End
0000b526     2d4 (0000b500)     _RTDX_Buffer_Start
0000b528     2d4 (0000b500)     C28_BIOSDATAOBJ
0000b528     2d4 (0000b500)     _GBL_procId
0000b52a     2d4 (0000b500)     _GBL_clkIn
0000b52c     2d4 (0000b500)     _GBL_freq
0000b52e     2d4 (0000b500)     _CLK_htimeDiv
0000b530     2d4 (0000b500)     _CLK_htimeMult
0000b532     2d4 (0000b500)     _CLK_ltimeDiv
0000b534     2d4 (0000b500)     _CLK_ltimeMult
0000b536     2d4 (0000b500)     _CLK_D_dirty
0000b538     2d4 (0000b500)     _CLK_D_prd
0000b53a     2d4 (0000b500)     _CLK_D_tddr
0000b53c     2d4 (0000b500)     _CLK_D_countspms
0000b53e     2d4 (0000b500)     CLK_D_idletime

0000b540     2d5 (0000b540)     CLK_D_isrhook
0000b542     2d5 (0000b540)     CLK_D_tabbeg
0000b544     2d5 (0000b540)     CLK_D_timefxn
0000b546     2d5 (0000b540)     CLK_R_timh
0000b547     2d5 (0000b540)     CLK_R_timl
0000b548     2d5 (0000b540)     HST_D_chanmask
0000b54a     2d5 (0000b540)     IDL_D_calbeg
0000b54c     2d5 (0000b540)     IDL_D_calibrate
0000b54e     2d5 (0000b540)     IDL_D_tabbeg
0000b550     2d5 (0000b540)     LOG_D_system
0000b550     2d5 (0000b540)     _LOG_D_system
0000b552     2d5 (0000b540)     PIP_D_tabbeg
0000b554     2d5 (0000b540)     PIP_D_tablen
0000b556     2d5 (0000b540)     PRD_D_cur
0000b558     2d5 (0000b540)     PRD_D_elapsed
0000b559     2d5 (0000b540)     PRD_D_prevtim
0000b55a     2d5 (0000b540)     PRD_D_scalar
0000b55c     2d5 (0000b540)     PRD_D_swihandle
0000b55e     2d5 (0000b540)     PRD_D_tabbeg
0000b560     2d5 (0000b540)     PRD_D_tablen
0000b562     2d5 (0000b540)     PRD_D_thook
0000b564     2d5 (0000b540)     PRD_D_tickh
0000b565     2d5 (0000b540)     PRD_D_tickl
0000b565     2d5 (0000b540)     _PRD_D_tick
0000b566     2d5 (0000b540)     SWI_D_runaddr
0000b566     2d5 (0000b540)     _SWI_data
0000b568     2d5 (0000b540)     SWI_D_execaddr
0000b56a     2d5 (0000b540)     SWI_D_curmask
0000b56a     2d5 (0000b540)     _SWI_D_curmask
0000b56b     2d5 (0000b540)     SWI_D_curset
0000b56c     2d5 (0000b540)     SWI_D_lock
0000b56c     2d5 (0000b540)     _SWI_D_lock
0000b56d     2d5 (0000b540)     SWI_D_curmbox
0000b56e     2d5 (0000b540)     SWI_D_curfxn
0000b56e     2d5 (0000b540)     _SWI_D_curfxn
0000b570     2d5 (0000b540)     SWI_D_rdybeg
0000b570     2d5 (0000b540)     _SWI_D_rdybeg
0000b572     2d5 (0000b540)     SWI_D_rdytab

0000b5ae     2d6 (0000b580)     SWI_D_inswi
0000b5ae     2d6 (0000b580)     _SWI_D_inswi
0000b5af     2d6 (0000b580)     HWI_D_spsave
0000b5af     2d6 (0000b580)     _HWI_D_spsave
0000b5af     2d6 (0000b580)     _HWI_data
0000b5b0     2d6 (0000b580)     HWI_D_stkbottomaddr
0000b5b2     2d6 (0000b580)     HWI_D_stktopaddr
0000b5b4     2d6 (0000b580)     HWI_D_inhwi
0000b5b4     2d6 (0000b580)     _HWI_D_inhwi
0000b5b5     2d6 (0000b580)     _MEM_D_NUMSEGMENTS
0000b5b6     2d6 (0000b580)     _MEM_D_memtab
0000b5b8     2d6 (0000b580)     _MEM_D_freelist
0000b5ba     2d6 (0000b580)     _MEM_D_lockaddr
0000b5bc     2d6 (0000b580)     _MEM_D_unlockaddr
0000b5be     2d6 (0000b580)     _SYS

0000b5c0     2d7 (0000b5c0)     HST_D_tabbegaddr
0000b5c2     2d7 (0000b5c0)     HST_D_tabendaddr
0000b5c4     2d7 (0000b5c0)     RTDX_D_BufRead
0000b5c6     2d7 (0000b5c0)     RTDX_D_BufWrite
0000b5c8     2d7 (0000b5c0)     RTDX_D_Poll
0000b5ca     2d7 (0000b5c0)     RTA_D_fromHost
0000b5cc     2d7 (0000b5c0)     RTA_D_toHost
0000b5ce     2d7 (0000b5c0)     RTA_D_logval
0000b5d8     2d7 (0000b5c0)     RTA_D_stsval
0000b5e0     2d7 (0000b5c0)     LNKCTRL
0000b5e0     2d7 (0000b5c0)     LNK_D_fromHostMask
0000b5e1     2d7 (0000b5c0)     LNK_D_dataReadyMask
0000b5e2     2d7 (0000b5c0)     LNK_D_readPend
0000b5e3     2d7 (0000b5c0)     LNK_D_readDone
0000b5e4     2d7 (0000b5c0)     LNK_D_readFail
0000b5e5     2d7 (0000b5c0)     LNK_D_writeFail
0000b5e6     2d7 (0000b5c0)     IDL_D_busyObj
0000b5e8     2d7 (0000b5c0)     PRD_StartADC
0000b5f2     2d7 (0000b5c0)     PRD_StartADC$aaa
0000b5f4     2d7 (0000b5c0)     RTA_fromHost$buf

0000b600     2d8 (0000b600)     TSK_idle$obj
0000b606     2d8 (0000b600)     TSK_idle

0000b640     2d9 (0000b640)     TSK_I2C$obj
0000b646     2d9 (0000b640)     TSK_I2C

0000b680     2da (0000b680)     TSK_atmelcompass$obj
0000b686     2da (0000b680)     TSK_atmelcompass
0000b6aa     2da (0000b680)     IDL_cpuLoad
0000b6ac     2da (0000b680)     LNK_dataPump
0000b6ae     2da (0000b680)     RTA_dispatcher
0000b6b0     2da (0000b680)     IDL_END
0000b6b2     2da (0000b680)     IDL_cpuLoad$
0000b6b4     2da (0000b680)     LNK_dataPump$
0000b6b6     2da (0000b680)     RTA_dispatcher$
0000b6b8     2da (0000b680)     IDL_END$
0000b6ba     2da (0000b680)     PRD_clock
0000b6bc     2da (0000b680)     CLK_NULL

0000b6c0     2db (0000b6c0)     RTA_fromHost$pipe
0000b6c2     2db (0000b6c0)     RTA_fromHost$pipe$rd
0000b6c4     2db (0000b6c0)     RTA_fromHost$pipe$rdaddr
0000b6c6     2db (0000b6c0)     RTA_fromHost$pipe$rdsize
0000b6c8     2db (0000b6c0)     RTA_fromHost$pipe$rdcurdesc
0000b6d8     2db (0000b6c0)     RTA_fromHost$pipe$rdstshdl
0000b6da     2db (0000b6c0)     RTA_fromHost$pipe$wr
0000b6dc     2db (0000b6c0)     RTA_fromHost$pipe$wraddr
0000b6de     2db (0000b6c0)     RTA_fromHost$pipe$wrsize
0000b6e0     2db (0000b6c0)     RTA_fromHost$pipe$wrcurdesc
0000b6f0     2db (0000b6c0)     RTA_fromHost$pipe$wrstshdl

0000b700     2dc (0000b700)     RTA_toHost$pipe
0000b702     2dc (0000b700)     RTA_toHost$pipe$rd
0000b704     2dc (0000b700)     RTA_toHost$pipe$rdaddr
0000b706     2dc (0000b700)     RTA_toHost$pipe$rdsize
0000b708     2dc (0000b700)     RTA_toHost$pipe$rdcurdesc
0000b718     2dc (0000b700)     RTA_toHost$pipe$rdstshdl
0000b71a     2dc (0000b700)     RTA_toHost$pipe$wr
0000b71c     2dc (0000b700)     RTA_toHost$pipe$wraddr
0000b71e     2dc (0000b700)     RTA_toHost$pipe$wrsize
0000b720     2dc (0000b700)     RTA_toHost$pipe$wrcurdesc
0000b730     2dc (0000b700)     RTA_toHost$pipe$wrstshdl

0000b740     2dd (0000b740)     RTA_toHost$buf

0000b780     2de (0000b780)     PRD_StartADC$sts$stsobj
0000b782     2de (0000b780)     PRD_StartADC$sts
0000b788     2de (0000b780)     KNL_swi$sts$stsobj
0000b78a     2de (0000b780)     KNL_swi$sts
0000b790     2de (0000b780)     PRD_swi$sts$stsobj
0000b792     2de (0000b780)     PRD_swi$sts
0000b798     2de (0000b780)     SWI_control$sts$stsobj
0000b79a     2de (0000b780)     SWI_control$sts
0000b7a0     2de (0000b780)     TSK_idle$sts$stsobj
0000b7a2     2de (0000b780)     TSK_idle$sts
0000b7a8     2de (0000b780)     TSK_I2C$sts$stsobj
0000b7aa     2de (0000b780)     TSK_I2C$sts
0000b7b0     2de (0000b780)     TSK_atmelcompass$sts$stsobj
0000b7b2     2de (0000b780)     TSK_atmelcompass$sts
0000b7b8     2de (0000b780)     IDL_busyObj$stsobj
0000b7ba     2de (0000b780)     IDL_busyObj

0000b7c0     2df (0000b7c0)     KNL_swi
0000b7d4     2df (0000b7c0)     PRD_SWIHANDLE
0000b7d4     2df (0000b7c0)     PRD_swi
0000b7e8     2df (0000b7c0)     SWI_control

0000b806     2e0 (0000b800)     SEM_atmel_rcservo
0000b81c     2e0 (0000b800)     SEM_I2CSendStrmsg_rdy
0000b82e     2e0 (0000b800)     RTA_fromHost
0000b832     2e0 (0000b800)     RTA_fromHost$rtdx
0000b83c     2e0 (0000b800)     RTA_toHost

0000b840     2e1 (0000b840)     RTA_toHost$rtdx
0000b84a     2e1 (0000b840)     I2CSendStrfreeQueue
0000b84e     2e1 (0000b840)     I2CSendStrmsgQueue
0000b852     2e1 (0000b840)     SYS$config

0000fe00     3f8 (0000fe00)     _RXBuff

0000fe40     3f9 (0000fe40)     _TXBuff

00303aba    c0ea (00303a80)     __ctypes_

00303c6e    c0f1 (00303c40)     _DataLogDMAId
00303c70    c0f1 (00303c40)     _DataLogDMACtl
00303c72    c0f1 (00303c40)     _DataLogDMAHigh
00303c76    c0f1 (00303c40)     _DataLogDMALow
00303c7a    c0f1 (00303c40)     _MsgBaseHigh
00303c7c    c0f1 (00303c40)     _MsgBaseLow
00303c7e    c0f1 (00303c40)     _StatBase

00303c89    c0f2 (00303c80)     PRD_StartADC$sts$maxfmt
00303c92    c0f2 (00303c80)     PRD_StartADC$sts$sumfmt
00303c9b    c0f2 (00303c80)     PRD_StartADC$sts$avgfmt
00303ca6    c0f2 (00303c80)     KNL_swi$sts$maxfmt
00303cae    c0f2 (00303c80)     KNL_swi$sts$sumfmt
00303cb6    c0f2 (00303c80)     KNL_swi$sts$avgfmt

00303cc0    c0f3 (00303cc0)     PRD_swi$sts$maxfmt
00303cc8    c0f3 (00303cc0)     PRD_swi$sts$sumfmt
00303cd0    c0f3 (00303cc0)     PRD_swi$sts$avgfmt
00303cda    c0f3 (00303cc0)     SWI_control$sts$maxfmt
00303ce2    c0f3 (00303cc0)     SWI_control$sts$sumfmt
00303cea    c0f3 (00303cc0)     SWI_control$sts$avgfmt
00303cf4    c0f3 (00303cc0)     TSK_idle$sts$maxfmt
00303cfc    c0f3 (00303cc0)     TSK_idle$sts$sumfmt

00303d04    c0f4 (00303d00)     TSK_idle$sts$avgfmt
00303d0e    c0f4 (00303d00)     TSK_I2C$sts$maxfmt
00303d16    c0f4 (00303d00)     TSK_I2C$sts$sumfmt
00303d1e    c0f4 (00303d00)     TSK_I2C$sts$avgfmt
00303d28    c0f4 (00303d00)     TSK_atmelcompass$sts$maxfmt
00303d30    c0f4 (00303d00)     TSK_atmelcompass$sts$sumfmt
00303d38    c0f4 (00303d00)     TSK_atmelcompass$sts$avgfmt

00303d42    c0f5 (00303d40)     IDL_busyObj$maxfmt
00303d45    c0f5 (00303d40)     IDL_busyObj$sumfmt
00303d48    c0f5 (00303d40)     IDL_busyObj$avgfmt

003f7ff8    fdff (003f7fc0)     _CsmPwl


GLOBAL SYMBOLS: SORTED ALPHABETICALLY BY Name 

address    name
--------   ----
00009000   .bss
00300000   .data
0030036e   .text
ffffffff   BEGIN_FLASH
ffffffff   BEGIN_M0
00000014   BIOSDATA_O_CLK_D_COUNTSPMS
0000000e   BIOSDATA_O_CLK_D_DIRTY
00000016   BIOSDATA_O_CLK_D_IDLETIME
00000018   BIOSDATA_O_CLK_D_ISRHOOK
00000010   BIOSDATA_O_CLK_D_PRD
0000001a   BIOSDATA_O_CLK_D_TABBEG
00000012   BIOSDATA_O_CLK_D_TDDR
0000001c   BIOSDATA_O_CLK_D_TIMEFXN
00000006   BIOSDATA_O_CLK_HTIMEDIV
00000008   BIOSDATA_O_CLK_HTIMEMULT
0000000a   BIOSDATA_O_CLK_LTIMEDIV
0000000c   BIOSDATA_O_CLK_LTIMEMULT
0000001e   BIOSDATA_O_CLK_R_TIMH
0000001f   BIOSDATA_O_CLK_R_TIML
00000002   BIOSDATA_O_GBL_CLKIN
00000004   BIOSDATA_O_GBL_FREQ
00000000   BIOSDATA_O_GBL_PROCID
00000020   BIOSDATA_O_HST_D_CHANMASK
00000088   BIOSDATA_O_HWI_D_STKBOTTOMADDR
0000008a   BIOSDATA_O_HWI_D_STKTOPADDR
00000022   BIOSDATA_O_IDL_D_CALBEG
00000024   BIOSDATA_O_IDL_D_CALIBRATE
00000026   BIOSDATA_O_IDL_D_TABBEG
00000028   BIOSDATA_O_LOG_D_SYSTEM
00000090   BIOSDATA_O_MEM_D_FREELIST
00000092   BIOSDATA_O_MEM_D_LOCKADDR
0000008e   BIOSDATA_O_MEM_D_MEMTAB
0000008d   BIOSDATA_O_MEM_D_NUMSEGMENTS
00000094   BIOSDATA_O_MEM_D_UNLOCKADDR
0000002a   BIOSDATA_O_PIP_D_TABBEG
0000002c   BIOSDATA_O_PIP_D_TABLEN
0000002e   BIOSDATA_O_PRD_D_CUR
00000030   BIOSDATA_O_PRD_D_ELAPSED
00000031   BIOSDATA_O_PRD_D_PREVTIM
00000032   BIOSDATA_O_PRD_D_SCALAR
00000034   BIOSDATA_O_PRD_D_SWIHANDLE
00000036   BIOSDATA_O_PRD_D_TABBEG
00000038   BIOSDATA_O_PRD_D_TABLEN
0000003a   BIOSDATA_O_PRD_D_THOOK
0000003c   BIOSDATA_O_PRD_D_TICKH
0000003d   BIOSDATA_O_PRD_D_TICKL
00000046   BIOSDATA_O_SWI_D_CURFXN
00000042   BIOSDATA_O_SWI_D_CURMASK
00000045   BIOSDATA_O_SWI_D_CURMBOX
00000043   BIOSDATA_O_SWI_D_CURSET
00000040   BIOSDATA_O_SWI_D_EXECADDR
00000044   BIOSDATA_O_SWI_D_LOCK
00000048   BIOSDATA_O_SWI_D_RDYBEG
0000004a   BIOSDATA_O_SWI_D_RDYTAB
0000003e   BIOSDATA_O_SWI_D_RUNADDR
00000096   BIOSDATA_O_SYS
00303c89   BIOS_init
00303d10   BIOS_start
ffffffff   BOOTROM
00000000   BUF$
00000001   BUF_ENABLED
0000b528   C28_BIOSDATAOBJ
00000001   CLK$
0000b6ba   CLK_A_TABBEG
00000001   CLK_CALDIV
00000001   CLK_CALMULT
0000c350   CLK_COUNTSPMS
00000000   CLK_COUNTSPMSHIGH
0000b53e   CLK_D_idletime
0000b540   CLK_D_isrhook
0000b542   CLK_D_tabbeg
0000b544   CLK_D_timefxn
00000000   CLK_FREERUN
00302bfc   CLK_F_getfhtime
00302c04   CLK_F_gethtime
00302c25   CLK_F_getltime
00302c04   CLK_F_getshtime
00302cf2   CLK_F_isr
00302c29   CLK_F_itime
003025a1   CLK_F_run
003025a1   CLK_HOOKFXN
00000001   CLK_HTIMEDIV
00000003   CLK_HTIMEMULT
0000c350   CLK_HTIMEPERLTIME
00000001   CLK_LTIMEDIV
000249f0   CLK_LTIMEMULT
000003e8   CLK_MICROSECS
0000b6bc   CLK_NULL
0000c34f   CLK_PRD
00000000   CLK_PRDHIGH
00000c10   CLK_REGS
0000b546   CLK_R_timh
0000b547   CLK_R_timl
00000022   CLK_TCR
00000002   CLK_TDDR
00000000   CLK_TDDRHIGH
00302c04   CLK_TIMEFXN
00000000   CLK_TIMERNUM
00000001   CLK_USETIMER
ffffffff   CSM_RSVD
00000000   DEV$
00000000   DGN$
00000000   DHL$
00000000   DHL_gChannelsAvailable
00000000   DIO$
00000000   DIO_NUMSWIBASE
00000000   DIO_NUMTSKBASE
00000000   DIO_STATIC
00000000   DPI$
ffffffff   END_BOOTROM
ffffffff   FLASH_A
ffffffff   FLASH_BCD
ffffffff   FPUTABLES
00301e5c   FS$$DIV
00302e95   FXN_F_nop
00302e96   FXN_F_run
00302ea6   FXN_F_selfLoop
00302ea4   FXN_F_zero
00000001   GBL$
00005205   GBL_A_VERSION
00000000   GBL_CALLCSLCFGINIT
00007530   GBL_CLKIN
00006e8c   GBL_DSPSUBTYPE
0000001c   GBL_DSPTYPE
00000001   GBL_ENABLEINST
00000042   GBL_FOOTPRINT
000249f0   GBL_FREQ
00000001   GBL_LARGEMODEL
00000001   GBL_MODIFYPLLCR
00000000   GBL_NULL
0000000a   GBL_PLLCR
00000002   GBL_PLLDIV
00000002   GBL_PLLSTS
00020000   GBL_PLLWAITCYCLE
00000000   GBL_PROCID
00000000   GBL_ROM
00000000   GBL_SUPPORTCSL
0000dbef   GBL_TRCMASKVALUE
00000001   GBL_USERINIT
00301f76   GBL_USERINITFXN
00302f50   GBL_USERLIMPMODEABORTFXN
00000001   GBL_boot
00008270   GBL_initdone
00009000   GBL_stackbeg
00009bff   GBL_stackend
00000000   GIO$
00302f50   GIO_CREATEFXN
00302f50   GIO_DELETEFXN
00302f50   GIO_PENDFXN
00302f50   GIO_POSTFXN
00000000   HOOK$
00000000   HOOK_KNLID
00000001   HST$
0000b82c   HST_A_TABBEG
0000b84a   HST_A_TABEND
00000000   HST_DSM
0000a287   HST_DSMBUFSEG
00000400   HST_DSMMEMSIZE
0000b548   HST_D_chanmask
0000b5c0   HST_D_tabbegaddr
0000b5c2   HST_D_tabendaddr
000000ff   HST_MAXFRAMEALLOWED
00000040   HST_MAXFRAMESET
00000000   HST_NONE
00000001   HST_RTDX
00000001   HWI$
0000000f   HWI_DLOG
00000000   HWI_DLOG$hwi
0000b5b4   HWI_D_inhwi
0000b5af   HWI_D_spsave
0000b5b0   HWI_D_stkbottomaddr
0000b5b2   HWI_D_stktopaddr
0030247f   HWI_F_dispatch
00000013   HWI_ILLEGAL
00000000   HWI_ILLEGAL$hwi
00000001   HWI_INT1
00000000   HWI_INT1$hwi
0000000a   HWI_INT10
00000000   HWI_INT10$hwi
0000000b   HWI_INT11
00000000   HWI_INT11$hwi
0000000c   HWI_INT12
00000000   HWI_INT12$hwi
0000000d   HWI_INT13
00000000   HWI_INT13$hwi
00000002   HWI_INT2
00000000   HWI_INT2$hwi
00000003   HWI_INT3
00000000   HWI_INT3$hwi
00000004   HWI_INT4
00000000   HWI_INT4$hwi
00000005   HWI_INT5
00000000   HWI_INT5$hwi
00000006   HWI_INT6
00000000   HWI_INT6$hwi
00000007   HWI_INT7
00000000   HWI_INT7$hwi
00000008   HWI_INT8
00000000   HWI_INT8$hwi
00000009   HWI_INT9
00000000   HWI_INT9$hwi
00000012   HWI_NMI
00000000   HWI_NMI$hwi
00000001   HWI_PIESELECT
00000011   HWI_RESERVED
00000000   HWI_RESERVED$hwi
00000000   HWI_RESET
00000000   HWI_RESET$hwi
00000010   HWI_RTOS
00000000   HWI_RTOS$hwi
0000000e   HWI_TINT
00000000   HWI_TINT$hwi
00000014   HWI_USER1
00000000   HWI_USER1$hwi
0000001d   HWI_USER10
00000000   HWI_USER10$hwi
0000001e   HWI_USER11
00000000   HWI_USER11$hwi
0000001f   HWI_USER12
00000000   HWI_USER12$hwi
00000015   HWI_USER2
00000000   HWI_USER2$hwi
00000016   HWI_USER3
00000000   HWI_USER3$hwi
00000017   HWI_USER4
00000000   HWI_USER4$hwi
00000018   HWI_USER5
00000000   HWI_USER5$hwi
00000019   HWI_USER6
00000000   HWI_USER6$hwi
0000001a   HWI_USER7
00000000   HWI_USER7$hwi
0000001b   HWI_USER8
00000000   HWI_USER8$hwi
0000001c   HWI_USER9
00000000   HWI_USER9$hwi
00000001   HWI_VMAPSELECT
0000b84a   I2CSendStrfreeQueue
0000b84e   I2CSendStrmsgQueue
00000001   IDL$
0000b6b2   IDL_A_CALBEG
0000b6aa   IDL_A_TABBEG
00000000   IDL_CALIBRERROR
00302f2c   IDL_CALIBRFXN
0000b5e6   IDL_D_busyObj
0000b54a   IDL_D_calbeg
0000b54c   IDL_D_calibrate
0000b54e   IDL_D_tabbeg
0000b6b0   IDL_END
0000b6b8   IDL_END$
00302e51   IDL_F_busy
00302c98   IDL_F_calibrate
00302e5d   IDL_F_init
00302f35   IDL_F_loop
00302f2c   IDL_F_stub
00000001   IDL_USECLKIDLTIME
0000b7ba   IDL_busyObj
00303d48   IDL_busyObj$avgfmt
00000001   IDL_busyObj$filter
00000001   IDL_busyObj$iA
00000000   IDL_busyObj$iB
00000001   IDL_busyObj$iC
00303d42   IDL_busyObj$maxfmt
00000000   IDL_busyObj$operation
0000b7b8   IDL_busyObj$stsobj
00303d45   IDL_busyObj$sumfmt
00000002   IDL_busyObj$unittype
0000b6aa   IDL_cpuLoad
0000b6b2   IDL_cpuLoad$
00302bd8   KNL_glue
0000b7c0   KNL_swi
00000001   KNL_swi$dorta
00000000   KNL_swi$ord
00000000   KNL_swi$pri
0000b78a   KNL_swi$sts
00303cb6   KNL_swi$sts$avgfmt
00000002   KNL_swi$sts$filter
00000001   KNL_swi$sts$filtmaxmult
00000001   KNL_swi$sts$filtsummult
00303ca6   KNL_swi$sts$maxfmt
0000b788   KNL_swi$sts$stsobj
00303cae   KNL_swi$sts$sumfmt
00000000   KNL_swi$sts$unittype
00000000   KNL_swi$swi
00302be2   KNL_tick_stub
00302052   L$$DIV
00302061   L$$MOD
ffffffff   L0SARAM
0000a287   L1SARAM
0000ae03   L1SARAM$B
00000200   L1SARAM$L
00000001   LCK$
0000b5e0   LNKCTRL
0000b5e1   LNK_D_dataReadyMask
0000b5e0   LNK_D_fromHostMask
0000b5e3   LNK_D_readDone
0000b5e4   LNK_D_readFail
0000b5e2   LNK_D_readPend
0000b5e5   LNK_D_writeFail
0030231b   LNK_F_checkChanEnabled
00302342   LNK_F_dataPump
0030232b   LNK_F_getChanPtr
00302322   LNK_F_getNextChan
0030231a   LNK_F_init
0030246d   LNK_F_readCallBack
0000b6ac   LNK_dataPump
0000b6b4   LNK_dataPump$
003023d3   LNK_newin
00302419   LNK_newout
00302342   LNK_rcloop
00302362   LNK_rdrtry
00302366   LNK_rrloop
00302397   LNK_wrloop
00302393   LNK_wrrtry
00000001   LOG$
00000002   LOG_A_TABBEG
00000016   LOG_A_TABEND
00000002   LOG_A_TABLEN
0000b550   LOG_D_system
00000001   LOG_ENABLED
00302dfd   LOG_F_event
00000002   LOG_system
00000080   LOG_system$buf
00000000   LOG_system$datatype
00000000   LOG_system$log
00000080   LOG_system$size
ffffffff   M0SARAM
ffffffff   M1SARAM
00000000   MBX$
00000001   MEM$
0000a287   MEM_MALLOCSEG
00000000   MEM_NULL
0000a287   MEM_SEGZERO
ffffffff   MEM_forDMA
00000001   MEM_gNumHeap
00000000   MSGQ$
00000000   MSGQ_USEMSGQ
00000000   OBJ$
ffffffff   OTP
ffffffff   PASSWORDS
00000001   PIE$
ffffffff   PIEVECT
00000068   PIE_INT10_1
00000000   PIE_INT10_1$hwi
00000069   PIE_INT10_2
00000000   PIE_INT10_2$hwi
0000006a   PIE_INT10_3
00000000   PIE_INT10_3$hwi
0000006b   PIE_INT10_4
00000000   PIE_INT10_4$hwi
0000006c   PIE_INT10_5
00000000   PIE_INT10_5$hwi
0000006d   PIE_INT10_6
00000000   PIE_INT10_6$hwi
0000006e   PIE_INT10_7
00000000   PIE_INT10_7$hwi
0000006f   PIE_INT10_8
00000000   PIE_INT10_8$hwi
00000070   PIE_INT11_1
00000000   PIE_INT11_1$hwi
00000071   PIE_INT11_2
00000000   PIE_INT11_2$hwi
00000072   PIE_INT11_3
00000000   PIE_INT11_3$hwi
00000073   PIE_INT11_4
00000000   PIE_INT11_4$hwi
00000074   PIE_INT11_5
00000000   PIE_INT11_5$hwi
00000075   PIE_INT11_6
00000000   PIE_INT11_6$hwi
00000076   PIE_INT11_7
00000000   PIE_INT11_7$hwi
00000077   PIE_INT11_8
00000000   PIE_INT11_8$hwi
00000078   PIE_INT12_1
00000000   PIE_INT12_1$hwi
00000079   PIE_INT12_2
00000000   PIE_INT12_2$hwi
0000007a   PIE_INT12_3
00000000   PIE_INT12_3$hwi
0000007b   PIE_INT12_4
00000000   PIE_INT12_4$hwi
0000007c   PIE_INT12_5
00000000   PIE_INT12_5$hwi
0000007d   PIE_INT12_6
00000000   PIE_INT12_6$hwi
0000007e   PIE_INT12_7
00000000   PIE_INT12_7$hwi
0000007f   PIE_INT12_8
00000000   PIE_INT12_8$hwi
00000020   PIE_INT1_1
00000000   PIE_INT1_1$hwi
00000021   PIE_INT1_2
00000000   PIE_INT1_2$hwi
00000022   PIE_INT1_3
00000000   PIE_INT1_3$hwi
00000023   PIE_INT1_4
00000000   PIE_INT1_4$hwi
00000024   PIE_INT1_5
00000000   PIE_INT1_5$hwi
00000025   PIE_INT1_6
00000000   PIE_INT1_6$hwi
00000026   PIE_INT1_7
00000000   PIE_INT1_7$hwi
00000027   PIE_INT1_8
00000000   PIE_INT1_8$hwi
00000028   PIE_INT2_1
00000000   PIE_INT2_1$hwi
00000029   PIE_INT2_2
00000000   PIE_INT2_2$hwi
0000002a   PIE_INT2_3
00000000   PIE_INT2_3$hwi
0000002b   PIE_INT2_4
00000000   PIE_INT2_4$hwi
0000002c   PIE_INT2_5
00000000   PIE_INT2_5$hwi
0000002d   PIE_INT2_6
00000000   PIE_INT2_6$hwi
0000002e   PIE_INT2_7
00000000   PIE_INT2_7$hwi
0000002f   PIE_INT2_8
00000000   PIE_INT2_8$hwi
00000030   PIE_INT3_1
00000000   PIE_INT3_1$hwi
00000031   PIE_INT3_2
00000000   PIE_INT3_2$hwi
00000032   PIE_INT3_3
00000000   PIE_INT3_3$hwi
00000033   PIE_INT3_4
00000000   PIE_INT3_4$hwi
00000034   PIE_INT3_5
00000000   PIE_INT3_5$hwi
00000035   PIE_INT3_6
00000000   PIE_INT3_6$hwi
00000036   PIE_INT3_7
00000000   PIE_INT3_7$hwi
00000037   PIE_INT3_8
00000000   PIE_INT3_8$hwi
00000038   PIE_INT4_1
00000000   PIE_INT4_1$hwi
00000039   PIE_INT4_2
00000000   PIE_INT4_2$hwi
0000003a   PIE_INT4_3
00000000   PIE_INT4_3$hwi
0000003b   PIE_INT4_4
00000000   PIE_INT4_4$hwi
0000003c   PIE_INT4_5
00000000   PIE_INT4_5$hwi
0000003d   PIE_INT4_6
00000000   PIE_INT4_6$hwi
0000003e   PIE_INT4_7
00000000   PIE_INT4_7$hwi
0000003f   PIE_INT4_8
00000000   PIE_INT4_8$hwi
00000040   PIE_INT5_1
00000000   PIE_INT5_1$hwi
00000041   PIE_INT5_2
00000000   PIE_INT5_2$hwi
00000042   PIE_INT5_3
00000000   PIE_INT5_3$hwi
00000043   PIE_INT5_4
00000000   PIE_INT5_4$hwi
00000044   PIE_INT5_5
00000000   PIE_INT5_5$hwi
00000045   PIE_INT5_6
00000000   PIE_INT5_6$hwi
00000046   PIE_INT5_7
00000000   PIE_INT5_7$hwi
00000047   PIE_INT5_8
00000000   PIE_INT5_8$hwi
00000048   PIE_INT6_1
00000000   PIE_INT6_1$hwi
00000049   PIE_INT6_2
00000000   PIE_INT6_2$hwi
0000004a   PIE_INT6_3
00000000   PIE_INT6_3$hwi
0000004b   PIE_INT6_4
00000000   PIE_INT6_4$hwi
0000004c   PIE_INT6_5
00000000   PIE_INT6_5$hwi
0000004d   PIE_INT6_6
00000000   PIE_INT6_6$hwi
0000004e   PIE_INT6_7
00000000   PIE_INT6_7$hwi
0000004f   PIE_INT6_8
00000000   PIE_INT6_8$hwi
00000050   PIE_INT7_1
00000000   PIE_INT7_1$hwi
00000051   PIE_INT7_2
00000000   PIE_INT7_2$hwi
00000052   PIE_INT7_3
00000000   PIE_INT7_3$hwi
00000053   PIE_INT7_4
00000000   PIE_INT7_4$hwi
00000054   PIE_INT7_5
00000000   PIE_INT7_5$hwi
00000055   PIE_INT7_6
00000000   PIE_INT7_6$hwi
00000056   PIE_INT7_7
00000000   PIE_INT7_7$hwi
00000057   PIE_INT7_8
00000000   PIE_INT7_8$hwi
00000058   PIE_INT8_1
00000000   PIE_INT8_1$hwi
00000059   PIE_INT8_2
00000000   PIE_INT8_2$hwi
0000005a   PIE_INT8_3
00000000   PIE_INT8_3$hwi
0000005b   PIE_INT8_4
00000000   PIE_INT8_4$hwi
0000005c   PIE_INT8_5
00000000   PIE_INT8_5$hwi
0000005d   PIE_INT8_6
00000000   PIE_INT8_6$hwi
0000005e   PIE_INT8_7
00000000   PIE_INT8_7$hwi
0000005f   PIE_INT8_8
00000000   PIE_INT8_8$hwi
00000060   PIE_INT9_1
00000000   PIE_INT9_1$hwi
00000061   PIE_INT9_2
00000000   PIE_INT9_2$hwi
00000062   PIE_INT9_3
00000000   PIE_INT9_3$hwi
00000063   PIE_INT9_4
00000000   PIE_INT9_4$hwi
00000064   PIE_INT9_5
00000000   PIE_INT9_5$hwi
00000065   PIE_INT9_6
00000000   PIE_INT9_6$hwi
00000066   PIE_INT9_7
00000000   PIE_INT9_7$hwi
00000067   PIE_INT9_8
00000000   PIE_INT9_8$hwi
00000000   PIP$
0000b6c0   PIP_A_TABBEG
0000b740   PIP_A_TABEND
00000002   PIP_A_TABLEN
0000b552   PIP_D_tabbeg
0000b554   PIP_D_tablen
00302b75   PIP_F_give
00302b74   PIP_F_probe
00302b9e   PIP_F_start
00302b5b   PIP_F_take
00000032   PIP_OBJSIZE
00000000   PIP_gNextId
00000002   PIP_gNumEmbed
00000000   POOL$
00000000   POOL_USEPOOL
00000001   PRD$
0000b5e8   PRD_A_TABBEG
0000b5f4   PRD_A_TABEND
00000001   PRD_A_TABLEN
0000b556   PRD_D_cur
0000b558   PRD_D_elapsed
0000b559   PRD_D_prevtim
0000b55a   PRD_D_scalar
0000b55c   PRD_D_swihandle
0000b55e   PRD_D_tabbeg
0000b560   PRD_D_tablen
0000b562   PRD_D_thook
0000b564   PRD_D_tickh
0000b565   PRD_D_tickl
003026db   PRD_F_swi
0030274a   PRD_F_tick
00000001   PRD_SCALAR
0000b7d4   PRD_SWIHANDLE
0000b5e8   PRD_StartADC
0000b5f2   PRD_StartADC$aaa
00000000   PRD_StartADC$mode
00000002   PRD_StartADC$ord
00000001   PRD_StartADC$period
00000000   PRD_StartADC$prd
0000b782   PRD_StartADC$sts
00303c9b   PRD_StartADC$sts$avgfmt
00000000   PRD_StartADC$sts$filter
00303c89   PRD_StartADC$sts$maxfmt
0000b780   PRD_StartADC$sts$stsobj
00303c92   PRD_StartADC$sts$sumfmt
00000002   PRD_StartADC$sts$unittype
00302be2   PRD_THOOKFXN
0000b6ba   PRD_clock
0000b7d4   PRD_swi
00000001   PRD_swi$dorta
00000000   PRD_swi$ord
00000003   PRD_swi$pri
0000b792   PRD_swi$sts
00303cd0   PRD_swi$sts$avgfmt
00000002   PRD_swi$sts$filter
00000001   PRD_swi$sts$filtmaxmult
00000001   PRD_swi$sts$filtsummult
00303cc0   PRD_swi$sts$maxfmt
0000b790   PRD_swi$sts$stsobj
00303cc8   PRD_swi$sts$sumfmt
00000000   PRD_swi$sts$unittype
00000000   PRD_swi$swi
00000001   QUE$
0000b5ca   RTA_D_fromHost
0000b5ce   RTA_D_logval
0000b5d8   RTA_D_stsval
0000b5cc   RTA_D_toHost
00302e81   RTA_F_andn
003027c9   RTA_F_dispatch
00302772   RTA_F_getlog
00302791   RTA_F_getsts
00302e88   RTA_F_or
003027af   RTA_F_readblk
003027ba   RTA_F_resetmem
003027b8   RTA_F_writeword
0000b6ae   RTA_dispatcher
0000b6b6   RTA_dispatcher$
0000b82e   RTA_fromHost
0000b5f4   RTA_fromHost$buf
00000008   RTA_fromHost$framesize
00000000   RTA_fromHost$hst
00000001   RTA_fromHost$id
00000000   RTA_fromHost$mode
0000b6c0   RTA_fromHost$pipe
0000a288   RTA_fromHost$pipe$dtab
0000b6c2   RTA_fromHost$pipe$rd
0000b6c4   RTA_fromHost$pipe$rdaddr
0000b6c8   RTA_fromHost$pipe$rdcurdesc
0000b6c6   RTA_fromHost$pipe$rdsize
0000b6d8   RTA_fromHost$pipe$rdstshdl
0000b6da   RTA_fromHost$pipe$wr
0000b6dc   RTA_fromHost$pipe$wraddr
0000b6e0   RTA_fromHost$pipe$wrcurdesc
0000b6de   RTA_fromHost$pipe$wrsize
0000b6f0   RTA_fromHost$pipe$wrstshdl
0000b832   RTA_fromHost$rtdx
0000b83c   RTA_toHost
0000b740   RTA_toHost$buf
00000040   RTA_toHost$framesize
00000000   RTA_toHost$hst
00000000   RTA_toHost$id
00000001   RTA_toHost$mode
0000b700   RTA_toHost$pipe
0000a290   RTA_toHost$pipe$dtab
0000b702   RTA_toHost$pipe$rd
0000b704   RTA_toHost$pipe$rdaddr
0000b708   RTA_toHost$pipe$rdcurdesc
0000b706   RTA_toHost$pipe$rdsize
0000b718   RTA_toHost$pipe$rdstshdl
0000b71a   RTA_toHost$pipe$wr
0000b71c   RTA_toHost$pipe$wraddr
0000b720   RTA_toHost$pipe$wrcurdesc
0000b71e   RTA_toHost$pipe$wrsize
0000b730   RTA_toHost$pipe$wrstshdl
0000b840   RTA_toHost$rtdx
00000001   RTDX$
00000102   RTDX_BUFMEMSIZE
0000a287   RTDX_DATAMEMSEG
0000b5c4   RTDX_D_BufRead
0000b5c6   RTDX_D_BufWrite
0000b5c8   RTDX_D_Poll
0030263f   RTDX_F_isr
00000000   RTDX_MODE
00000001   RTDX_USERTDX
00000000   RTDX_USERTEXECUTION
00000001   SEM$
0000b81c   SEM_I2CSendStrmsg_rdy
0000b806   SEM_atmel_rcservo
00000000   SIO$
00000001   STS$
0000b780   STS_A_TABBEG
0000b7c0   STS_A_TABEND
00302d8c   STS_F_add
00302d80   STS_F_delta
00302d98   STS_F_reset
00000001   SWI$
0000b7c0   SWI_A_TABBEG
0000b7fc   SWI_A_TABEND
00000003   SWI_A_TABLEN
0000b56e   SWI_D_curfxn
0000b56a   SWI_D_curmask
0000b56d   SWI_D_curmbox
0000b56b   SWI_D_curset
0000b568   SWI_D_execaddr
0000b5ae   SWI_D_inswi
0000b56c   SWI_D_lock
0000b570   SWI_D_rdybeg
0000b572   SWI_D_rdytab
0000b566   SWI_D_runaddr
00000000   SWI_EHOOKFXN
0030220c   SWI_EXECFXN
0030219d   SWI_F_enable
0030220c   SWI_F_exec
003021e8   SWI_F_exec_sync
003021b1   SWI_F_post
00302259   SWI_F_run
00000000   SWI_IHOOKFXN
00302259   SWI_RUNFXN
0000b7e8   SWI_control
00000001   SWI_control$dorta
00000001   SWI_control$ord
00000002   SWI_control$pri
0000b79a   SWI_control$sts
00303cea   SWI_control$sts$avgfmt
00000002   SWI_control$sts$filter
00000001   SWI_control$sts$filtmaxmult
00000001   SWI_control$sts$filtsummult
00303cda   SWI_control$sts$maxfmt
0000b798   SWI_control$sts$stsobj
00303ce2   SWI_control$sts$sumfmt
00000000   SWI_control$sts$unittype
00000000   SWI_control$swi
00000001   SYS$
0000b852   SYS$config
00302eca   SYS_ABORTFXN
00302eda   SYS_ERRORFXN
00302f4a   SYS_EXITFXN
00302f04   SYS_PUTCFXN
00004000   TRC_GBLTARG
0000826f   TRC_R_mask
0000826e   TRC_cinit
00000001   TSK$
0000b646   TSK_I2C
0000b640   TSK_I2C$obj
00000001   TSK_I2C$ord
00000001   TSK_I2C$pri
0000a302   TSK_I2C$stack
0000a302   TSK_I2C$stkptr
0000b7aa   TSK_I2C$sts
00303d1e   TSK_I2C$sts$avgfmt
00000002   TSK_I2C$sts$filter
00000001   TSK_I2C$sts$filtmaxmult
00000001   TSK_I2C$sts$filtsummult
00303d0e   TSK_I2C$sts$maxfmt
0000b7a8   TSK_I2C$sts$stsobj
00303d16   TSK_I2C$sts$sumfmt
00000000   TSK_I2C$sts$unittype
00000000   TSK_I2C$tsk
00000000   TSK_NUM_HOOKS
00000001   TSK_PRIORITY
00000000   TSK_READYFXN
0000a287   TSK_STACKSEG
00000080   TSK_STACKSIZE
00000000   TSK_SWITCHFXN
00302f50   TSK_VCREATEFXN
00302f50   TSK_VDELETEFXN
00302f50   TSK_VEXITFXN
0000b686   TSK_atmelcompass
0000b680   TSK_atmelcompass$obj
00000002   TSK_atmelcompass$ord
00000001   TSK_atmelcompass$pri
0000a702   TSK_atmelcompass$stack
0000a702   TSK_atmelcompass$stkptr
0000b7b2   TSK_atmelcompass$sts
00303d38   TSK_atmelcompass$sts$avgfmt
00000002   TSK_atmelcompass$sts$filter
00000001   TSK_atmelcompass$sts$filtmaxmult
00000001   TSK_atmelcompass$sts$filtsummult
00303d28   TSK_atmelcompass$sts$maxfmt
0000b7b0   TSK_atmelcompass$sts$stsobj
00303d30   TSK_atmelcompass$sts$sumfmt
00000000   TSK_atmelcompass$sts$unittype
00000000   TSK_atmelcompass$tsk
0000a2b2   TSK_config
0000b606   TSK_idle
0000b600   TSK_idle$obj
00000000   TSK_idle$ord
00000000   TSK_idle$pri
0000b004   TSK_idle$stack
0000b004   TSK_idle$stkptr
0000b7a2   TSK_idle$sts
00303d04   TSK_idle$sts$avgfmt
00000002   TSK_idle$sts$filter
00000001   TSK_idle$sts$filtmaxmult
00000001   TSK_idle$sts$filtsummult
00303cf4   TSK_idle$sts$maxfmt
0000b7a0   TSK_idle$sts$stsobj
00303cfc   TSK_idle$sts$sumfmt
00000000   TSK_idle$sts$unittype
00000000   TSK_idle$tsk
00000000   UDEV$
0030206f   UL$$DIV
00302076   UL$$MOD
0000a0f0   _A
00380080   _ADC_cal
00000b00   _AdcMirror
00007100   _AdcRegs
0000a214   _Atmel_RC1
0000a212   _Atmel_RC2
0000a213   _Atmel_RC3
0000a202   _Atmel_RC4
0000a203   _Atmel_RC5
0000a206   _Atmel_RC6
0000a0ae   _B
ffffffff   _BEGIN_FLASH
ffffffff   _BEGIN_M0
00303c89   _BIOS_init
00303d10   _BIOS_start
ffffffff   _BOOTROM
0000c350   _CLK_COUNTSPMS
0000a13e   _CLK_DFLTMICROSECS
0000b53c   _CLK_D_countspms
0000b536   _CLK_D_dirty
0000a13c   _CLK_D_microseconds
0000b538   _CLK_D_prd
0000b53a   _CLK_D_tddr
0000c34f   _CLK_PRD
00000c10   _CLK_REGS
00000022   _CLK_TCR
00000002   _CLK_TDDR
00000000   _CLK_TIMERNUM
00000001   _CLK_USETIMER
00302c25   _CLK_getltime
0000b52e   _CLK_htimeDiv
0000b530   _CLK_htimeMult
0000a2fa   _CLK_htimePerLtime
00302c29   _CLK_itime
0000b532   _CLK_ltimeDiv
0000b534   _CLK_ltimeMult
ffffffff   _CSM_RSVD
[...]
00000de4   hwi114
00000de6   hwi115
00000de8   hwi116
00000dea   hwi117
00000dec   hwi118
00000dee   hwi119
00000df0   hwi120
00000df2   hwi121
00000df4   hwi122
00000df6   hwi123
00000df8   hwi124
00000dfa   hwi125
00000dfc   hwi126
00000dfe   hwi127
00001000   _DmaRegs
00004000   TRC_GBLTARG
00005000   _McbspaRegs
00005040   _McbspbRegs
00005205   GBL_A_VERSION
00006000   _ECanaRegs
00006040   _ECanaLAMRegs
00006080   _ECanaMOTSRegs
000060c0   _ECanaMOTORegs
00006100   _ECanaMboxes
00006200   _ECanbRegs
00006240   _ECanbLAMRegs
00006280   _ECanbMOTSRegs
000062c0   _ECanbMOTORegs
00006300   _ECanbMboxes
00006800   _EPwm1Regs
00006840   _EPwm2Regs
00006880   _EPwm3Regs
000068c0   _EPwm4Regs
00006900   _EPwm5Regs
00006940   _EPwm6Regs
00006a00   _ECap1Regs
00006a20   _ECap2Regs
00006a40   _ECap3Regs
00006a60   _ECap4Regs
00006a80   _ECap5Regs
00006aa0   _ECap6Regs
00006b00   _EQep1Regs
00006b40   _EQep2Regs
00006e8c   GBL_DSPSUBTYPE
00006f80   _GpioCtrlRegs
00006fc0   _GpioDataRegs
00006fe0   _GpioIntRegs
00007010   _SysCtrlRegs
00007040   _SpiaRegs
00007050   _SciaRegs
00007070   _XIntruptRegs
00007100   _AdcRegs
00007530   GBL_CLKIN
00007750   _ScibRegs
00007770   _ScicRegs
00007900   _I2caRegs
00008000   _ramfuncs_runstart
0000805f   _TXAINT_data_sent
00008098   _TXBINT_data_sent
000080d1   _TXCINT_data_sent
0000810a   _RXAINT_recv_ready
00008117   _RXBINT_recv_ready
00008124   _RXCINT_recv_ready
00008131   _ECAN0INTA_mbox_cb
000081ad   _ECAN1INTA_err_cb
0000824f   _InitFlash
0000826a   _DSP28x_usDelay
0000826e   TRC_cinit
0000826e   _trcdata_runstart
0000826f   TRC_R_mask
0000826f   _TRC_R_mask
00008270   GBL_initdone
00009000   .bss
00009000   GBL_stackbeg
00009000   _HWI_STKBOTTOM
00009000   ___bss__
00009000   ___end__
00009000   __stack
00009000   end
00009bff   GBL_stackend
00009c00   _HWI_STKTOP
00009c00   _SerialB
00009c00   __STACK_END
00009cc0   _SerialA
00009d80   _SerialC
00009e08   __TSK_mutex
00009e1c   __MEM_mutex
00009f41   ___atexit_func_id__
0000a040   _raw_adc_B2
0000a041   _raw_adc_B1
0000a042   _raw_adc_B3
0000a043   _newF28335_Extra
0000a044   _switchstate
0000a045   _raw_adc_B4
0000a046   _raw_adc_B7
0000a047   _raw_adc_B6
0000a048   _raw_adc_A3
0000a049   _raw_adc_A1
0000a04a   _raw_adc_A4
0000a04b   _raw_adc_A2
0000a04c   _raw_adc_A7
0000a04d   _raw_adc_A6
0000a04e   _raw_adc_B0
0000a04f   _raw_adc_A0
0000a050   _raw_adc_B5
0000a051   _raw_adc_A5
0000a052   _float_adc_A1
0000a054   _float_adc_A2
0000a056   _float_adc_A0
0000a058   _omap_turn
0000a05a   _omap_pwm1
0000a05c   _omap_vref
0000a05e   _float_adc_B6
0000a060   _float_adc_B7
0000a062   _value_enc1
0000a064   _value_enc2
0000a066   _omap_dac2
0000a068   _omap_pwm2
0000a06a   _omap_dac1
0000a06c   _float_adc_A7
0000a06e   _float_adc_B0
0000a070   _float_adc_A6
0000a072   _float_adc_A4
0000a074   _float_adc_A5
0000a076   _float_adc_B4
0000a078   _float_adc_B5
0000a07a   _float_adc_B3
0000a07c   _float_adc_B1
0000a07e   _float_adc_B2
0000a080   _float_adc_A3
0000a082   _timeint
0000a084   _Enc4_rad
0000a086   _F28335_Extra1
0000a088   _Enc2_rad
0000a08a   _F28335_Extra3
0000a08c   _F28335_Extra4
0000a08e   _Enc3_rad
0000a090   _gyro_x
0000a092   _noi2c
0000a094   _Enc1_rad
0000a096   _gyro_y
0000a098   _F28335_Extra2
0000a09a   _enc1
0000a0a4   _enc2
0000a0ae   _B
0000a0c0   _y
0000a0d0   _a
0000a0e0   _x
0000a0f0   _A
0000a100   _b
0000a110   _TSK_pid
0000a111   _TSK_nTasks
0000a112   _TSK_ATTRS
0000a120   _TSK_timerSem
0000a136   _rtdxNullChanCnt
0000a137   _rtdxNullFuncCnt
0000a13c   _CLK_D_microseconds
0000a13e   _CLK_DFLTMICROSECS
0000a140   _KNL_curtime
0000a141   _KNL_wFlag
0000a142   _KNL_set
0000a144   _KNL_maxqueue
0000a146   _KNL_swiptr
0000a148   _KNL_curqueue
0000a14a   _KNL_treadyfxn
0000a14c   _KNL_idlefxn
0000a14e   _KNL_tcreatefxn
0000a150   _KNL_tdeletefxn
0000a152   _KNL_tswitchfxn
0000a154   _KNL_setpri
0000a156   _KNL_inactive
0000a158   _KNL_wList
0000a15a   _KNL_alarm
0000a15c   _KNL_curtask
0000a15e   _KNL_prevtask
0000a160   _KNL_priority
0000a162   _KNL_dummy
0000a180   _KNL_queues
0000a1d0   _CpuTimer1
0000a1d8   _CpuTimer2
0000a1e0   _CpuTimer0
0000a1e8   _PIVEL_enable
0000a1e9   _nocomm
0000a1ea   _McBSPB_rdy
0000a1eb   _McBSP_RecGoodData_ReadyTX
0000a1ec   _newOMAPdata
0000a1ee   _McBSP_COMerr
0000a1f0   _mcbsp_turn
0000a1f2   _mcbsp_vref
0000a1f4   _mcbsp_dac2
0000a1f6   _McBSPb_int_count
0000a1f8   _mcbsp_pwm2
0000a1fa   _mcbsp_dac1
0000a1fc   _mcbsp_pwm1
0000a1fe   _McBSPb_read2
0000a1ff   _McBSPb_read1
0000a200   _I2Cbusy
0000a201   _adc6_i2c
0000a202   _Atmel_RC4
0000a203   _Atmel_RC5
0000a204   _CompassNew
0000a205   _atmelIRs_err
0000a206   _Atmel_RC6
0000a207   _ir1_i2c
0000a208   _adc4_i2c
0000a209   _ir5_i2c
0000a20a   _adc1_i2c
0000a20b   _adc3_i2c
0000a20c   _ir3_i2c
0000a20d   _ir2_i2c
0000a20e   _ir4_i2c
0000a20f   _adc5_i2c
0000a210   _adc2_i2c
0000a211   _adc8_i2c
0000a212   _Atmel_RC2
0000a213   _Atmel_RC3
0000a214   _Atmel_RC1
0000a215   _adc7_i2c
0000a216   _getIRs_err
0000a217   _getI2C_err
0000a218   _new_irdata_i2c
0000a21a   _task_state
0000a21c   _Compassbuff
0000a240   _I2Ctxbuffer
0000a280   _MEM_memtab
0000a286   __HOOK_knlId
0000a287   HST_DSMBUFSEG
0000a287   L1SARAM
0000a287   MEM_MALLOCSEG
0000a287   MEM_SEGZERO
0000a287   RTDX_DATAMEMSEG
0000a287   TSK_STACKSEG
0000a287   _L1SARAM
0000a288   RTA_fromHost$pipe$dtab
0000a290   RTA_toHost$pipe$dtab
0000a296   _OBJ_table
0000a2b2   TSK_config
0000a2c0   _TSK
0000a2c2   __HOOK_NUMHOOKS
0000a2c4   _SPIenc_state_errors
0000a2c5   _SPIenc_state
0000a2c6   _dac2data
0000a2c7   _dac1data
0000a2c8   _SPIenc1_reading
0000a2ca   _SPIbyte5
0000a2cc   _SPIenc3_reading
0000a2ce   _SPIenc2_reading
0000a2d0   _SPIenc4_reading
0000a2d2   _SPIbyte2
0000a2d4   _SPIbyte1
0000a2d6   _SPIbyte4
0000a2d8   _SPIbyte3
0000a2da   _SYS_exitStackPtr
0000a2dc   _SYS_exitStackTop
0000a2de   _SYS_exitStack
0000a2ee   __unlock
0000a2f0   __lock
0000a2f2   ___TI_cleanup_ptr
0000a2f4   ___TI_dtors_ptr
0000a2f6   _PWM4setupasRCservo
0000a2f7   _PWM3setupasRCservo
0000a2f8   _PWM5setupasRCservo
0000a2fa   _CLK_htimePerLtime
0000a2fc   _MEM
0000a2fe   _LCD_serial
0000a302   TSK_I2C$stack
0000a302   TSK_I2C$stkptr
0000a702   TSK_atmelcompass$stack
0000a702   TSK_atmelcompass$stkptr
0000ab02   _HWI_dispatchTab
0000ae02   _HWI_D_intrNum
0000ae03   L1SARAM$B
0000ae03   _L1SARAM_base
0000b004   TSK_idle$stack
0000b004   TSK_idle$stkptr
0000b204   _SYS_PUTCBEG
0000b403   _SYS_PUTCEND
0000b404   _RTDX_Buffer
0000b506   _RTDX_writing
0000b508   _rtdx_buffer_state
0000b516   _rtdx_mon_state
0000b524   _RTDX_Buffer_End
0000b526   _RTDX_Buffer_Start
0000b528   C28_BIOSDATAOBJ
0000b528   _GBL_procId
0000b52a   _GBL_clkIn
0000b52c   _GBL_freq
0000b52e   _CLK_htimeDiv
0000b530   _CLK_htimeMult
0000b532   _CLK_ltimeDiv
0000b534   _CLK_ltimeMult
0000b536   _CLK_D_dirty
0000b538   _CLK_D_prd
0000b53a   _CLK_D_tddr
0000b53c   _CLK_D_countspms
0000b53e   CLK_D_idletime
0000b540   CLK_D_isrhook
0000b542   CLK_D_tabbeg
0000b544   CLK_D_timefxn
0000b546   CLK_R_timh
0000b547   CLK_R_timl
0000b548   HST_D_chanmask
0000b54a   IDL_D_calbeg
0000b54c   IDL_D_calibrate
0000b54e   IDL_D_tabbeg
0000b550   LOG_D_system
0000b550   _LOG_D_system
0000b552   PIP_D_tabbeg
0000b554   PIP_D_tablen
0000b556   PRD_D_cur
0000b558   PRD_D_elapsed
0000b559   PRD_D_prevtim
0000b55a   PRD_D_scalar
0000b55c   PRD_D_swihandle
0000b55e   PRD_D_tabbeg
0000b560   PRD_D_tablen
0000b562   PRD_D_thook
0000b564   PRD_D_tickh
0000b565   PRD_D_tickl
0000b565   _PRD_D_tick
0000b566   SWI_D_runaddr
0000b566   _SWI_data
0000b568   SWI_D_execaddr
0000b56a   SWI_D_curmask
0000b56a   _SWI_D_curmask
0000b56b   SWI_D_curset
0000b56c   SWI_D_lock
0000b56c   _SWI_D_lock
0000b56d   SWI_D_curmbox
0000b56e   SWI_D_curfxn
0000b56e   _SWI_D_curfxn
0000b570   SWI_D_rdybeg
0000b570   _SWI_D_rdybeg
0000b572   SWI_D_rdytab
0000b5ae   SWI_D_inswi
0000b5ae   _SWI_D_inswi
0000b5af   HWI_D_spsave
0000b5af   _HWI_D_spsave
0000b5af   _HWI_data
0000b5b0   HWI_D_stkbottomaddr
0000b5b2   HWI_D_stktopaddr
0000b5b4   HWI_D_inhwi
0000b5b4   _HWI_D_inhwi
0000b5b5   _MEM_D_NUMSEGMENTS
0000b5b6   _MEM_D_memtab
0000b5b8   _MEM_D_freelist
0000b5ba   _MEM_D_lockaddr
0000b5bc   _MEM_D_unlockaddr
0000b5be   _SYS
0000b5c0   HST_D_tabbegaddr
0000b5c2   HST_D_tabendaddr
0000b5c4   RTDX_D_BufRead
0000b5c6   RTDX_D_BufWrite
0000b5c8   RTDX_D_Poll
0000b5ca   RTA_D_fromHost
0000b5cc   RTA_D_toHost
0000b5ce   RTA_D_logval
0000b5d8   RTA_D_stsval
0000b5e0   LNKCTRL
0000b5e0   LNK_D_fromHostMask
0000b5e1   LNK_D_dataReadyMask
0000b5e2   LNK_D_readPend
0000b5e3   LNK_D_readDone
0000b5e4   LNK_D_readFail
0000b5e5   LNK_D_writeFail
0000b5e6   IDL_D_busyObj
0000b5e8   PRD_A_TABBEG
0000b5e8   PRD_StartADC
0000b5e8   _PRD_StartADC
0000b5f2   PRD_StartADC$aaa
0000b5f4   PRD_A_TABEND
0000b5f4   RTA_fromHost$buf
0000b600   TSK_idle$obj
0000b606   TSK_idle
0000b606   _TSK_idle
0000b640   TSK_I2C$obj
0000b646   TSK_I2C
0000b646   _TSK_I2C
0000b680   TSK_atmelcompass$obj
0000b686   TSK_atmelcompass
0000b686   _TSK_atmelcompass
0000b6aa   IDL_A_TABBEG
0000b6aa   IDL_cpuLoad
0000b6aa   _IDL_cpuLoad
0000b6ac   LNK_dataPump
0000b6ac   _LNK_dataPump
0000b6ae   RTA_dispatcher
0000b6ae   _RTA_dispatcher
0000b6b0   IDL_END
0000b6b2   IDL_A_CALBEG
0000b6b2   IDL_cpuLoad$
0000b6b4   LNK_dataPump$
0000b6b6   RTA_dispatcher$
0000b6b8   IDL_END$
0000b6ba   CLK_A_TABBEG
0000b6ba   PRD_clock
0000b6ba   _PRD_clock
0000b6bc   CLK_NULL
0000b6c0   PIP_A_TABBEG
0000b6c0   RTA_fromHost$pipe
0000b6c0   _PIP_A_TABBEG
0000b6c2   RTA_fromHost$pipe$rd
0000b6c4   RTA_fromHost$pipe$rdaddr
0000b6c6   RTA_fromHost$pipe$rdsize
0000b6c8   RTA_fromHost$pipe$rdcurdesc
0000b6d8   RTA_fromHost$pipe$rdstshdl
0000b6da   RTA_fromHost$pipe$wr
0000b6dc   RTA_fromHost$pipe$wraddr
0000b6de   RTA_fromHost$pipe$wrsize
0000b6e0   RTA_fromHost$pipe$wrcurdesc
0000b6f0   RTA_fromHost$pipe$wrstshdl
0000b700   RTA_toHost$pipe
0000b702   RTA_toHost$pipe$rd
0000b704   RTA_toHost$pipe$rdaddr
0000b706   RTA_toHost$pipe$rdsize
0000b708   RTA_toHost$pipe$rdcurdesc
0000b718   RTA_toHost$pipe$rdstshdl
0000b71a   RTA_toHost$pipe$wr
0000b71c   RTA_toHost$pipe$wraddr
0000b71e   RTA_toHost$pipe$wrsize
0000b720   RTA_toHost$pipe$wrcurdesc
0000b730   RTA_toHost$pipe$wrstshdl
0000b740   PIP_A_TABEND
0000b740   RTA_toHost$buf
0000b740   _PIP_A_TABEND
0000b780   PRD_StartADC$sts$stsobj
0000b780   STS_A_TABBEG
0000b780   _STS_A_TABBEG
0000b782   PRD_StartADC$sts
0000b788   KNL_swi$sts$stsobj
0000b78a   KNL_swi$sts
0000b790   PRD_swi$sts$stsobj
0000b792   PRD_swi$sts
0000b798   SWI_control$sts$stsobj
0000b79a   SWI_control$sts
0000b7a0   TSK_idle$sts$stsobj
0000b7a2   TSK_idle$sts
0000b7a8   TSK_I2C$sts$stsobj
0000b7aa   TSK_I2C$sts
0000b7b0   TSK_atmelcompass$sts$stsobj
0000b7b2   TSK_atmelcompass$sts
0000b7b8   IDL_busyObj$stsobj
0000b7ba   IDL_busyObj
0000b7ba   _IDL_busyObj
0000b7c0   KNL_swi
0000b7c0   STS_A_TABEND
0000b7c0   SWI_A_TABBEG
0000b7c0   _KNL_swi
0000b7c0   _STS_A_TABEND
0000b7d4   PRD_SWIHANDLE
0000b7d4   PRD_swi
0000b7d4   _PRD_swi
0000b7e8   SWI_control
0000b7e8   _SWI_control
0000b7fc   SWI_A_TABEND
0000b806   SEM_atmel_rcservo
0000b806   _SEM_atmel_rcservo
0000b81c   SEM_I2CSendStrmsg_rdy
0000b81c   _SEM_I2CSendStrmsg_rdy
0000b82c   HST_A_TABBEG
0000b82c   _HST_A_TABBEG
0000b82e   RTA_fromHost
0000b82e   _RTA_fromHost
0000b832   RTA_fromHost$rtdx
0000b83c   RTA_toHost
0000b83c   _RTA_toHost
0000b840   RTA_toHost$rtdx
0000b84a   HST_A_TABEND
0000b84a   I2CSendStrfreeQueue
0000b84a   _HST_A_TABEND
0000b84a   _I2CSendStrfreeQueue
0000b84e   I2CSendStrmsgQueue
0000b84e   _I2CSendStrmsgQueue
0000b852   SYS$config
0000c34f   CLK_PRD
0000c34f   _CLK_PRD
0000c350   CLK_COUNTSPMS
0000c350   CLK_HTIMEPERLTIME
0000c350   _CLK_COUNTSPMS
0000dbef   GBL_TRCMASKVALUE
0000fe00   _RXBuff
0000fe40   _TXBuff
00020000   GBL_PLLWAITCYCLE
000249f0   CLK_LTIMEMULT
000249f0   GBL_FREQ
00300000   .data
00300000   ___data__
00300000   ___edata__
00300000   _hwi_vec_loadstart
00300000   edata
00300100   _hwi_vec_loadend
00300100   _ramfuncs_loadstart
0030036e   .text
0030036e   ___text__
0030036e   _init_PWM
0030036e   _ramfuncs_loadend
00300602   _init_PWM_AS_RCSERVO
003007be   _init_dualPWM
00300836   _PWM_out
003008e8   _dualPWM_out
00300949   _RCSERVO_out
003009c3   _init_SPI
00300ac4   _SPI_RXint
00300d05   _start_SPI
00300d1e   _writeDAC7564
00300d8b   _main
00300e59   _start_dataCollection
00300e5e   _adc_ISR
00300ea7   _control
00300f77   _updateData
00301004   _sendData
003010fa   _InitI2CGpio
00301110   _Init_LCD
0030114d   _LCDvPrintfLine
00301199   _LCDPrintfLine
003011a4   _SendStr2_I2C
003011df   _I2Ctsk
00301273   _i2c_stdsend
003012d4   _i2c_stdrecv
00301354   _Init_i2c
0030138f   _atmel_set_rcservo
003013b5   _atmel_get_ir
003013c8   _atmel_get_adc
003013db   _atmel_get_all
003013ea   _atmel_get_version
003013f4   _atmel_set_mode
00301401   _atmelcompass
00301452   _sprintf
00301460   _vsprintf
003016a4   _ltoah
00301700   _ltoab
0030176b   _init_serial
00301890   _uninit_serial
003018cd   _serial_send
003018f9   _serial_printf
0030191a   _UART_LCDvPrintfLine
00301968   _UART_LCDPrintfLine
00301973   _InitMcbsp
00301976   _InitMcbspa
003019a4   _InitMcbspb
003019d2   _InitMcbspa8bit
003019d9   _InitMcbspa12bit
003019e4   _InitMcbspa16bit
003019ef   _InitMcbspa20bit
003019fa   _InitMcbspa24bit
00301a05   _InitMcbspa32bit
00301a10   _InitMcbspb8bit
00301a17   _InitMcbspb12bit
00301a22   _InitMcbspb16bit
00301a2d   _InitMcbspb20bit
00301a38   _InitMcbspb24bit
00301a43   _InitMcbspb32bit
00301a4e   _InitMcbspGpio
00301a51   _InitMcbspaGpio
00301a8b   _InitMcbspbGpio
00301ab9   _delay_loop
00301acf   _clkg_delay_loop
00301ae5   _McBSP_TX_INTCH1_ISR
00301aee   _McBSP_RX_INTCH2_ISR
00301c27   _InitSysCtrl
00301c30   _ServiceDog
00301c3a   _DisableDog
00301c42   _InitPll
00301c92   _InitPeripheralClocks
00301ce8   _CsmUnlock
00301d19   _init_EQEP
00301d9a   _EQEP_read
00301dcc   _init_dma_mcbsp
00301e54   _start_dma
00301e5c   FS$$DIV
00301ee4   _pre_init
00301f49   _post_init
00301f61   _MemCopy
00301f76   GBL_USERINITFXN
00301f76   _init_COECSL
00301fcb   _atoi
00301ffc   _ltoa
00302028   _InitSpi
00302029   _InitSpiGpio
0030202c   _InitSpiaGpio
00302052   L$$DIV
00302061   L$$MOD
0030206f   UL$$DIV
00302076   UL$$MOD
0030207c   _InitPieCtrl
0030209b   _EnableInterrupts
003020be   ___add_dtor
003020cb   _atexit
003020f1   ___memcpy_ff
00302131   _modf
0030214b   _InitAdc
0030215f   _strchr
0030216b   _RTDX_Mask_IER
00302174   __register_unlock
00302178   __register_lock
0030217c   __nop
00302185   _strlen
0030218d   _RTDX_Set_IER
00302198   _strcpy
0030219d   SWI_F_enable
0030219d   _SWI_enable
0030219d   ___etext__
0030219d   etext
003021b1   SWI_F_post
003021b1   _SWI_post
003021e8   SWI_F_exec_sync
0030220c   SWI_EXECFXN
0030220c   SWI_F_exec
00302259   SWI_F_run
00302259   SWI_RUNFXN
0030231a   LNK_F_init
0030231b   LNK_F_checkChanEnabled
00302322   LNK_F_getNextChan
0030232b   LNK_F_getChanPtr
00302342   LNK_F_dataPump
00302342   LNK_rcloop
00302362   LNK_rdrtry
00302366   LNK_rrloop
00302393   LNK_wrrtry
00302397   LNK_wrloop
003023d3   LNK_newin
00302419   LNK_newout
0030246d   LNK_F_readCallBack
0030246d   _LNK_F_readCallBack
00302478   _HWI_F_dispIsrPie
0030247f   HWI_F_dispatch
0030247f   _HWI_F_dispatch
00302522   _HWI_F_dispIsr0
00302525   _HWI_F_dispIsr1
003025a1   CLK_F_run
003025a1   CLK_HOOKFXN
003025a1   __CLK_hwienter
0030263f   RTDX_F_isr
003026db   PRD_F_swi
0030274a   PRD_F_tick
00302772   RTA_F_getlog
00302791   RTA_F_getsts
003027af   RTA_F_readblk
003027b8   RTA_F_writeword
003027ba   RTA_F_resetmem
003027c9   RTA_F_dispatch
00302809   _SEM_pendEnterKnl
0030289c   _MEM_alloc
00302929   _KNL_run
00302a28   _TSK_setup
00302a95   _TSK_exit
00302af8   __SEM_dopost
00302b5b   PIP_F_take
00302b74   PIP_F_probe
00302b75   PIP_F_give
00302b9e   PIP_F_start
00302bbb   _KNL_switch
00302bd8   KNL_glue
00302be2   KNL_tick_stub
00302be2   PRD_THOOKFXN
00302be9   _KNL_saveIsrFrame
00302bfc   CLK_F_getfhtime
00302c04   CLK_F_gethtime
00302c04   CLK_F_getshtime
00302c04   CLK_TIMEFXN
00302c25   CLK_F_getltime
00302c25   _CLK_getltime
00302c29   CLK_F_itime
00302c29   _CLK_itime
00302c31   _SEM_post
00302c31   _SEM_postBinary
00302c65   _KNL_check
00302c86   _KNL_idle
00302c8f   _KNL_max
00302c98   IDL_F_calibrate
00302cca   _TSK_startup
00302cf2   CLK_F_isr
00302d1a   _SEM_postEnterKnl
00302d3d   _KNL_ipost
00302d5f   _SYS_exit
00302d80   STS_F_delta
00302d80   _STS_delta
00302d8c   STS_F_add
00302d8c   _STS_add
00302d95   _STS_set
00302d98   STS_F_reset
00302d98   _STS_reset
00302da0   _KNL_enter
00302dde   _SEM_pend
00302dfd   LOG_F_event
00302e1b   _LCK_pend
00302e37   _TSK_yield
00302e51   IDL_F_busy
00302e5d   IDL_F_init
00302e6b   _KNL_post
00302e81   RTA_F_andn
00302e88   RTA_F_or
00302e8e   iRTA_F_or
00302e95   FXN_F_nop
00302e96   FXN_F_run
00302ea4   FXN_F_zero
00302ea6   FXN_F_selfLoop
00302ea7   _QUE_get
00302eb0   _QUE_put
00302eca   SYS_ABORTFXN
00302eca   _UTL_doAbort
00302eda   SYS_ERRORFXN
00302eda   _UTL_doError
00302eea   _LCK_post
00302ef8   _KNL_exit
00302f04   SYS_PUTCFXN
00302f04   _UTL_doPutc
00302f10   _HWI_disable
00302f14   _HWI_enable
00302f16   _HWI_restore
00302f1a   _SYS_error
00302f23   _SYS_abort
00302f2c   IDL_CALIBRFXN
00302f2c   IDL_F_stub
00302f35   IDL_F_loop
00302f35   _IDL_F_loop
00302f3b   _KNL_tick
00302f45   _LOG_event
00302f4a   SYS_EXITFXN
00302f4a   _UTL_halt
00302f4d   _GBL_getVersion
00302f50   GBL_USERLIMPMODEABORTFXN
00302f50   GIO_CREATEFXN
00302f50   GIO_DELETEFXN
00302f50   GIO_PENDFXN
00302f50   GIO_POSTFXN
00302f50   TSK_VCREATEFXN
00302f50   TSK_VDELETEFXN
00302f50   TSK_VEXITFXN
00302f50   _FXN_F_nop
00302f51   ___cinit__
00302f51   cinit
00303874   _RTDX_Buffer_WriteCB
00303911   _RTDX_Poll
003039ec   _RTDX_Mon_Queue
00303a23   _RTDX_Init_RT_Monitor
00303a53   _RTDX_Buffer_Initialize
00303a6a   _RTDX_Buffer_ReadCB
00303a7e   _RTDX_Final_RT_Monitor
00303a8b   _RTDX_Buffer_Size
00303aa0   _RTDX_Buffer_Read
00303aa9   _RTDX_Buffer_Write
00303aba   __ctypes_
00303c6e   _DataLogDMAId
00303c70   _DataLogDMACtl
00303c72   _DataLogDMAHigh
00303c76   _DataLogDMALow
00303c7a   _MsgBaseHigh
00303c7c   _MsgBaseLow
00303c7e   _StatBase
00303c89   BIOS_init
00303c89   PRD_StartADC$sts$maxfmt
00303c89   _BIOS_init
00303c92   PRD_StartADC$sts$sumfmt
00303c9b   PRD_StartADC$sts$avgfmt
00303ca6   KNL_swi$sts$maxfmt
00303cae   KNL_swi$sts$sumfmt
00303cb6   KNL_swi$sts$avgfmt
00303cc0   PRD_swi$sts$maxfmt
00303cc8   PRD_swi$sts$sumfmt
00303cd0   PRD_swi$sts$avgfmt
00303cda   SWI_control$sts$maxfmt
00303ce2   SWI_control$sts$sumfmt
00303cea   SWI_control$sts$avgfmt
00303cf4   TSK_idle$sts$maxfmt
00303cfc   TSK_idle$sts$sumfmt
00303d04   TSK_idle$sts$avgfmt
00303d0e   TSK_I2C$sts$maxfmt
00303d10   BIOS_start
00303d10   _BIOS_start
00303d16   TSK_I2C$sts$sumfmt
00303d1e   TSK_I2C$sts$avgfmt
00303d28   TSK_atmelcompass$sts$maxfmt
00303d30   TSK_atmelcompass$sts$sumfmt
00303d38   TSK_atmelcompass$sts$avgfmt
00303d42   IDL_busyObj$maxfmt
00303d45   IDL_busyObj$sumfmt
00303d48   IDL_busyObj$avgfmt
00303d49   _c_int00
00303da7   _MEM_init
00303df5   _TSK_init
00303e18   _trcdata_loadstart
00303e1b   _trcdata_loadend
00303e5a   ___pinit__
00303e5a   pinit
0033fff6   code_start
00380080   _ADC_cal
003f7ff8   _CsmPwl
ffffffff   BEGIN_FLASH
ffffffff   BEGIN_M0
ffffffff   BOOTROM
ffffffff   CSM_RSVD
ffffffff   END_BOOTROM
ffffffff   FLASH_A
ffffffff   FLASH_BCD
ffffffff   FPUTABLES
ffffffff   L0SARAM
ffffffff   M0SARAM
ffffffff   M1SARAM
ffffffff   MEM_forDMA
ffffffff   OTP
ffffffff   PASSWORDS
ffffffff   PIEVECT
ffffffff   _BEGIN_FLASH
ffffffff   _BEGIN_M0
ffffffff   _BOOTROM
ffffffff   _CSM_RSVD
ffffffff   _END_BOOTROM
ffffffff   _FLASH_A
ffffffff   _FLASH_BCD
ffffffff   _FPUTABLES
ffffffff   _L0SARAM
ffffffff   _M0SARAM
ffffffff   _M1SARAM
ffffffff   _MEM_forDMA
ffffffff   _OTP
ffffffff   _PASSWORDS
ffffffff   _PIEVECT
ffffffff   ___binit__
ffffffff   ___c_args__
ffffffff   binit

[1578 symbols]
