<?xml version="1.0"?>
<link_info>
   <banner>TMS320C6x Linker PC v7.4.8</banner>
   <copyright>Copyright (c) 1996-2014 Texas Instruments Incorporated</copyright>
   <link_time>0x551da73b</link_time>
   <output_file>gigous_kuo_lab7.out</output_file>
   <entry_point>
      <name>_c_int00</name>
      <address>0x11825f40</address>
   </entry_point>
   <input_file_list>
      <input_file id="fl-a">
         <path>.\</path>
         <kind>object</kind>
         <file>user_xy.obj</file>
         <name>user_xy.obj</name>
      </input_file>
      <input_file id="fl-b">
         <path>.\</path>
         <kind>object</kind>
         <file>user_gigous_kuo_lab7.obj</file>
         <name>user_gigous_kuo_lab7.obj</name>
      </input_file>
      <input_file id="fl-c">
         <path>.\</path>
         <kind>object</kind>
         <file>pru.obj</file>
         <name>pru.obj</name>
      </input_file>
      <input_file id="fl-d">
         <path>.\</path>
         <kind>object</kind>
         <file>gigous_kuo_lab7cfg_c.obj</file>
         <name>gigous_kuo_lab7cfg_c.obj</name>
      </input_file>
      <input_file id="fl-e">
         <path>.\</path>
         <kind>object</kind>
         <file>gigous_kuo_lab7cfg.obj</file>
         <name>gigous_kuo_lab7cfg.obj</name>
      </input_file>
      <input_file id="fl-f">
         <path>.\</path>
         <kind>object</kind>
         <file>MatrixMath.obj</file>
         <name>MatrixMath.obj</name>
      </input_file>
      <input_file id="fl-10">
         <path>.\</path>
         <kind>object</kind>
         <file>Ladar.obj</file>
         <name>Ladar.obj</name>
      </input_file>
      <input_file id="fl-11">
         <path>.\</path>
         <kind>object</kind>
         <file>LCDprintf.obj</file>
         <name>LCDprintf.obj</name>
      </input_file>
      <input_file id="fl-12">
         <path>.\</path>
         <kind>object</kind>
         <file>ColorVision.obj</file>
         <name>ColorVision.obj</name>
      </input_file>
      <input_file id="fl-13">
         <path>.\</path>
         <kind>object</kind>
         <file>ColorLCD.obj</file>
         <name>ColorLCD.obj</name>
      </input_file>
      <input_file id="fl-14">
         <path>.\</path>
         <kind>object</kind>
         <file>COECSL_mcbsp.obj</file>
         <name>COECSL_mcbsp.obj</name>
      </input_file>
      <input_file id="fl-15">
         <path>.\</path>
         <kind>object</kind>
         <file>COECSL_edma3.obj</file>
         <name>COECSL_edma3.obj</name>
      </input_file>
      <input_file id="fl-92">
         <path>C:\CCStudio_v6.0\bios_5_42_01_09\packages\ti\bios\lib\</path>
         <kind>archive</kind>
         <file>bios.a674</file>
         <name>biosdata.o674</name>
      </input_file>
      <input_file id="fl-93">
         <path>C:\CCStudio_v6.0\bios_5_42_01_09\packages\ti\bios\lib\</path>
         <kind>archive</kind>
         <file>bios.a674</file>
         <name>hwi_disp_asm.o674</name>
      </input_file>
      <input_file id="fl-94">
         <path>C:\CCStudio_v6.0\bios_5_42_01_09\packages\ti\bios\lib\</path>
         <kind>archive</kind>
         <file>bios.a674</file>
         <name>idl_stub.o674</name>
      </input_file>
      <input_file id="fl-95">
         <path>C:\CCStudio_v6.0\bios_5_42_01_09\packages\ti\bios\lib\</path>
         <kind>archive</kind>
         <file>lnkrtdx.a674</file>
         <name>rtdx.o674</name>
      </input_file>
      <input_file id="fl-96">
         <path>C:\CCStudio_v6.0\bios_5_42_01_09\packages\ti\bios\lib\</path>
         <kind>archive</kind>
         <file>bios.a674</file>
         <name>swi.o674</name>
      </input_file>
      <input_file id="fl-97">
         <path>C:\CCStudio_v6.0\bios_5_42_01_09\packages\ti\bios\lib\</path>
         <kind>archive</kind>
         <file>bios6748.a674</file>
         <name>bcache_init.o674</name>
      </input_file>
      <input_file id="fl-98">
         <path>C:\CCStudio_v6.0\bios_5_42_01_09\packages\ti\bios\lib\</path>
         <kind>archive</kind>
         <file>bios6748.a674</file>
         <name>clk_gethtime.o674</name>
      </input_file>
      <input_file id="fl-99">
         <path>C:\CCStudio_v6.0\bios_5_42_01_09\packages\ti\bios\lib\</path>
         <kind>archive</kind>
         <file>bios.a674</file>
         <name>fxn_c.o674</name>
      </input_file>
      <input_file id="fl-9a">
         <path>C:\CCStudio_v6.0\bios_5_42_01_09\packages\ti\bios\lib\</path>
         <kind>archive</kind>
         <file>bios.a674</file>
         <name>knl_tick.o674</name>
      </input_file>
      <input_file id="fl-9b">
         <path>C:\CCStudio_v6.0\bios_5_42_01_09\packages\ti\bios\lib\</path>
         <kind>archive</kind>
         <file>bios.a674</file>
         <name>utl_doab.o674</name>
      </input_file>
      <input_file id="fl-9c">
         <path>C:\CCStudio_v6.0\bios_5_42_01_09\packages\ti\bios\lib\</path>
         <kind>archive</kind>
         <file>bios.a674</file>
         <name>utl_doer.o674</name>
      </input_file>
      <input_file id="fl-9d">
         <path>C:\CCStudio_v6.0\bios_5_42_01_09\packages\ti\bios\lib\</path>
         <kind>archive</kind>
         <file>bios.a674</file>
         <name>utl_putc.o674</name>
      </input_file>
      <input_file id="fl-9e">
         <path>C:\CCStudio_v6.0\bios_5_42_01_09\packages\ti\bios\lib\</path>
         <kind>archive</kind>
         <file>bios.a674</file>
         <name>utl_halt.o674</name>
      </input_file>
      <input_file id="fl-9f">
         <path>C:\CCStudio_v6.0\bios_5_42_01_09\packages\ti\bios\lib\</path>
         <kind>archive</kind>
         <file>bios6748.a674</file>
         <name>clk.o674</name>
      </input_file>
      <input_file id="fl-a0">
         <path>C:\CCStudio_v6.0\bios_5_42_01_09\packages\ti\bios\lib\</path>
         <kind>archive</kind>
         <file>bios.a674</file>
         <name>fxn.o674</name>
      </input_file>
      <input_file id="fl-a1">
         <path>C:\CCStudio_v6.0\bios_5_42_01_09\packages\ti\bios\lib\</path>
         <kind>archive</kind>
         <file>bios.a674</file>
         <name>boot.o674</name>
      </input_file>
      <input_file id="fl-a2">
         <path>C:\CCStudio_v6.0\bios_5_42_01_09\packages\ti\bios\lib\</path>
         <kind>archive</kind>
         <file>bios.a674</file>
         <name>trc.o674</name>
      </input_file>
      <input_file id="fl-a3">
         <path>C:\CCStudio_v6.0\bios_5_42_01_09\packages\ti\bios\lib\</path>
         <kind>archive</kind>
         <file>bios.a674</file>
         <name>hwi.o674</name>
      </input_file>
      <input_file id="fl-a4">
         <path>C:\CCStudio_v6.0\bios_5_42_01_09\packages\ti\bios\lib\</path>
         <kind>archive</kind>
         <file>bios.a674</file>
         <name>idl_busy.o674</name>
      </input_file>
      <input_file id="fl-a5">
         <path>C:\CCStudio_v6.0\bios_5_42_01_09\packages\ti\bios\lib\</path>
         <kind>archive</kind>
         <file>bios6748.a674</file>
         <name>idl_cal.o674</name>
      </input_file>
      <input_file id="fl-a6">
         <path>C:\CCStudio_v6.0\bios_5_42_01_09\packages\ti\bios\lib\</path>
         <kind>archive</kind>
         <file>bios.a674</file>
         <name>idl.o674</name>
      </input_file>
      <input_file id="fl-a7">
         <path>C:\CCStudio_v6.0\bios_5_42_01_09\packages\ti\bios\lib\</path>
         <kind>archive</kind>
         <file>bios.a674</file>
         <name>knl_swit.o674</name>
      </input_file>
      <input_file id="fl-a8">
         <path>C:\CCStudio_v6.0\bios_5_42_01_09\packages\ti\bios\lib\</path>
         <kind>archive</kind>
         <file>bios.a674</file>
         <name>log.o674</name>
      </input_file>
      <input_file id="fl-a9">
         <path>C:\CCStudio_v6.0\bios_5_42_01_09\packages\ti\bios\lib\</path>
         <kind>archive</kind>
         <file>bios.a674</file>
         <name>pip.o674</name>
      </input_file>
      <input_file id="fl-aa">
         <path>C:\CCStudio_v6.0\bios_5_42_01_09\packages\ti\bios\lib\</path>
         <kind>archive</kind>
         <file>bios.a674</file>
         <name>prd.o674</name>
      </input_file>
      <input_file id="fl-ab">
         <path>C:\CCStudio_v6.0\bios_5_42_01_09\packages\ti\bios\lib\</path>
         <kind>archive</kind>
         <file>bios.a674</file>
         <name>rta.o674</name>
      </input_file>
      <input_file id="fl-ac">
         <path>C:\CCStudio_v6.0\bios_5_42_01_09\packages\ti\bios\lib\</path>
         <kind>archive</kind>
         <file>bios.a674</file>
         <name>rta_andn.o674</name>
      </input_file>
      <input_file id="fl-ad">
         <path>C:\CCStudio_v6.0\bios_5_42_01_09\packages\ti\bios\lib\</path>
         <kind>archive</kind>
         <file>bios.a674</file>
         <name>sts.o674</name>
      </input_file>
      <input_file id="fl-ae">
         <path>C:\CCStudio_v6.0\bios_5_42_01_09\packages\ti\bios\lib\</path>
         <kind>archive</kind>
         <file>bios6748.a674</file>
         <name>bcache_block.o674</name>
      </input_file>
      <input_file id="fl-af">
         <path>C:\CCStudio_v6.0\bios_5_42_01_09\packages\ti\bios\lib\</path>
         <kind>archive</kind>
         <file>bios6748.a674</file>
         <name>bcache_wait.o674</name>
      </input_file>
      <input_file id="fl-b0">
         <path>C:\CCStudio_v6.0\bios_5_42_01_09\packages\ti\bios\lib\</path>
         <kind>archive</kind>
         <file>bios.a674</file>
         <name>clk_data.o674</name>
      </input_file>
      <input_file id="fl-b1">
         <path>C:\CCStudio_v6.0\bios_5_42_01_09\packages\ti\bios\lib\</path>
         <kind>archive</kind>
         <file>bios.a674</file>
         <name>clk_getltime.o674</name>
      </input_file>
      <input_file id="fl-b2">
         <path>C:\CCStudio_v6.0\bios_5_42_01_09\packages\ti\bios\lib\</path>
         <kind>archive</kind>
         <file>bios.a674</file>
         <name>clk_data2.o674</name>
      </input_file>
      <input_file id="fl-b3">
         <path>C:\CCStudio_v6.0\bios_5_42_01_09\packages\ti\bios\lib\</path>
         <kind>archive</kind>
         <file>bios6748.a674</file>
         <name>clk_data.o674</name>
      </input_file>
      <input_file id="fl-b4">
         <path>C:\CCStudio_v6.0\bios_5_42_01_09\packages\ti\bios\lib\</path>
         <kind>archive</kind>
         <file>bios6748.a674</file>
         <name>clk_meas.o674</name>
      </input_file>
      <input_file id="fl-b5">
         <path>C:\gigous2_bkuo\repo\bsl\lib\</path>
         <kind>archive</kind>
         <file>evmomapl138_bsl.lib</file>
         <name>evmomapl138.obj</name>
      </input_file>
      <input_file id="fl-b6">
         <path>C:\CCStudio_v6.0\bios_5_42_01_09\packages\ti\bios\lib\</path>
         <kind>archive</kind>
         <file>bios.a674</file>
         <name>exc_asm.o674</name>
      </input_file>
      <input_file id="fl-b7">
         <path>C:\CCStudio_v6.0\bios_5_42_01_09\packages\ti\bios\lib\</path>
         <kind>archive</kind>
         <file>bios.a674</file>
         <name>exc.o674</name>
      </input_file>
      <input_file id="fl-b8">
         <path>C:\CCStudio_v6.0\bios_5_42_01_09\packages\ti\bios\lib\</path>
         <kind>archive</kind>
         <file>bios.a674</file>
         <name>gbl_cacheinit64P.o674</name>
      </input_file>
      <input_file id="fl-b9">
         <path>C:\CCStudio_v6.0\bios_5_42_01_09\packages\ti\bios\lib\</path>
         <kind>archive</kind>
         <file>bios.a674</file>
         <name>gbl_vers.o674</name>
      </input_file>
      <input_file id="fl-ba">
         <path>C:\gigous2_bkuo\repo\bsl\lib\</path>
         <kind>archive</kind>
         <file>evmomapl138_bsl.lib</file>
         <name>evmomapl138_gpio.obj</name>
      </input_file>
      <input_file id="fl-bb">
         <path>C:\CCStudio_v6.0\bios_5_42_01_09\packages\ti\rtdx\lib\c6000\</path>
         <kind>archive</kind>
         <file>rtdx64xplus.lib</file>
         <name>rtdx_mon.o64P</name>
      </input_file>
      <input_file id="fl-bc">
         <path>C:\CCStudio_v6.0\bios_5_42_01_09\packages\ti\bios\lib\</path>
         <kind>archive</kind>
         <file>bios.a674</file>
         <name>hwi_c.o674</name>
      </input_file>
      <input_file id="fl-bd">
         <path>C:\gigous2_bkuo\repo\bsl\lib\</path>
         <kind>archive</kind>
         <file>evmomapl138_bsl.lib</file>
         <name>evmomapl138_i2c_gpio.obj</name>
      </input_file>
      <input_file id="fl-be">
         <path>C:\gigous2_bkuo\repo\bsl\lib\</path>
         <kind>archive</kind>
         <file>evmomapl138_bsl.lib</file>
         <name>evmomapl138_i2c.obj</name>
      </input_file>
      <input_file id="fl-bf">
         <path>C:\CCStudio_v6.0\bios_5_42_01_09\packages\ti\bios\lib\</path>
         <kind>archive</kind>
         <file>bios.a674</file>
         <name>knl.o674</name>
      </input_file>
      <input_file id="fl-c0">
         <path>C:\CCStudio_v6.0\bios_5_42_01_09\packages\ti\bios\lib\</path>
         <kind>archive</kind>
         <file>bios.a674</file>
         <name>knl_exit.o674</name>
      </input_file>
      <input_file id="fl-c1">
         <path>C:\CCStudio_v6.0\bios_5_42_01_09\packages\ti\bios\lib\</path>
         <kind>archive</kind>
         <file>bios.a674</file>
         <name>knl_chec.o674</name>
      </input_file>
      <input_file id="fl-c2">
         <path>C:\CCStudio_v6.0\bios_5_42_01_09\packages\ti\bios\lib\</path>
         <kind>archive</kind>
         <file>bios.a674</file>
         <name>knl_post.o674</name>
      </input_file>
      <input_file id="fl-c3">
         <path>C:\CCStudio_v6.0\bios_5_42_01_09\packages\ti\bios\lib\</path>
         <kind>archive</kind>
         <file>bios.a674</file>
         <name>knl_ipos.o674</name>
      </input_file>
      <input_file id="fl-c4">
         <path>C:\CCStudio_v6.0\bios_5_42_01_09\packages\ti\bios\lib\</path>
         <kind>archive</kind>
         <file>bios.a674</file>
         <name>knl_run.o674</name>
      </input_file>
      <input_file id="fl-c5">
         <path>C:\CCStudio_v6.0\bios_5_42_01_09\packages\ti\bios\lib\</path>
         <kind>archive</kind>
         <file>bios.a674</file>
         <name>mem_asm.o674</name>
      </input_file>
      <input_file id="fl-c6">
         <path>C:\CCStudio_v6.0\bios_5_42_01_09\packages\ti\bios\lib\</path>
         <kind>archive</kind>
         <file>bios.a674</file>
         <name>mem_init.o674</name>
      </input_file>
      <input_file id="fl-c7">
         <path>C:\CCStudio_v6.0\bios_5_42_01_09\packages\ti\bios\lib\</path>
         <kind>archive</kind>
         <file>bios.a674</file>
         <name>obj_init.o674</name>
      </input_file>
      <input_file id="fl-c8">
         <path>C:\CCStudio_v6.0\bios_5_42_01_09\packages\ti\rtdx\lib\c6000\</path>
         <kind>archive</kind>
         <file>rtdx64xplus.lib</file>
         <name>buffer2.o64P</name>
      </input_file>
      <input_file id="fl-c9">
         <path>C:\CCStudio_v6.0\bios_5_42_01_09\packages\ti\rtdx\lib\c6000\</path>
         <kind>archive</kind>
         <file>rtdx64xplus.lib</file>
         <name>buffer1.o64P</name>
      </input_file>
      <input_file id="fl-ca">
         <path>C:\CCStudio_v6.0\bios_5_42_01_09\packages\ti\rtdx\lib\c6000\</path>
         <kind>archive</kind>
         <file>rtdx64xplus.lib</file>
         <name>intr_tgt.o64P</name>
      </input_file>
      <input_file id="fl-cb">
         <path>C:\CCStudio_v6.0\bios_5_42_01_09\packages\ti\rtdx\lib\c6000\</path>
         <kind>archive</kind>
         <file>rtdx64xplus.lib</file>
         <name>memfill.o64P</name>
      </input_file>
      <input_file id="fl-cc">
         <path>C:\CCStudio_v6.0\bios_5_42_01_09\packages\ti\bios\lib\</path>
         <kind>archive</kind>
         <file>bios.a674</file>
         <name>sem_pend_counting.o674</name>
      </input_file>
      <input_file id="fl-cd">
         <path>C:\CCStudio_v6.0\bios_5_42_01_09\packages\ti\bios\lib\</path>
         <kind>archive</kind>
         <file>bios.a674</file>
         <name>sem_pend.o674</name>
      </input_file>
      <input_file id="fl-ce">
         <path>C:\gigous2_bkuo\repo\bsl\lib\</path>
         <kind>archive</kind>
         <file>evmomapl138_bsl.lib</file>
         <name>evmomapl138_spi.obj</name>
      </input_file>
      <input_file id="fl-cf">
         <path>C:\CCStudio_v6.0\bios_5_42_01_09\packages\ti\bios\lib\</path>
         <kind>archive</kind>
         <file>bios.a674</file>
         <name>sts_set.o674</name>
      </input_file>
      <input_file id="fl-d0">
         <path>C:\CCStudio_v6.0\bios_5_42_01_09\packages\ti\bios\lib\</path>
         <kind>archive</kind>
         <file>bios.a674</file>
         <name>sys_abor.o674</name>
      </input_file>
      <input_file id="fl-d1">
         <path>C:\CCStudio_v6.0\bios_5_42_01_09\packages\ti\bios\lib\</path>
         <kind>archive</kind>
         <file>bios.a674</file>
         <name>tsk.o674</name>
      </input_file>
      <input_file id="fl-d2">
         <path>C:\CCStudio_v6.0\bios_5_42_01_09\packages\ti\bios\lib\</path>
         <kind>archive</kind>
         <file>bios.a674</file>
         <name>tsk_exit.o674</name>
      </input_file>
      <input_file id="fl-d3">
         <path>C:\CCStudio_v6.0\bios_5_42_01_09\packages\ti\bios\lib\</path>
         <kind>archive</kind>
         <file>bios.a674</file>
         <name>sys_exit.o674</name>
      </input_file>
      <input_file id="fl-d4">
         <path>C:\CCStudio_v6.0\bios_5_42_01_09\packages\ti\bios\lib\</path>
         <kind>archive</kind>
         <file>bios.a674</file>
         <name>sys.o674</name>
      </input_file>
      <input_file id="fl-d5">
         <path>C:\CCStudio_v6.0\bios_5_42_01_09\packages\ti\bios\lib\</path>
         <kind>archive</kind>
         <file>bios.a674</file>
         <name>tsk_init.o674</name>
      </input_file>
      <input_file id="fl-d6">
         <path>C:\CCStudio_v6.0\bios_5_42_01_09\packages\ti\bios\lib\</path>
         <kind>archive</kind>
         <file>bios.a674</file>
         <name>tsk_setu.o674</name>
      </input_file>
      <input_file id="fl-d7">
         <path>C:\CCStudio_v6.0\bios_5_42_01_09\packages\ti\bios\lib\</path>
         <kind>archive</kind>
         <file>bios.a674</file>
         <name>tsk_stup.o674</name>
      </input_file>
      <input_file id="fl-d8">
         <path>C:\CCStudio_v6.0\bios_5_42_01_09\packages\ti\bios\lib\</path>
         <kind>archive</kind>
         <file>bios.a674</file>
         <name>lck.o674</name>
      </input_file>
      <input_file id="fl-d9">
         <path>C:\CCStudio_v6.0\bios_5_42_01_09\packages\ti\bios\lib\</path>
         <kind>archive</kind>
         <file>bios.a674</file>
         <name>sem_post_asm.o674</name>
      </input_file>
      <input_file id="fl-da">
         <path>C:\CCStudio_v6.0\bios_5_42_01_09\packages\ti\bios\lib\</path>
         <kind>archive</kind>
         <file>bios.a674</file>
         <name>sem_post.o674</name>
      </input_file>
      <input_file id="fl-db">
         <path>C:\gigous2_bkuo\repo\bsl\lib\</path>
         <kind>archive</kind>
         <file>evmomapl138_bsl.lib</file>
         <name>evmomapl138_uart.obj</name>
      </input_file>
      <input_file id="fl-dc">
         <path>C:\gigous2_bkuo\repo\bsl\lib\</path>
         <kind>archive</kind>
         <file>evmomapl138_bsl.lib</file>
         <name>evmomapl138_timer.obj</name>
      </input_file>
      <input_file id="fl-dd">
         <path>C:\gigous2_bkuo\repo\bsl\lib\</path>
         <kind>archive</kind>
         <file>evmomapl138_bsl.lib</file>
         <name>evmomapl138_vpif.obj</name>
      </input_file>
      <input_file id="fl-de">
         <path>C:\CCStudio_v6.0\bios_5_42_01_09\packages\ti\bios\lib\</path>
         <kind>archive</kind>
         <file>bios.a674</file>
         <name>sem_dopo.o674</name>
      </input_file>
      <input_file id="fl-df">
         <path>C:\CCStudio_v6.0\bios_5_42_01_09\packages\ti\bios\lib\</path>
         <kind>archive</kind>
         <file>bios.a674</file>
         <name>autoinit.o674</name>
      </input_file>
      <input_file id="fl-e0">
         <path>C:\CCStudio_v6.0\ccsv6\tools\compiler\c6000_7.4.8\lib\</path>
         <kind>archive</kind>
         <file>rts6740.lib</file>
         <name>divd.obj</name>
      </input_file>
      <input_file id="fl-e1">
         <path>C:\CCStudio_v6.0\ccsv6\tools\compiler\c6000_7.4.8\lib\</path>
         <kind>archive</kind>
         <file>rts6740.lib</file>
         <name>divf.obj</name>
      </input_file>
      <input_file id="fl-e2">
         <path>C:\CCStudio_v6.0\ccsv6\tools\compiler\c6000_7.4.8\lib\</path>
         <kind>archive</kind>
         <file>rts6740.lib</file>
         <name>divi.obj</name>
      </input_file>
      <input_file id="fl-e3">
         <path>C:\CCStudio_v6.0\ccsv6\tools\compiler\c6000_7.4.8\lib\</path>
         <kind>archive</kind>
         <file>rts6740.lib</file>
         <name>divu.obj</name>
      </input_file>
      <input_file id="fl-e4">
         <path>C:\CCStudio_v6.0\ccsv6\tools\compiler\c6000_7.4.8\lib\</path>
         <kind>archive</kind>
         <file>rts6740.lib</file>
         <name>frcmpyd_div.obj</name>
      </input_file>
      <input_file id="fl-e5">
         <path>C:\CCStudio_v6.0\ccsv6\tools\compiler\c6000_7.4.8\lib\</path>
         <kind>archive</kind>
         <file>rts6740.lib</file>
         <name>llshift.obj</name>
      </input_file>
      <input_file id="fl-e6">
         <path>C:\CCStudio_v6.0\ccsv6\tools\compiler\c6000_7.4.8\lib\</path>
         <kind>archive</kind>
         <file>rts6740.lib</file>
         <name>_lock.obj</name>
      </input_file>
      <input_file id="fl-e7">
         <path>C:\CCStudio_v6.0\ccsv6\tools\compiler\c6000_7.4.8\lib\</path>
         <kind>archive</kind>
         <file>rts6740.lib</file>
         <name>imath40.obj</name>
      </input_file>
      <input_file id="fl-e8">
         <path>C:\CCStudio_v6.0\ccsv6\tools\compiler\c6000_7.4.8\lib\</path>
         <kind>archive</kind>
         <file>rts6740.lib</file>
         <name>atan2f.obj</name>
      </input_file>
      <input_file id="fl-e9">
         <path>C:\CCStudio_v6.0\ccsv6\tools\compiler\c6000_7.4.8\lib\</path>
         <kind>archive</kind>
         <file>rts6740.lib</file>
         <name>atanf.obj</name>
      </input_file>
      <input_file id="fl-ea">
         <path>C:\CCStudio_v6.0\ccsv6\tools\compiler\c6000_7.4.8\lib\</path>
         <kind>archive</kind>
         <file>rts6740.lib</file>
         <name>atexit.obj</name>
      </input_file>
      <input_file id="fl-eb">
         <path>C:\CCStudio_v6.0\ccsv6\tools\compiler\c6000_7.4.8\lib\</path>
         <kind>archive</kind>
         <file>rts6740.lib</file>
         <name>sinit.obj</name>
      </input_file>
      <input_file id="fl-ec">
         <path>C:\CCStudio_v6.0\ccsv6\tools\compiler\c6000_7.4.8\lib\</path>
         <kind>archive</kind>
         <file>rts6740.lib</file>
         <name>exit.obj</name>
      </input_file>
      <input_file id="fl-ed">
         <path>C:\CCStudio_v6.0\ccsv6\tools\compiler\c6000_7.4.8\lib\</path>
         <kind>archive</kind>
         <file>rts6740.lib</file>
         <name>atoi.obj</name>
      </input_file>
      <input_file id="fl-ee">
         <path>C:\CCStudio_v6.0\ccsv6\tools\compiler\c6000_7.4.8\lib\</path>
         <kind>archive</kind>
         <file>rts6740.lib</file>
         <name>ctype.obj</name>
      </input_file>
      <input_file id="fl-ef">
         <path>C:\CCStudio_v6.0\ccsv6\tools\compiler\c6000_7.4.8\lib\</path>
         <kind>archive</kind>
         <file>rts6740.lib</file>
         <name>cos.obj</name>
      </input_file>
      <input_file id="fl-f0">
         <path>C:\CCStudio_v6.0\ccsv6\tools\compiler\c6000_7.4.8\lib\</path>
         <kind>archive</kind>
         <file>rts6740.lib</file>
         <name>round.obj</name>
      </input_file>
      <input_file id="fl-f1">
         <path>C:\CCStudio_v6.0\ccsv6\tools\compiler\c6000_7.4.8\lib\</path>
         <kind>archive</kind>
         <file>rts6740.lib</file>
         <name>trunc.obj</name>
      </input_file>
      <input_file id="fl-f2">
         <path>C:\CCStudio_v6.0\ccsv6\tools\compiler\c6000_7.4.8\lib\</path>
         <kind>archive</kind>
         <file>rts6740.lib</file>
         <name>cosf.obj</name>
      </input_file>
      <input_file id="fl-f3">
         <path>C:\CCStudio_v6.0\ccsv6\tools\compiler\c6000_7.4.8\lib\</path>
         <kind>archive</kind>
         <file>rts6740.lib</file>
         <name>roundf.obj</name>
      </input_file>
      <input_file id="fl-f4">
         <path>C:\CCStudio_v6.0\ccsv6\tools\compiler\c6000_7.4.8\lib\</path>
         <kind>archive</kind>
         <file>rts6740.lib</file>
         <name>truncf.obj</name>
      </input_file>
      <input_file id="fl-f5">
         <path>C:\CCStudio_v6.0\ccsv6\tools\compiler\c6000_7.4.8\lib\</path>
         <kind>archive</kind>
         <file>rts6740.lib</file>
         <name>errno.obj</name>
      </input_file>
      <input_file id="fl-f6">
         <path>C:\CCStudio_v6.0\ccsv6\tools\compiler\c6000_7.4.8\lib\</path>
         <kind>archive</kind>
         <file>rts6740.lib</file>
         <name>fmodf.obj</name>
      </input_file>
      <input_file id="fl-f7">
         <path>C:\CCStudio_v6.0\ccsv6\tools\compiler\c6000_7.4.8\lib\</path>
         <kind>archive</kind>
         <file>rts6740.lib</file>
         <name>frexpf.obj</name>
      </input_file>
      <input_file id="fl-f8">
         <path>C:\CCStudio_v6.0\ccsv6\tools\compiler\c6000_7.4.8\lib\</path>
         <kind>archive</kind>
         <file>rts6740.lib</file>
         <name>ldexpf.obj</name>
      </input_file>
      <input_file id="fl-f9">
         <path>C:\CCStudio_v6.0\ccsv6\tools\compiler\c6000_7.4.8\lib\</path>
         <kind>archive</kind>
         <file>rts6740.lib</file>
         <name>memcpy64.obj</name>
      </input_file>
      <input_file id="fl-fa">
         <path>C:\CCStudio_v6.0\ccsv6\tools\compiler\c6000_7.4.8\lib\</path>
         <kind>archive</kind>
         <file>rts6740.lib</file>
         <name>modf.obj</name>
      </input_file>
      <input_file id="fl-fb">
         <path>C:\CCStudio_v6.0\ccsv6\tools\compiler\c6000_7.4.8\lib\</path>
         <kind>archive</kind>
         <file>rts6740.lib</file>
         <name>modff.obj</name>
      </input_file>
      <input_file id="fl-fc">
         <path>C:\CCStudio_v6.0\ccsv6\tools\compiler\c6000_7.4.8\lib\</path>
         <kind>archive</kind>
         <file>rts6740.lib</file>
         <name>printf.obj</name>
      </input_file>
      <input_file id="fl-fd">
         <path>C:\CCStudio_v6.0\ccsv6\tools\compiler\c6000_7.4.8\lib\</path>
         <kind>archive</kind>
         <file>rts6740.lib</file>
         <name>defs.obj</name>
      </input_file>
      <input_file id="fl-fe">
         <path>C:\CCStudio_v6.0\ccsv6\tools\compiler\c6000_7.4.8\lib\</path>
         <kind>archive</kind>
         <file>rts6740.lib</file>
         <name>_printfi.obj</name>
      </input_file>
      <input_file id="fl-ff">
         <path>C:\CCStudio_v6.0\ccsv6\tools\compiler\c6000_7.4.8\lib\</path>
         <kind>archive</kind>
         <file>rts6740.lib</file>
         <name>isinf.obj</name>
      </input_file>
      <input_file id="fl-100">
         <path>C:\CCStudio_v6.0\ccsv6\tools\compiler\c6000_7.4.8\lib\</path>
         <kind>archive</kind>
         <file>rts6740.lib</file>
         <name>imath64.obj</name>
      </input_file>
      <input_file id="fl-101">
         <path>C:\CCStudio_v6.0\ccsv6\tools\compiler\c6000_7.4.8\lib\</path>
         <kind>archive</kind>
         <file>rts6740.lib</file>
         <name>fixdli.obj</name>
      </input_file>
      <input_file id="fl-102">
         <path>C:\CCStudio_v6.0\ccsv6\tools\compiler\c6000_7.4.8\lib\</path>
         <kind>archive</kind>
         <file>rts6740.lib</file>
         <name>fltlid.obj</name>
      </input_file>
      <input_file id="fl-103">
         <path>C:\CCStudio_v6.0\ccsv6\tools\compiler\c6000_7.4.8\lib\</path>
         <kind>archive</kind>
         <file>rts6740.lib</file>
         <name>negll.obj</name>
      </input_file>
      <input_file id="fl-104">
         <path>C:\CCStudio_v6.0\ccsv6\tools\compiler\c6000_7.4.8\lib\</path>
         <kind>archive</kind>
         <file>rts6740.lib</file>
         <name>fputc.obj</name>
      </input_file>
      <input_file id="fl-105">
         <path>C:\CCStudio_v6.0\ccsv6\tools\compiler\c6000_7.4.8\lib\</path>
         <kind>archive</kind>
         <file>rts6740.lib</file>
         <name>fflush.obj</name>
      </input_file>
      <input_file id="fl-106">
         <path>C:\CCStudio_v6.0\ccsv6\tools\compiler\c6000_7.4.8\lib\</path>
         <kind>archive</kind>
         <file>rts6740.lib</file>
         <name>_io_perm.obj</name>
      </input_file>
      <input_file id="fl-107">
         <path>C:\CCStudio_v6.0\ccsv6\tools\compiler\c6000_7.4.8\lib\</path>
         <kind>archive</kind>
         <file>rts6740.lib</file>
         <name>fputs.obj</name>
      </input_file>
      <input_file id="fl-108">
         <path>C:\CCStudio_v6.0\ccsv6\tools\compiler\c6000_7.4.8\lib\</path>
         <kind>archive</kind>
         <file>rts6740.lib</file>
         <name>fseek.obj</name>
      </input_file>
      <input_file id="fl-109">
         <path>C:\CCStudio_v6.0\ccsv6\tools\compiler\c6000_7.4.8\lib\</path>
         <kind>archive</kind>
         <file>rts6740.lib</file>
         <name>abs.obj</name>
      </input_file>
      <input_file id="fl-10a">
         <path>C:\CCStudio_v6.0\ccsv6\tools\compiler\c6000_7.4.8\lib\</path>
         <kind>archive</kind>
         <file>rts6740.lib</file>
         <name>lowlev.obj</name>
      </input_file>
      <input_file id="fl-10b">
         <path>C:\CCStudio_v6.0\ccsv6\tools\compiler\c6000_7.4.8\lib\</path>
         <kind>archive</kind>
         <file>rts6740.lib</file>
         <name>trgdrv.obj</name>
      </input_file>
      <input_file id="fl-10c">
         <path>C:\CCStudio_v6.0\ccsv6\tools\compiler\c6000_7.4.8\lib\</path>
         <kind>archive</kind>
         <file>rts6740.lib</file>
         <name>ltoa.obj</name>
      </input_file>
      <input_file id="fl-10d">
         <path>C:\CCStudio_v6.0\ccsv6\tools\compiler\c6000_7.4.8\lib\</path>
         <kind>archive</kind>
         <file>rts6740.lib</file>
         <name>memccpy.obj</name>
      </input_file>
      <input_file id="fl-10e">
         <path>C:\CCStudio_v6.0\ccsv6\tools\compiler\c6000_7.4.8\lib\</path>
         <kind>archive</kind>
         <file>rts6740.lib</file>
         <name>memset.obj</name>
      </input_file>
      <input_file id="fl-10f">
         <path>C:\CCStudio_v6.0\ccsv6\tools\compiler\c6000_7.4.8\lib\</path>
         <kind>archive</kind>
         <file>rts6740.lib</file>
         <name>trgmsg.obj</name>
      </input_file>
      <input_file id="fl-110">
         <path>C:\CCStudio_v6.0\ccsv6\tools\compiler\c6000_7.4.8\lib\</path>
         <kind>archive</kind>
         <file>rts6740.lib</file>
         <name>setvbuf.obj</name>
      </input_file>
      <input_file id="fl-111">
         <path>C:\CCStudio_v6.0\ccsv6\tools\compiler\c6000_7.4.8\lib\</path>
         <kind>archive</kind>
         <file>rts6740.lib</file>
         <name>fopen.obj</name>
      </input_file>
      <input_file id="fl-112">
         <path>C:\CCStudio_v6.0\ccsv6\tools\compiler\c6000_7.4.8\lib\</path>
         <kind>archive</kind>
         <file>rts6740.lib</file>
         <name>fclose.obj</name>
      </input_file>
      <input_file id="fl-113">
         <path>C:\CCStudio_v6.0\bios_5_42_01_09\packages\ti\bios\lib\</path>
         <kind>archive</kind>
         <file>bios.a674</file>
         <name>malloc.o674</name>
      </input_file>
      <input_file id="fl-114">
         <path>C:\CCStudio_v6.0\bios_5_42_01_09\packages\ti\bios\lib\</path>
         <kind>archive</kind>
         <file>bios.a674</file>
         <name>mem_allo.o674</name>
      </input_file>
      <input_file id="fl-115">
         <path>C:\CCStudio_v6.0\bios_5_42_01_09\packages\ti\bios\lib\</path>
         <kind>archive</kind>
         <file>bios.a674</file>
         <name>mem_free.o674</name>
      </input_file>
      <input_file id="fl-116">
         <path>C:\CCStudio_v6.0\bios_5_42_01_09\packages\ti\bios\lib\</path>
         <kind>archive</kind>
         <file>bios.a674</file>
         <name>sys_erro.o674</name>
      </input_file>
      <input_file id="fl-117">
         <path>C:\CCStudio_v6.0\ccsv6\tools\compiler\c6000_7.4.8\lib\</path>
         <kind>archive</kind>
         <file>rts6740.lib</file>
         <name>remove.obj</name>
      </input_file>
      <input_file id="fl-118">
         <path>C:\CCStudio_v6.0\ccsv6\tools\compiler\c6000_7.4.8\lib\</path>
         <kind>archive</kind>
         <file>rts6740.lib</file>
         <name>sin.obj</name>
      </input_file>
      <input_file id="fl-119">
         <path>C:\CCStudio_v6.0\ccsv6\tools\compiler\c6000_7.4.8\lib\</path>
         <kind>archive</kind>
         <file>rts6740.lib</file>
         <name>sinf.obj</name>
      </input_file>
      <input_file id="fl-11a">
         <path>C:\CCStudio_v6.0\ccsv6\tools\compiler\c6000_7.4.8\lib\</path>
         <kind>archive</kind>
         <file>rts6740.lib</file>
         <name>sprintf.obj</name>
      </input_file>
      <input_file id="fl-11b">
         <path>C:\CCStudio_v6.0\ccsv6\tools\compiler\c6000_7.4.8\lib\</path>
         <kind>archive</kind>
         <file>rts6740.lib</file>
         <name>sqrtf.obj</name>
      </input_file>
      <input_file id="fl-11c">
         <path>C:\CCStudio_v6.0\ccsv6\tools\compiler\c6000_7.4.8\lib\</path>
         <kind>archive</kind>
         <file>rts6740.lib</file>
         <name>sscanf.obj</name>
      </input_file>
      <input_file id="fl-11d">
         <path>C:\CCStudio_v6.0\ccsv6\tools\compiler\c6000_7.4.8\lib\</path>
         <kind>archive</kind>
         <file>rts6740.lib</file>
         <name>_scanfi.obj</name>
      </input_file>
      <input_file id="fl-11e">
         <path>C:\CCStudio_v6.0\ccsv6\tools\compiler\c6000_7.4.8\lib\</path>
         <kind>archive</kind>
         <file>rts6740.lib</file>
         <name>strtod.obj</name>
      </input_file>
      <input_file id="fl-11f">
         <path>C:\CCStudio_v6.0\ccsv6\tools\compiler\c6000_7.4.8\lib\</path>
         <kind>archive</kind>
         <file>rts6740.lib</file>
         <name>strtol.obj</name>
      </input_file>
      <input_file id="fl-120">
         <path>C:\CCStudio_v6.0\ccsv6\tools\compiler\c6000_7.4.8\lib\</path>
         <kind>archive</kind>
         <file>rts6740.lib</file>
         <name>strtold.obj</name>
      </input_file>
      <input_file id="fl-121">
         <path>C:\CCStudio_v6.0\ccsv6\tools\compiler\c6000_7.4.8\lib\</path>
         <kind>archive</kind>
         <file>rts6740.lib</file>
         <name>strtoll.obj</name>
      </input_file>
      <input_file id="fl-122">
         <path>C:\CCStudio_v6.0\ccsv6\tools\compiler\c6000_7.4.8\lib\</path>
         <kind>archive</kind>
         <file>rts6740.lib</file>
         <name>strtoul.obj</name>
      </input_file>
      <input_file id="fl-123">
         <path>C:\CCStudio_v6.0\ccsv6\tools\compiler\c6000_7.4.8\lib\</path>
         <kind>archive</kind>
         <file>rts6740.lib</file>
         <name>strtoull.obj</name>
      </input_file>
      <input_file id="fl-124">
         <path>C:\CCStudio_v6.0\ccsv6\tools\compiler\c6000_7.4.8\lib\</path>
         <kind>archive</kind>
         <file>rts6740.lib</file>
         <name>vsprintf.obj</name>
      </input_file>
   </input_file_list>
   <object_component_list>
      <object_component id="oc-7f">
         <name>.vers</name>
         <load_address>0x0</load_address>
         <run_address>0x0</run_address>
         <size>0x44</size>
         <input_file_ref idref="fl-e"/>
      </object_component>
      <object_component id="oc-6b">
         <name>.clk</name>
         <uninitialized>true</uninitialized>
         <run_address>0x11825c18</run_address>
         <size>0x8</size>
         <input_file_ref idref="fl-e"/>
      </object_component>
      <object_component id="oc-6c">
         <name>.prd</name>
         <uninitialized>true</uninitialized>
         <run_address>0x11826bbc</run_address>
         <size>0x40</size>
         <input_file_ref idref="fl-e"/>
      </object_component>
      <object_component id="oc-74">
         <name>.swi</name>
         <uninitialized>true</uninitialized>
         <run_address>0x11827420</run_address>
         <size>0xdc</size>
         <input_file_ref idref="fl-e"/>
      </object_component>
      <object_component id="oc-75">
         <name>.tsk</name>
         <uninitialized>true</uninitialized>
         <run_address>0x11827200</run_address>
         <size>0x120</size>
         <input_file_ref idref="fl-e"/>
      </object_component>
      <object_component id="oc-7a">
         <name>.idl</name>
         <uninitialized>true</uninitialized>
         <run_address>0x11813970</run_address>
         <size>0x10</size>
         <input_file_ref idref="fl-e"/>
      </object_component>
      <object_component id="oc-79">
         <name>.idlcal</name>
         <uninitialized>true</uninitialized>
         <run_address>0x11819590</run_address>
         <size>0x10</size>
         <input_file_ref idref="fl-e"/>
      </object_component>
      <object_component id="oc-4c">
         <name>.bss</name>
         <uninitialized>true</uninitialized>
         <run_address>0x11825520</run_address>
         <size>0x38</size>
         <input_file_ref idref="fl-e"/>
      </object_component>
      <object_component id="oc-58">
         <name>.bss</name>
         <uninitialized>true</uninitialized>
         <run_address>0x11825440</run_address>
         <size>0x5c</size>
         <input_file_ref idref="fl-b"/>
      </object_component>
      <object_component id="oc-87">
         <name>.bss</name>
         <uninitialized>true</uninitialized>
         <run_address>0x118253d4</run_address>
         <size>0x6c</size>
         <input_file_ref idref="fl-10"/>
      </object_component>
      <object_component id="oc-8f">
         <name>.bss</name>
         <uninitialized>true</uninitialized>
         <run_address>0x118255f0</run_address>
         <size>0x8</size>
         <input_file_ref idref="fl-11"/>
      </object_component>
      <object_component id="oc-95">
         <name>.bss</name>
         <uninitialized>true</uninitialized>
         <run_address>0x11825100</run_address>
         <size>0xe4</size>
         <input_file_ref idref="fl-12"/>
      </object_component>
      <object_component id="oc-9c">
         <name>.bss</name>
         <uninitialized>true</uninitialized>
         <run_address>0x118255e4</run_address>
         <size>0xb</size>
         <input_file_ref idref="fl-13"/>
      </object_component>
      <object_component id="oc-a3">
         <name>.bss</name>
         <uninitialized>true</uninitialized>
         <run_address>0x118254e8</run_address>
         <size>0x38</size>
         <input_file_ref idref="fl-14"/>
      </object_component>
      <object_component id="oc-aa">
         <name>.bss</name>
         <uninitialized>true</uninitialized>
         <run_address>0x1182534c</run_address>
         <size>0x88</size>
         <input_file_ref idref="fl-15"/>
      </object_component>
      <object_component id="oc-b1">
         <name>.bss</name>
         <uninitialized>true</uninitialized>
         <run_address>0x118251e4</run_address>
         <size>0xcc</size>
         <input_file_ref idref="fl-92"/>
      </object_component>
      <object_component id="oc-b3">
         <name>.bss</name>
         <uninitialized>true</uninitialized>
         <run_address>0x11825000</run_address>
         <size>0x100</size>
         <input_file_ref idref="fl-93"/>
      </object_component>
      <object_component id="oc-ba">
         <name>.bss</name>
         <uninitialized>true</uninitialized>
         <run_address>0x11825590</run_address>
         <size>0x18</size>
         <input_file_ref idref="fl-95"/>
      </object_component>
      <object_component id="oc-c0">
         <name>.bss</name>
         <uninitialized>true</uninitialized>
         <run_address>0x118252b0</run_address>
         <size>0x9c</size>
         <input_file_ref idref="fl-96"/>
      </object_component>
      <object_component id="oc-f1">
         <name>.bss</name>
         <uninitialized>true</uninitialized>
         <run_address>0x11825578</run_address>
         <size>0x18</size>
         <input_file_ref idref="fl-a3"/>
      </object_component>
      <object_component id="oc-f3">
         <name>.bss</name>
         <uninitialized>true</uninitialized>
         <run_address>0x11825608</run_address>
         <size>0x4</size>
         <input_file_ref idref="fl-a4"/>
      </object_component>
      <object_component id="oc-127">
         <name>.bss</name>
         <uninitialized>true</uninitialized>
         <run_address>0x118255f8</run_address>
         <size>0x8</size>
         <input_file_ref idref="fl-b0"/>
      </object_component>
      <object_component id="oc-12e">
         <name>.bss</name>
         <uninitialized>true</uninitialized>
         <run_address>0x118254e4</run_address>
         <size>0x4</size>
         <input_file_ref idref="fl-b2"/>
      </object_component>
      <object_component id="oc-13d">
         <name>.bss</name>
         <uninitialized>true</uninitialized>
         <run_address>0x11825558</run_address>
         <size>0x20</size>
         <input_file_ref idref="fl-b6"/>
      </object_component>
      <object_component id="oc-143">
         <name>.bss</name>
         <uninitialized>true</uninitialized>
         <run_address>0x118255a8</run_address>
         <size>0x10</size>
         <input_file_ref idref="fl-b7"/>
      </object_component>
      <object_component id="oc-155">
         <name>.bss</name>
         <uninitialized>true</uninitialized>
         <run_address>0x118255c8</run_address>
         <size>0x10</size>
         <input_file_ref idref="fl-bb"/>
      </object_component>
      <object_component id="oc-165">
         <name>.bss</name>
         <uninitialized>true</uninitialized>
         <run_address>0x11825610</run_address>
         <size>0x4</size>
         <input_file_ref idref="fl-be"/>
      </object_component>
      <object_component id="oc-16a">
         <name>.bss</name>
         <uninitialized>true</uninitialized>
         <run_address>0x1182549c</run_address>
         <size>0x48</size>
         <input_file_ref idref="fl-bf"/>
      </object_component>
      <object_component id="oc-17f">
         <name>.bss</name>
         <uninitialized>true</uninitialized>
         <run_address>0x1182560c</run_address>
         <size>0x4</size>
         <input_file_ref idref="fl-c5"/>
      </object_component>
      <object_component id="oc-18b">
         <name>.bss</name>
         <uninitialized>true</uninitialized>
         <run_address>0x118255b8</run_address>
         <size>0x10</size>
         <input_file_ref idref="fl-c9"/>
      </object_component>
      <object_component id="oc-1ab">
         <name>.bss</name>
         <uninitialized>true</uninitialized>
         <run_address>0x118255d8</run_address>
         <size>0xc</size>
         <input_file_ref idref="fl-d1"/>
      </object_component>
      <object_component id="oc-1b7">
         <name>.bss</name>
         <uninitialized>true</uninitialized>
         <run_address>0x11825600</run_address>
         <size>0x8</size>
         <input_file_ref idref="fl-d4"/>
      </object_component>
      <object_component id="oc-73">
         <name>.hwi_vec</name>
         <load_address>0x11826c00</load_address>
         <run_address>0x11826c00</run_address>
         <size>0x200</size>
         <input_file_ref idref="fl-e"/>
      </object_component>
      <object_component id="oc-5b">
         <name>.far</name>
         <uninitialized>true</uninitialized>
         <run_address>0x118169c8</run_address>
         <size>0x11d0</size>
         <input_file_ref idref="fl-b"/>
      </object_component>
      <object_component id="oc-8a">
         <name>.far</name>
         <uninitialized>true</uninitialized>
         <run_address>0x118153a8</run_address>
         <size>0x1620</size>
         <input_file_ref idref="fl-10"/>
      </object_component>
      <object_component id="oc-98">
         <name>.far</name>
         <uninitialized>true</uninitialized>
         <run_address>0x11813980</run_address>
         <size>0x1a24</size>
         <input_file_ref idref="fl-12"/>
      </object_component>
      <object_component id="oc-a6">
         <name>.far</name>
         <uninitialized>true</uninitialized>
         <run_address>0x11819000</run_address>
         <size>0x168</size>
         <input_file_ref idref="fl-14"/>
      </object_component>
      <object_component id="oc-ad">
         <name>.far</name>
         <uninitialized>true</uninitialized>
         <run_address>0x11817b98</run_address>
         <size>0xfa0</size>
         <input_file_ref idref="fl-15"/>
      </object_component>
      <object_component id="oc-d0">
         <name>.far</name>
         <uninitialized>true</uninitialized>
         <run_address>0x11819538</run_address>
         <size>0x10</size>
         <input_file_ref idref="fl-9a"/>
      </object_component>
      <object_component id="oc-dd">
         <name>.far</name>
         <uninitialized>true</uninitialized>
         <run_address>0x11819568</run_address>
         <size>0xc</size>
         <input_file_ref idref="fl-9d"/>
      </object_component>
      <object_component id="oc-124">
         <name>.far</name>
         <uninitialized>true</uninitialized>
         <run_address>0x118153a4</run_address>
         <size>0x4</size>
         <input_file_ref idref="fl-af"/>
      </object_component>
      <object_component id="oc-132">
         <name>.far</name>
         <uninitialized>true</uninitialized>
         <run_address>0x11818e5c</run_address>
         <size>0x4</size>
         <input_file_ref idref="fl-b3"/>
      </object_component>
      <object_component id="oc-146">
         <name>.far</name>
         <uninitialized>true</uninitialized>
         <run_address>0x11819528</run_address>
         <size>0x10</size>
         <input_file_ref idref="fl-b7"/>
      </object_component>
      <object_component id="oc-159">
         <name>.far</name>
         <uninitialized>true</uninitialized>
         <run_address>0x11818fe8</run_address>
         <size>0x18</size>
         <input_file_ref idref="fl-bb"/>
      </object_component>
      <object_component id="oc-16d">
         <name>.far</name>
         <uninitialized>true</uninitialized>
         <run_address>0x11819288</run_address>
         <size>0xd8</size>
         <input_file_ref idref="fl-bf"/>
      </object_component>
      <object_component id="oc-185">
         <name>.far</name>
         <uninitialized>true</uninitialized>
         <run_address>0x118193c0</run_address>
         <size>0x54</size>
         <input_file_ref idref="fl-c7"/>
      </object_component>
      <object_component id="oc-1ae">
         <name>.far</name>
         <uninitialized>true</uninitialized>
         <run_address>0x11819360</run_address>
         <size>0x5c</size>
         <input_file_ref idref="fl-d1"/>
      </object_component>
      <object_component id="oc-1ba">
         <name>.far</name>
         <uninitialized>true</uninitialized>
         <run_address>0x118194e8</run_address>
         <size>0x20</size>
         <input_file_ref idref="fl-d4"/>
      </object_component>
      <object_component id="oc-1c4">
         <name>.far</name>
         <uninitialized>true</uninitialized>
         <run_address>0x11819414</run_address>
         <size>0x50</size>
         <input_file_ref idref="fl-d7"/>
      </object_component>
      <object_component id="oc-1f9">
         <name>.far</name>
         <uninitialized>true</uninitialized>
         <run_address>0x11819580</run_address>
         <size>0x8</size>
         <input_file_ref idref="fl-e6"/>
      </object_component>
      <object_component id="oc-204">
         <name>.far</name>
         <uninitialized>true</uninitialized>
         <run_address>0x11819508</run_address>
         <size>0x20</size>
         <input_file_ref idref="fl-e9"/>
      </object_component>
      <object_component id="oc-209">
         <name>.far</name>
         <uninitialized>true</uninitialized>
         <run_address>0x11818e60</run_address>
         <size>0x188</size>
         <input_file_ref idref="fl-ea"/>
      </object_component>
      <object_component id="oc-20e">
         <name>.far</name>
         <uninitialized>true</uninitialized>
         <run_address>0x11819464</run_address>
         <size>0x4</size>
         <input_file_ref idref="fl-eb"/>
      </object_component>
      <object_component id="oc-213">
         <name>.far</name>
         <uninitialized>true</uninitialized>
         <run_address>0x11819574</run_address>
         <size>0xc</size>
         <input_file_ref idref="fl-ec"/>
      </object_component>
      <object_component id="oc-21d">
         <name>.far</name>
         <uninitialized>true</uninitialized>
         <run_address>0x11819468</run_address>
         <size>0x40</size>
         <input_file_ref idref="fl-ef"/>
      </object_component>
      <object_component id="oc-228">
         <name>.far</name>
         <uninitialized>true</uninitialized>
         <run_address>0x11819548</run_address>
         <size>0x10</size>
         <input_file_ref idref="fl-f2"/>
      </object_component>
      <object_component id="oc-233">
         <name>.far</name>
         <uninitialized>true</uninitialized>
         <run_address>0x11819284</run_address>
         <size>0x4</size>
         <input_file_ref idref="fl-f5"/>
      </object_component>
      <object_component id="oc-24c">
         <name>.far</name>
         <uninitialized>true</uninitialized>
         <run_address>0x11818b38</run_address>
         <size>0x324</size>
         <input_file_ref idref="fl-fd"/>
      </object_component>
      <object_component id="oc-276">
         <name>.far</name>
         <uninitialized>true</uninitialized>
         <run_address>0x11819168</run_address>
         <size>0x11c</size>
         <input_file_ref idref="fl-10a"/>
      </object_component>
      <object_component id="oc-27a">
         <name>.far</name>
         <uninitialized>true</uninitialized>
         <run_address>0x11819588</run_address>
         <size>0x8</size>
         <input_file_ref idref="fl-10b"/>
      </object_component>
      <object_component id="oc-28f">
         <name>.far</name>
         <uninitialized>true</uninitialized>
         <run_address>0x118193bc</run_address>
         <size>0x4</size>
         <input_file_ref idref="fl-111"/>
      </object_component>
      <object_component id="oc-2a8">
         <name>.far</name>
         <uninitialized>true</uninitialized>
         <run_address>0x118194a8</run_address>
         <size>0x40</size>
         <input_file_ref idref="fl-118"/>
      </object_component>
      <object_component id="oc-2ad">
         <name>.far</name>
         <uninitialized>true</uninitialized>
         <run_address>0x11819558</run_address>
         <size>0x10</size>
         <input_file_ref idref="fl-119"/>
      </object_component>
      <object_component id="oc-67">
         <name>.mem</name>
         <uninitialized>true</uninitialized>
         <run_address>0x118237fc</run_address>
         <size>0x4</size>
         <input_file_ref idref="fl-e"/>
      </object_component>
      <object_component id="oc-bc">
         <name>.bios</name>
         <load_address>0x118195a0</load_address>
         <run_address>0x118195a0</run_address>
         <size>0x5c0</size>
         <input_file_ref idref="fl-95"/>
      </object_component>
      <object_component id="oc-2e1">
         <name>.bios</name>
         <load_address>0x11819b60</load_address>
         <run_address>0x11819b60</run_address>
         <size>0x580</size>
         <input_file_ref idref="fl-b7"/>
      </object_component>
      <object_component id="oc-4d">
         <name>.bios</name>
         <load_address>0x1181a0e0</load_address>
         <run_address>0x1181a0e0</run_address>
         <size>0x4e0</size>
         <input_file_ref idref="fl-93"/>
      </object_component>
      <object_component id="oc-4b">
         <name>.bios</name>
         <load_address>0x1181a5c0</load_address>
         <run_address>0x1181a5c0</run_address>
         <size>0x4c0</size>
         <input_file_ref idref="fl-96"/>
      </object_component>
      <object_component id="oc-10e">
         <name>.bios</name>
         <load_address>0x1181aa80</load_address>
         <run_address>0x1181aa80</run_address>
         <size>0x380</size>
         <input_file_ref idref="fl-aa"/>
      </object_component>
      <object_component id="oc-37b">
         <name>.bios</name>
         <load_address>0x1181ae00</load_address>
         <run_address>0x1181ae00</run_address>
         <size>0x280</size>
         <input_file_ref idref="fl-113"/>
      </object_component>
      <object_component id="oc-113">
         <name>.bios</name>
         <load_address>0x1181b080</load_address>
         <run_address>0x1181b080</run_address>
         <size>0x280</size>
         <input_file_ref idref="fl-ab"/>
      </object_component>
      <object_component id="oc-2da">
         <name>.bios</name>
         <load_address>0x1181b300</load_address>
         <run_address>0x1181b300</run_address>
         <size>0x240</size>
         <input_file_ref idref="fl-c4"/>
      </object_component>
      <object_component id="oc-381">
         <name>.bios:.near</name>
         <load_address>0x1181b540</load_address>
         <run_address>0x1181b540</run_address>
         <size>0x200</size>
         <input_file_ref idref="fl-114"/>
      </object_component>
      <object_component id="oc-50">
         <name>.bios</name>
         <load_address>0x1181b740</load_address>
         <run_address>0x1181b740</run_address>
         <size>0x200</size>
         <input_file_ref idref="fl-9a"/>
      </object_component>
      <object_component id="oc-380">
         <name>.bios:.near</name>
         <load_address>0x1181b940</load_address>
         <run_address>0x1181b940</run_address>
         <size>0x1e0</size>
         <input_file_ref idref="fl-115"/>
      </object_component>
      <object_component id="oc-13f">
         <name>.bios</name>
         <load_address>0x1181bb20</load_address>
         <run_address>0x1181bb20</run_address>
         <size>0x1e0</size>
         <input_file_ref idref="fl-b6"/>
      </object_component>
      <object_component id="oc-10a">
         <name>.bios</name>
         <load_address>0x1181bd00</load_address>
         <run_address>0x1181bd00</run_address>
         <size>0x1e0</size>
         <input_file_ref idref="fl-a9"/>
      </object_component>
      <object_component id="oc-2e9">
         <name>.bios</name>
         <load_address>0x1181bee0</load_address>
         <run_address>0x1181bee0</run_address>
         <size>0x1e0</size>
         <input_file_ref idref="fl-cd"/>
      </object_component>
      <object_component id="oc-2ea">
         <name>.bios</name>
         <load_address>0x1181c0c0</load_address>
         <run_address>0x1181c0c0</run_address>
         <size>0x1a0</size>
         <input_file_ref idref="fl-de"/>
      </object_component>
      <object_component id="oc-2e3">
         <name>.bios</name>
         <load_address>0x1181c260</load_address>
         <run_address>0x1181c260</run_address>
         <size>0x1a0</size>
         <input_file_ref idref="fl-d6"/>
      </object_component>
      <object_component id="oc-e3">
         <name>.bios</name>
         <load_address>0x1181c400</load_address>
         <run_address>0x1181c400</run_address>
         <size>0x1a0</size>
         <input_file_ref idref="fl-9f"/>
      </object_component>
      <object_component id="oc-102">
         <name>.bios</name>
         <load_address>0x1181c5a0</load_address>
         <run_address>0x1181c5a0</run_address>
         <size>0x180</size>
         <input_file_ref idref="fl-a7"/>
      </object_component>
      <object_component id="oc-300">
         <name>.bios</name>
         <load_address>0x1181c720</load_address>
         <run_address>0x1181c720</run_address>
         <size>0x180</size>
         <input_file_ref idref="fl-ae"/>
      </object_component>
      <object_component id="oc-2d1">
         <name>.bios</name>
         <load_address>0x1181c8a0</load_address>
         <run_address>0x1181c8a0</run_address>
         <size>0x140</size>
         <input_file_ref idref="fl-df"/>
      </object_component>
      <object_component id="oc-2dd">
         <name>.bios</name>
         <load_address>0x1181c9e0</load_address>
         <run_address>0x1181c9e0</run_address>
         <size>0x140</size>
         <input_file_ref idref="fl-d2"/>
      </object_component>
      <object_component id="oc-314">
         <name>.bios</name>
         <load_address>0x1181cb20</load_address>
         <run_address>0x1181cb20</run_address>
         <size>0x140</size>
         <input_file_ref idref="fl-97"/>
      </object_component>
      <object_component id="oc-2df">
         <name>.bios</name>
         <load_address>0x1181cc60</load_address>
         <run_address>0x1181cc60</run_address>
         <size>0x120</size>
         <input_file_ref idref="fl-b8"/>
      </object_component>
      <object_component id="oc-172">
         <name>.bios</name>
         <load_address>0x1181cd80</load_address>
         <run_address>0x1181cd80</run_address>
         <size>0x120</size>
         <input_file_ref idref="fl-c1"/>
      </object_component>
      <object_component id="oc-2e4">
         <name>.bios</name>
         <load_address>0x1181cea0</load_address>
         <run_address>0x1181cea0</run_address>
         <size>0x120</size>
         <input_file_ref idref="fl-d7"/>
      </object_component>
      <object_component id="oc-1cb">
         <name>.bios</name>
         <load_address>0x1181cfc0</load_address>
         <run_address>0x1181cfc0</run_address>
         <size>0xe0</size>
         <input_file_ref idref="fl-d9"/>
      </object_component>
      <object_component id="oc-2dc">
         <name>.bios</name>
         <load_address>0x1181d0a0</load_address>
         <run_address>0x1181d0a0</run_address>
         <size>0xc0</size>
         <input_file_ref idref="fl-c0"/>
      </object_component>
      <object_component id="oc-2ec">
         <name>.bios</name>
         <load_address>0x1181d160</load_address>
         <run_address>0x1181d160</run_address>
         <size>0xa0</size>
         <input_file_ref idref="fl-da"/>
      </object_component>
      <object_component id="oc-30c">
         <name>.bios</name>
         <load_address>0x1181d200</load_address>
         <run_address>0x1181d200</run_address>
         <size>0xa0</size>
         <input_file_ref idref="fl-d3"/>
      </object_component>
      <object_component id="oc-2eb">
         <name>.bios</name>
         <load_address>0x1181d2a0</load_address>
         <run_address>0x1181d2a0</run_address>
         <size>0x80</size>
         <input_file_ref idref="fl-c3"/>
      </object_component>
      <object_component id="oc-2d3">
         <name>.bios</name>
         <load_address>0x1181d320</load_address>
         <run_address>0x1181d320</run_address>
         <size>0x80</size>
         <input_file_ref idref="fl-c2"/>
      </object_component>
      <object_component id="oc-316">
         <name>.bios</name>
         <load_address>0x1181d3a0</load_address>
         <run_address>0x1181d3a0</run_address>
         <size>0x80</size>
         <input_file_ref idref="fl-d8"/>
      </object_component>
      <object_component id="oc-106">
         <name>.bios</name>
         <load_address>0x1181d420</load_address>
         <run_address>0x1181d420</run_address>
         <size>0x80</size>
         <input_file_ref idref="fl-a8"/>
      </object_component>
      <object_component id="oc-32c">
         <name>.bios</name>
         <load_address>0x1181d4a0</load_address>
         <run_address>0x1181d4a0</run_address>
         <size>0x80</size>
         <input_file_ref idref="fl-af"/>
      </object_component>
      <object_component id="oc-f9">
         <name>.bios</name>
         <load_address>0x1181d520</load_address>
         <run_address>0x1181d520</run_address>
         <size>0x80</size>
         <input_file_ref idref="fl-a5"/>
      </object_component>
      <object_component id="oc-383">
         <name>.bios:.near</name>
         <load_address>0x1181d5a0</load_address>
         <run_address>0x1181d5a0</run_address>
         <size>0x60</size>
         <input_file_ref idref="fl-116"/>
      </object_component>
      <object_component id="oc-e7">
         <name>.bios</name>
         <load_address>0x1181d600</load_address>
         <run_address>0x1181d600</run_address>
         <size>0x60</size>
         <input_file_ref idref="fl-a0"/>
      </object_component>
      <object_component id="oc-15d">
         <name>.bios</name>
         <load_address>0x1181d660</load_address>
         <run_address>0x1181d660</run_address>
         <size>0x60</size>
         <input_file_ref idref="fl-bc"/>
      </object_component>
      <object_component id="oc-f5">
         <name>.bios</name>
         <load_address>0x1181d6c0</load_address>
         <run_address>0x1181d6c0</run_address>
         <size>0x60</size>
         <input_file_ref idref="fl-a4"/>
      </object_component>
      <object_component id="oc-199">
         <name>.bios</name>
         <load_address>0x1181d720</load_address>
         <run_address>0x1181d720</run_address>
         <size>0x60</size>
         <input_file_ref idref="fl-cc"/>
      </object_component>
      <object_component id="oc-11b">
         <name>.bios</name>
         <load_address>0x1181d780</load_address>
         <run_address>0x1181d780</run_address>
         <size>0x60</size>
         <input_file_ref idref="fl-ad"/>
      </object_component>
      <object_component id="oc-315">
         <name>.bios</name>
         <load_address>0x1181d7e0</load_address>
         <run_address>0x1181d7e0</run_address>
         <size>0x60</size>
         <input_file_ref idref="fl-d0"/>
      </object_component>
      <object_component id="oc-134">
         <name>.bios</name>
         <load_address>0x1181d840</load_address>
         <run_address>0x1181d840</run_address>
         <size>0x60</size>
         <input_file_ref idref="fl-b4"/>
      </object_component>
      <object_component id="oc-49">
         <name>.bios</name>
         <load_address>0x1181d8a0</load_address>
         <run_address>0x1181d8a0</run_address>
         <size>0x40</size>
         <input_file_ref idref="fl-94"/>
      </object_component>
      <object_component id="oc-117">
         <name>.bios</name>
         <load_address>0x1181d8e0</load_address>
         <run_address>0x1181d8e0</run_address>
         <size>0x40</size>
         <input_file_ref idref="fl-ac"/>
      </object_component>
      <object_component id="oc-48">
         <name>.bios</name>
         <load_address>0x1181d920</load_address>
         <run_address>0x1181d920</run_address>
         <size>0x40</size>
         <input_file_ref idref="fl-9b"/>
      </object_component>
      <object_component id="oc-4f">
         <name>.bios</name>
         <load_address>0x1181d960</load_address>
         <run_address>0x1181d960</run_address>
         <size>0x40</size>
         <input_file_ref idref="fl-9d"/>
      </object_component>
      <object_component id="oc-12a">
         <name>.bios</name>
         <load_address>0x1181d9a0</load_address>
         <run_address>0x1181d9a0</run_address>
         <size>0x20</size>
         <input_file_ref idref="fl-b1"/>
      </object_component>
      <object_component id="oc-53">
         <name>.bios</name>
         <load_address>0x1181d9c0</load_address>
         <run_address>0x1181d9c0</run_address>
         <size>0x20</size>
         <input_file_ref idref="fl-99"/>
      </object_component>
      <object_component id="oc-14d">
         <name>.bios</name>
         <load_address>0x1181d9e0</load_address>
         <run_address>0x1181d9e0</run_address>
         <size>0x20</size>
         <input_file_ref idref="fl-b9"/>
      </object_component>
      <object_component id="oc-fd">
         <name>.bios</name>
         <load_address>0x1181da00</load_address>
         <run_address>0x1181da00</run_address>
         <size>0x20</size>
         <input_file_ref idref="fl-a6"/>
      </object_component>
      <object_component id="oc-1a4">
         <name>.bios</name>
         <load_address>0x1181da20</load_address>
         <run_address>0x1181da20</run_address>
         <size>0x20</size>
         <input_file_ref idref="fl-cf"/>
      </object_component>
      <object_component id="oc-52">
         <name>.bios</name>
         <load_address>0x1181da40</load_address>
         <run_address>0x1181da40</run_address>
         <size>0x20</size>
         <input_file_ref idref="fl-9c"/>
      </object_component>
      <object_component id="oc-51">
         <name>.bios</name>
         <load_address>0x1181da60</load_address>
         <run_address>0x1181da60</run_address>
         <size>0x20</size>
         <input_file_ref idref="fl-9e"/>
      </object_component>
      <object_component id="oc-4e">
         <name>.bios</name>
         <load_address>0x1181da80</load_address>
         <run_address>0x1181da80</run_address>
         <size>0x20</size>
         <input_file_ref idref="fl-98"/>
      </object_component>
      <object_component id="oc-287">
         <name>.cio</name>
         <uninitialized>true</uninitialized>
         <run_address>0x11826a38</run_address>
         <size>0x120</size>
         <input_file_ref idref="fl-10f"/>
      </object_component>
      <object_component id="oc-18f">
         <name>.pinit</name>
         <load_address>0x11826120</load_address>
         <run_address>0x11826120</run_address>
         <size>0x4</size>
         <input_file_ref idref="fl-c9"/>
      </object_component>
      <object_component id="oc-15a">
         <name>.pinit</name>
         <load_address>0x11826124</load_address>
         <run_address>0x11826124</run_address>
         <size>0x4</size>
         <input_file_ref idref="fl-bb"/>
      </object_component>
      <object_component id="oc-6a">
         <name>.sys</name>
         <uninitialized>true</uninitialized>
         <run_address>0x11821b8c</run_address>
         <size>0x10</size>
         <input_file_ref idref="fl-e"/>
      </object_component>
      <object_component id="oc-2de">
         <name>.text</name>
         <load_address>0x11800000</load_address>
         <run_address>0x11800000</run_address>
         <size>0x2620</size>
         <input_file_ref idref="fl-10"/>
      </object_component>
      <object_component id="oc-2d2">
         <name>.text</name>
         <load_address>0x11802620</load_address>
         <run_address>0x11802620</run_address>
         <size>0x1580</size>
         <input_file_ref idref="fl-b"/>
      </object_component>
      <object_component id="oc-2d6">
         <name>.text</name>
         <load_address>0x11803ba0</load_address>
         <run_address>0x11803ba0</run_address>
         <size>0x1120</size>
         <input_file_ref idref="fl-12"/>
      </object_component>
      <object_component id="oc-2f8">
         <name>.text</name>
         <load_address>0x11804cc0</load_address>
         <run_address>0x11804cc0</run_address>
         <size>0xf80</size>
         <input_file_ref idref="fl-b5"/>
      </object_component>
      <object_component id="oc-2db">
         <name>.text</name>
         <load_address>0x11805c40</load_address>
         <run_address>0x11805c40</run_address>
         <size>0xaa0</size>
         <input_file_ref idref="fl-13"/>
      </object_component>
      <object_component id="oc-330">
         <name>.text:__scanfi</name>
         <load_address>0x118066e0</load_address>
         <run_address>0x118066e0</run_address>
         <size>0x900</size>
         <input_file_ref idref="fl-11d"/>
      </object_component>
      <object_component id="oc-2d4">
         <name>.text</name>
         <load_address>0x11806fe0</load_address>
         <run_address>0x11806fe0</run_address>
         <size>0x6e0</size>
         <input_file_ref idref="fl-14"/>
      </object_component>
      <object_component id="oc-307">
         <name>.text</name>
         <load_address>0x118076c0</load_address>
         <run_address>0x118076c0</run_address>
         <size>0x6c0</size>
         <input_file_ref idref="fl-dd"/>
      </object_component>
      <object_component id="oc-349">
         <name>.text:__sset_arg</name>
         <load_address>0x11807d80</load_address>
         <run_address>0x11807d80</run_address>
         <size>0x620</size>
         <input_file_ref idref="fl-11d"/>
      </object_component>
      <object_component id="oc-2fb">
         <name>.text:__divd</name>
         <load_address>0x118083a0</load_address>
         <run_address>0x118083a0</run_address>
         <size>0x5a0</size>
         <input_file_ref idref="fl-e0"/>
      </object_component>
      <object_component id="oc-36e">
         <name>.text:__getarg_diouxp</name>
         <load_address>0x11808940</load_address>
         <run_address>0x11808940</run_address>
         <size>0x580</size>
         <input_file_ref idref="fl-fe"/>
      </object_component>
      <object_component id="oc-34c">
         <name>.text:__setfield</name>
         <load_address>0x11808ec0</load_address>
         <run_address>0x11808ec0</run_address>
         <size>0x520</size>
         <input_file_ref idref="fl-fe"/>
      </object_component>
      <object_component id="oc-2d7">
         <name>.text</name>
         <load_address>0x118093e0</load_address>
         <run_address>0x118093e0</run_address>
         <size>0x4c0</size>
         <input_file_ref idref="fl-15"/>
      </object_component>
      <object_component id="oc-346">
         <name>.text:__sproc_int</name>
         <load_address>0x118098a0</load_address>
         <run_address>0x118098a0</run_address>
         <size>0x4c0</size>
         <input_file_ref idref="fl-11d"/>
      </object_component>
      <object_component id="oc-323">
         <name>.text</name>
         <load_address>0x11809d60</load_address>
         <run_address>0x11809d60</run_address>
         <size>0x4a0</size>
         <input_file_ref idref="fl-bd"/>
      </object_component>
      <object_component id="oc-357">
         <name>.text:_strtod</name>
         <load_address>0x1180a200</load_address>
         <run_address>0x1180a200</run_address>
         <size>0x460</size>
         <input_file_ref idref="fl-11e"/>
      </object_component>
      <object_component id="oc-359">
         <name>.text:_strtol</name>
         <load_address>0x1180a660</load_address>
         <run_address>0x1180a660</run_address>
         <size>0x460</size>
         <input_file_ref idref="fl-11f"/>
      </object_component>
      <object_component id="oc-358">
         <name>.text:_strtold</name>
         <load_address>0x1180aac0</load_address>
         <run_address>0x1180aac0</run_address>
         <size>0x460</size>
         <input_file_ref idref="fl-120"/>
      </object_component>
      <object_component id="oc-35a">
         <name>.text:_strtoll</name>
         <load_address>0x1180af20</load_address>
         <run_address>0x1180af20</run_address>
         <size>0x460</size>
         <input_file_ref idref="fl-121"/>
      </object_component>
      <object_component id="oc-333">
         <name>.text:__printfi</name>
         <load_address>0x1180b380</load_address>
         <run_address>0x1180b380</run_address>
         <size>0x440</size>
         <input_file_ref idref="fl-fe"/>
      </object_component>
      <object_component id="oc-30d">
         <name>.text</name>
         <load_address>0x1180b7c0</load_address>
         <run_address>0x1180b7c0</run_address>
         <size>0x440</size>
         <input_file_ref idref="fl-db"/>
      </object_component>
      <object_component id="oc-355">
         <name>.text:_strtoul</name>
         <load_address>0x1180bc00</load_address>
         <run_address>0x1180bc00</run_address>
         <size>0x400</size>
         <input_file_ref idref="fl-122"/>
      </object_component>
      <object_component id="oc-356">
         <name>.text:_strtoull</name>
         <load_address>0x1180c000</load_address>
         <run_address>0x1180c000</run_address>
         <size>0x400</size>
         <input_file_ref idref="fl-123"/>
      </object_component>
      <object_component id="oc-2f9">
         <name>.text</name>
         <load_address>0x1180c400</load_address>
         <run_address>0x1180c400</run_address>
         <size>0x400</size>
         <input_file_ref idref="fl-be"/>
      </object_component>
      <object_component id="oc-30b">
         <name>.text</name>
         <load_address>0x1180c800</load_address>
         <run_address>0x1180c800</run_address>
         <size>0x400</size>
         <input_file_ref idref="fl-ce"/>
      </object_component>
      <object_component id="oc-34f">
         <name>.text:_fputs</name>
         <load_address>0x1180cc00</load_address>
         <run_address>0x1180cc00</run_address>
         <size>0x3a0</size>
         <input_file_ref idref="fl-107"/>
      </object_component>
      <object_component id="oc-344">
         <name>.text:__sget_conv</name>
         <load_address>0x1180cfa0</load_address>
         <run_address>0x1180cfa0</run_address>
         <size>0x340</size>
         <input_file_ref idref="fl-11d"/>
      </object_component>
      <object_component id="oc-35b">
         <name>.text:__pproc_fge</name>
         <load_address>0x1180d2e0</load_address>
         <run_address>0x1180d2e0</run_address>
         <size>0x320</size>
         <input_file_ref idref="fl-fe"/>
      </object_component>
      <object_component id="oc-2f6">
         <name>.text</name>
         <load_address>0x1180d600</load_address>
         <run_address>0x1180d600</run_address>
         <size>0x300</size>
         <input_file_ref idref="fl-ba"/>
      </object_component>
      <object_component id="oc-345">
         <name>.text:__sproc_float</name>
         <load_address>0x1180d900</load_address>
         <run_address>0x1180d900</run_address>
         <size>0x2e0</size>
         <input_file_ref idref="fl-11d"/>
      </object_component>
      <object_component id="oc-310">
         <name>.text:_cos</name>
         <load_address>0x1180dbe0</load_address>
         <run_address>0x1180dbe0</run_address>
         <size>0x2e0</size>
         <input_file_ref idref="fl-ef"/>
      </object_component>
      <object_component id="oc-34b">
         <name>.text:__pproc_fwp</name>
         <load_address>0x1180dec0</load_address>
         <run_address>0x1180dec0</run_address>
         <size>0x2c0</size>
         <input_file_ref idref="fl-fe"/>
      </object_component>
      <object_component id="oc-2fa">
         <name>.text:_fmodf</name>
         <load_address>0x1180e180</load_address>
         <run_address>0x1180e180</run_address>
         <size>0x2c0</size>
         <input_file_ref idref="fl-f6"/>
      </object_component>
      <object_component id="oc-374">
         <name>.text:_ecvt</name>
         <load_address>0x1180e440</load_address>
         <run_address>0x1180e440</run_address>
         <size>0x2a0</size>
         <input_file_ref idref="fl-fe"/>
      </object_component>
      <object_component id="oc-377">
         <name>.text:_fcvt</name>
         <load_address>0x1180e6e0</load_address>
         <run_address>0x1180e6e0</run_address>
         <size>0x2a0</size>
         <input_file_ref idref="fl-fe"/>
      </object_component>
      <object_component id="oc-2fc">
         <name>.text:__divf</name>
         <load_address>0x1180e980</load_address>
         <run_address>0x1180e980</run_address>
         <size>0x280</size>
         <input_file_ref idref="fl-e1"/>
      </object_component>
      <object_component id="oc-311">
         <name>.text:_sin</name>
         <load_address>0x1180ec00</load_address>
         <run_address>0x1180ec00</run_address>
         <size>0x280</size>
         <input_file_ref idref="fl-118"/>
      </object_component>
      <object_component id="oc-361">
         <name>.text:__divull</name>
         <load_address>0x1180ee80</load_address>
         <run_address>0x1180ee80</run_address>
         <size>0x260</size>
         <input_file_ref idref="fl-100"/>
      </object_component>
      <object_component id="oc-36d">
         <name>.text:__pconv_e</name>
         <load_address>0x1180f0e0</load_address>
         <run_address>0x1180f0e0</run_address>
         <size>0x260</size>
         <input_file_ref idref="fl-fe"/>
      </object_component>
      <object_component id="oc-35c">
         <name>.text:__pproc_diouxp</name>
         <load_address>0x1180f340</load_address>
         <run_address>0x1180f340</run_address>
         <size>0x240</size>
         <input_file_ref idref="fl-fe"/>
      </object_component>
      <object_component id="oc-30e">
         <name>.text:_sinf</name>
         <load_address>0x1180f580</load_address>
         <run_address>0x1180f580</run_address>
         <size>0x240</size>
         <input_file_ref idref="fl-119"/>
      </object_component>
      <object_component id="oc-34d">
         <name>.text:__pproc_str</name>
         <load_address>0x1180f7c0</load_address>
         <run_address>0x1180f7c0</run_address>
         <size>0x220</size>
         <input_file_ref idref="fl-fe"/>
      </object_component>
      <object_component id="oc-30f">
         <name>.text:_cosf</name>
         <load_address>0x1180f9e0</load_address>
         <run_address>0x1180f9e0</run_address>
         <size>0x220</size>
         <input_file_ref idref="fl-f2"/>
      </object_component>
      <object_component id="oc-350">
         <name>.text:_fputc</name>
         <load_address>0x1180fc00</load_address>
         <run_address>0x1180fc00</run_address>
         <size>0x220</size>
         <input_file_ref idref="fl-104"/>
      </object_component>
      <object_component id="oc-36b">
         <name>.text:__pconv_g</name>
         <load_address>0x1180fe20</load_address>
         <run_address>0x1180fe20</run_address>
         <size>0x200</size>
         <input_file_ref idref="fl-fe"/>
      </object_component>
      <object_component id="oc-371">
         <name>.text:_setvbuf</name>
         <load_address>0x11810020</load_address>
         <run_address>0x11810020</run_address>
         <size>0x200</size>
         <input_file_ref idref="fl-110"/>
      </object_component>
      <object_component id="oc-2f7">
         <name>.text</name>
         <load_address>0x11810220</load_address>
         <run_address>0x11810220</run_address>
         <size>0x1e0</size>
         <input_file_ref idref="fl-dc"/>
      </object_component>
      <object_component id="oc-376">
         <name>.text:__mcpy</name>
         <load_address>0x11810400</load_address>
         <run_address>0x11810400</run_address>
         <size>0x1c0</size>
         <input_file_ref idref="fl-fe"/>
      </object_component>
      <object_component id="oc-2ff">
         <name>.text</name>
         <load_address>0x118105c0</load_address>
         <run_address>0x118105c0</run_address>
         <size>0x1a0</size>
         <input_file_ref idref="fl-11"/>
      </object_component>
      <object_component id="oc-340">
         <name>.text:__divul</name>
         <load_address>0x11810760</load_address>
         <run_address>0x11810760</run_address>
         <size>0x1a0</size>
         <input_file_ref idref="fl-e7"/>
      </object_component>
      <object_component id="oc-347">
         <name>.text:__sproc_str</name>
         <load_address>0x11810900</load_address>
         <run_address>0x11810900</run_address>
         <size>0x1a0</size>
         <input_file_ref idref="fl-11d"/>
[...]
      </symbol>
      <symbol id="sm-100e">
         <name>__TSK_mutex</name>
         <value>0x11819414</value>
         <object_component_ref idref="oc-1c4"/>
      </symbol>
      <symbol id="sm-100f">
         <name>_TSK_startup</name>
         <value>0x1181cf44</value>
         <object_component_ref idref="oc-2e4"/>
      </symbol>
      <symbol id="sm-101c">
         <name>_LCK_pend</name>
         <value>0x1181d3c0</value>
         <object_component_ref idref="oc-316"/>
      </symbol>
      <symbol id="sm-101d">
         <name>_LCK_post</name>
         <value>0x1181d3a0</value>
         <object_component_ref idref="oc-316"/>
      </symbol>
      <symbol id="sm-1029">
         <name>_SEM_postBinary</name>
         <value>0x1181cfc0</value>
         <object_component_ref idref="oc-1cb"/>
      </symbol>
      <symbol id="sm-102a">
         <name>_SEM_post</name>
         <value>0x1181cfc0</value>
         <object_component_ref idref="oc-1cb"/>
      </symbol>
      <symbol id="sm-1039">
         <name>_SEM_postEnterKnl</name>
         <value>0x1181d160</value>
         <object_component_ref idref="oc-2ec"/>
      </symbol>
      <symbol id="sm-108c">
         <name>_UART_txArray</name>
         <value>0x1180b810</value>
         <object_component_ref idref="oc-30d"/>
      </symbol>
      <symbol id="sm-108d">
         <name>_UART_txString</name>
         <value>0x1180b974</value>
         <object_component_ref idref="oc-30d"/>
      </symbol>
      <symbol id="sm-108e">
         <name>_UART_txByte</name>
         <value>0x1180b7c0</value>
         <object_component_ref idref="oc-30d"/>
      </symbol>
      <symbol id="sm-108f">
         <name>_UART_rxByte</name>
         <value>0x1180b9e0</value>
         <object_component_ref idref="oc-30d"/>
      </symbol>
      <symbol id="sm-1090">
         <name>_UART_txUint8</name>
         <value>0x1180b898</value>
         <object_component_ref idref="oc-30d"/>
      </symbol>
      <symbol id="sm-1091">
         <name>_UART_init</name>
         <value>0x1180ba00</value>
         <object_component_ref idref="oc-30d"/>
      </symbol>
      <symbol id="sm-1092">
         <name>_UART_txUint32</name>
         <value>0x1180b8e0</value>
         <object_component_ref idref="oc-30d"/>
      </symbol>
      <symbol id="sm-10a3">
         <name>_USTIMER_get</name>
         <value>0x11810350</value>
         <object_component_ref idref="oc-2f7"/>
      </symbol>
      <symbol id="sm-10a4">
         <name>_USTIMER_delay</name>
         <value>0x1181037c</value>
         <object_component_ref idref="oc-2f7"/>
      </symbol>
      <symbol id="sm-10a5">
         <name>_USTIMER_set</name>
         <value>0x11810220</value>
         <object_component_ref idref="oc-2f7"/>
      </symbol>
      <symbol id="sm-10a6">
         <name>_USTIMER_init</name>
         <value>0x1181026c</value>
         <object_component_ref idref="oc-2f7"/>
      </symbol>
      <symbol id="sm-10a7">
         <name>_USTIMER_reset</name>
         <value>0x11810234</value>
         <object_component_ref idref="oc-2f7"/>
      </symbol>
      <symbol id="sm-10cc">
         <name>_VPIF_initReceive</name>
         <value>0x11807a4c</value>
         <object_component_ref idref="oc-307"/>
      </symbol>
      <symbol id="sm-10cd">
         <name>_VPIF_initReceive_withPRU</name>
         <value>0x118078d8</value>
         <object_component_ref idref="oc-307"/>
      </symbol>
      <symbol id="sm-10ce">
         <name>_VPIF_initTransmit</name>
         <value>0x118076c0</value>
         <object_component_ref idref="oc-307"/>
      </symbol>
      <symbol id="sm-10e0">
         <name>__SEM_dopost</name>
         <value>0x1181c0c0</value>
         <object_component_ref idref="oc-2ea"/>
      </symbol>
      <symbol id="sm-10f3">
         <name>__auto_init</name>
         <value>0x1181c8a0</value>
         <object_component_ref idref="oc-2d1"/>
      </symbol>
      <symbol id="sm-1105">
         <name>__divd</name>
         <value>0x118083a0</value>
         <object_component_ref idref="oc-2fb"/>
      </symbol>
      <symbol id="sm-1115">
         <name>__divf</name>
         <value>0x1180e980</value>
         <object_component_ref idref="oc-2fc"/>
      </symbol>
      <symbol id="sm-111e">
         <name>__c6xabi_divi</name>
         <value>0x11811ca0</value>
         <object_component_ref idref="oc-305"/>
      </symbol>
      <symbol id="sm-111f">
         <name>__divi</name>
         <value>0x11811ca0</value>
         <object_component_ref idref="oc-305"/>
      </symbol>
      <symbol id="sm-1128">
         <name>__c6xabi_divu</name>
         <value>0x11812420</value>
         <object_component_ref idref="oc-335"/>
      </symbol>
      <symbol id="sm-1129">
         <name>__divu</name>
         <value>0x11812420</value>
         <object_component_ref idref="oc-335"/>
      </symbol>
      <symbol id="sm-1133">
         <name>__frcmpyd_div</name>
         <value>0x11813640</value>
         <object_component_ref idref="oc-329"/>
      </symbol>
      <symbol id="sm-1141">
         <name>__llshl</name>
         <value>0x11813080</value>
         <object_component_ref idref="oc-372"/>
      </symbol>
      <symbol id="sm-1142">
         <name>__llshru</name>
         <value>0x11813680</value>
         <object_component_ref idref="oc-328"/>
      </symbol>
      <symbol id="sm-1154">
         <name>__unlock</name>
         <value>0x11819584</value>
         <object_component_ref idref="oc-1f9"/>
      </symbol>
      <symbol id="sm-1155">
         <name>__lock</name>
         <value>0x11819580</value>
         <object_component_ref idref="oc-1f9"/>
      </symbol>
      <symbol id="sm-1156">
         <name>__register_lock</name>
         <value>0x118138a0</value>
         <object_component_ref idref="oc-317"/>
      </symbol>
      <symbol id="sm-1157">
         <name>__nop</name>
         <value>0x11813800</value>
         <object_component_ref idref="oc-2ed"/>
      </symbol>
      <symbol id="sm-1158">
         <name>__register_unlock</name>
         <value>0x118138c0</value>
         <object_component_ref idref="oc-318"/>
      </symbol>
      <symbol id="sm-116a">
         <name>__divul</name>
         <value>0x11810760</value>
         <object_component_ref idref="oc-340"/>
      </symbol>
      <symbol id="sm-116b">
         <name>__remli</name>
         <value>0x11813740</value>
         <object_component_ref idref="oc-2fe"/>
      </symbol>
      <symbol id="sm-116c">
         <name>__remul</name>
         <value>0x11813780</value>
         <object_component_ref idref="oc-367"/>
      </symbol>
      <symbol id="sm-116d">
         <name>__divli</name>
         <value>0x11812920</value>
         <object_component_ref idref="oc-32a"/>
      </symbol>
      <symbol id="sm-1194">
         <name>_atexit</name>
         <value>0x118125a0</value>
         <object_component_ref idref="oc-31d"/>
      </symbol>
      <symbol id="sm-1195">
         <name>___atexit_func_id__</name>
         <value>0x11818e60</value>
         <object_component_ref idref="oc-209"/>
      </symbol>
      <symbol id="sm-11ad">
         <name>_dtors</name>
         <value>0x11819464</value>
         <object_component_ref idref="oc-20e"/>
      </symbol>
      <symbol id="sm-11ae">
         <name>_call_dtors</name>
         <value>0x118118e0</value>
         <object_component_ref idref="oc-34e"/>
      </symbol>
      <symbol id="sm-11af">
         <name>___add_dtor</name>
         <value>0x11813580</value>
         <object_component_ref idref="oc-33d"/>
      </symbol>
      <symbol id="sm-11bb">
         <name>___TI_enable_exit_profile_output</name>
         <value>0x1181957c</value>
         <object_component_ref idref="oc-213"/>
      </symbol>
      <symbol id="sm-11bc">
         <name>__cleanup_ptr</name>
         <value>0x11819574</value>
         <object_component_ref idref="oc-213"/>
      </symbol>
      <symbol id="sm-11bd">
         <name>__dtors_ptr</name>
         <value>0x11819578</value>
         <object_component_ref idref="oc-213"/>
      </symbol>
      <symbol id="sm-11cb">
         <name>_atoi</name>
         <value>0x11811d80</value>
         <object_component_ref idref="oc-313"/>
      </symbol>
      <symbol id="sm-11d3">
         <name>__ctypes_</name>
         <value>0x118257b0</value>
         <object_component_ref idref="oc-339"/>
      </symbol>
      <symbol id="sm-11e9">
         <name>_cos</name>
         <value>0x1180dbe0</value>
         <object_component_ref idref="oc-310"/>
      </symbol>
      <symbol id="sm-11f3">
         <name>__nround</name>
         <value>0x11812ba0</value>
         <object_component_ref idref="oc-337"/>
      </symbol>
      <symbol id="sm-11fd">
         <name>__trunc</name>
         <value>0x118138e0</value>
         <object_component_ref idref="oc-336"/>
      </symbol>
      <symbol id="sm-1212">
         <name>_cosf</name>
         <value>0x1180f9e0</value>
         <object_component_ref idref="oc-30f"/>
      </symbol>
      <symbol id="sm-121c">
         <name>__roundf</name>
         <value>0x11813100</value>
         <object_component_ref idref="oc-326"/>
      </symbol>
      <symbol id="sm-1226">
         <name>__truncf</name>
         <value>0x11813900</value>
         <object_component_ref idref="oc-327"/>
      </symbol>
      <symbol id="sm-1230">
         <name>_errno</name>
         <value>0x11819284</value>
         <object_component_ref idref="oc-233"/>
      </symbol>
      <symbol id="sm-1246">
         <name>_fmodf</name>
         <value>0x1180e180</value>
         <object_component_ref idref="oc-2fa"/>
      </symbol>
      <symbol id="sm-1255">
         <name>_frexpf</name>
         <value>0x11811f40</value>
         <object_component_ref idref="oc-324"/>
      </symbol>
      <symbol id="sm-1263">
         <name>_ldexpf</name>
         <value>0x118115c0</value>
         <object_component_ref idref="oc-325"/>
      </symbol>
      <symbol id="sm-126b">
         <name>_memcpy</name>
         <value>0x11812e20</value>
         <object_component_ref idref="oc-2f5"/>
      </symbol>
      <symbol id="sm-1277">
         <name>_modf</name>
         <value>0x11812ec0</value>
         <object_component_ref idref="oc-338"/>
      </symbol>
      <symbol id="sm-1282">
         <name>_modff</name>
         <value>0x118133a0</value>
         <object_component_ref idref="oc-2fd"/>
      </symbol>
      <symbol id="sm-1297">
         <name>_printf</name>
         <value>0x11812100</value>
         <object_component_ref idref="oc-322"/>
      </symbol>
      <symbol id="sm-12a1">
         <name>__tmpnams</name>
         <value>0x11818d18</value>
         <object_component_ref idref="oc-24c"/>
      </symbol>
      <symbol id="sm-12a2">
         <name>__ft_end</name>
         <value>0x11818e58</value>
         <object_component_ref idref="oc-24c"/>
      </symbol>
      <symbol id="sm-12a3">
         <name>__ftable</name>
         <value>0x11818b38</value>
         <object_component_ref idref="oc-24c"/>
      </symbol>
      <symbol id="sm-13ac">
         <name>__printfi</name>
         <value>0x1180b380</value>
         <object_component_ref idref="oc-333"/>
      </symbol>
      <symbol id="sm-13b6">
         <name>___isinf</name>
         <value>0x118135c0</value>
         <object_component_ref idref="oc-36a"/>
      </symbol>
      <symbol id="sm-13cc">
         <name>__subcull</name>
         <value>0x118132e0</value>
         <object_component_ref idref="oc-373"/>
      </symbol>
      <symbol id="sm-13cd">
         <name>__divull</name>
         <value>0x1180ee80</value>
         <object_component_ref idref="oc-361"/>
      </symbol>
      <symbol id="sm-13ce">
         <name>__remull</name>
         <value>0x11813280</value>
         <object_component_ref idref="oc-368"/>
      </symbol>
      <symbol id="sm-13db">
         <name>__fixdli</name>
         <value>0x11812b00</value>
         <object_component_ref idref="oc-37d"/>
      </symbol>
      <symbol id="sm-13e6">
         <name>__fltlid</name>
         <value>0x11813000</value>
         <object_component_ref idref="oc-37f"/>
      </symbol>
      <symbol id="sm-13f0">
         <name>__negll</name>
         <value>0x118137e0</value>
         <object_component_ref idref="oc-362"/>
      </symbol>
      <symbol id="sm-140b">
         <name>_putc</name>
         <value>0x1180fc00</value>
         <object_component_ref idref="oc-350"/>
      </symbol>
      <symbol id="sm-140c">
         <name>_fputc</name>
         <value>0x1180fc00</value>
         <object_component_ref idref="oc-350"/>
      </symbol>
      <symbol id="sm-1419">
         <name>__doflush</name>
         <value>0x118124e0</value>
         <object_component_ref idref="oc-35f"/>
      </symbol>
      <symbol id="sm-1428">
         <name>__wrt_ok</name>
         <value>0x118117e0</value>
         <object_component_ref idref="oc-35e"/>
      </symbol>
      <symbol id="sm-144a">
         <name>_fputs</name>
         <value>0x1180cc00</value>
         <object_component_ref idref="oc-34f"/>
      </symbol>
      <symbol id="sm-145b">
         <name>_fseek</name>
         <value>0x118114a0</value>
         <object_component_ref idref="oc-370"/>
      </symbol>
      <symbol id="sm-149f">
         <name>_unlink</name>
         <value>0x11813200</value>
         <object_component_ref idref="oc-386"/>
      </symbol>
      <symbol id="sm-14a0">
         <name>_lseek</name>
         <value>0x11812d80</value>
         <object_component_ref idref="oc-37a"/>
      </symbol>
      <symbol id="sm-14a1">
         <name>_close</name>
         <value>0x11811e60</value>
         <object_component_ref idref="oc-384"/>
      </symbol>
      <symbol id="sm-14a2">
         <name>_write</name>
         <value>0x11812f60</value>
         <object_component_ref idref="oc-360"/>
      </symbol>
      <symbol id="sm-14cb">
         <name>_HOSTopen</name>
         <value>0x11811ae0</value>
         <object_component_ref idref="oc-2ee"/>
      </symbol>
      <symbol id="sm-14cc">
         <name>_HOSTread</name>
         <value>0x11811bc0</value>
         <object_component_ref idref="oc-2f0"/>
      </symbol>
      <symbol id="sm-14cd">
         <name>_HOSTrename</name>
         <value>0x11810aa0</value>
         <object_component_ref idref="oc-2f4"/>
      </symbol>
      <symbol id="sm-14ce">
         <name>_HOSTwrite</name>
         <value>0x118122a0</value>
         <object_component_ref idref="oc-2f1"/>
      </symbol>
      <symbol id="sm-14cf">
         <name>_HOSTlseek</name>
         <value>0x118116e0</value>
         <object_component_ref idref="oc-2f2"/>
      </symbol>
      <symbol id="sm-14d0">
         <name>_HOSTunlink</name>
         <value>0x118121e0</value>
         <object_component_ref idref="oc-2f3"/>
      </symbol>
      <symbol id="sm-14d1">
         <name>_HOSTclose</name>
         <value>0x118127e0</value>
         <object_component_ref idref="oc-2ef"/>
      </symbol>
      <symbol id="sm-14de">
         <name>_ltoa</name>
         <value>0x11812660</value>
         <object_component_ref idref="oc-37e"/>
      </symbol>
      <symbol id="sm-14eb">
         <name>_memccpy</name>
         <value>0x11813340</value>
         <object_component_ref idref="oc-35d"/>
      </symbol>
      <symbol id="sm-14f6">
         <name>_memset</name>
         <value>0x11812020</value>
         <object_component_ref idref="oc-343"/>
      </symbol>
      <symbol id="sm-1506">
         <name>C$$IO$$</name>
         <value>0x11813578</value>
         <object_component_ref idref="oc-31e"/>
      </symbol>
      <symbol id="sm-1507">
         <name>__CIOBUF_</name>
         <value>0x11826a38</value>
         <object_component_ref idref="oc-287"/>
      </symbol>
      <symbol id="sm-1508">
         <name>_readmsg</name>
         <value>0x11813180</value>
         <object_component_ref idref="oc-31f"/>
      </symbol>
      <symbol id="sm-1509">
         <name>_writemsg</name>
         <value>0x11813520</value>
         <object_component_ref idref="oc-31e"/>
      </symbol>
      <symbol id="sm-1520">
         <name>_setvbuf</name>
         <value>0x11810020</value>
         <object_component_ref idref="oc-371"/>
      </symbol>
      <symbol id="sm-1533">
         <name>__cleanup</name>
         <value>0x11812880</value>
         <object_component_ref idref="oc-37c"/>
      </symbol>
      <symbol id="sm-1545">
         <name>__closefile</name>
         <value>0x11811140</value>
         <object_component_ref idref="oc-382"/>
      </symbol>
      <symbol id="sm-1561">
         <name>_free</name>
         <value>0x1181ae00</value>
         <object_component_ref idref="oc-37b"/>
      </symbol>
      <symbol id="sm-1562">
         <name>_calloc</name>
         <value>0x1181b02c</value>
         <object_component_ref idref="oc-37b"/>
      </symbol>
      <symbol id="sm-1563">
         <name>_memalign</name>
         <value>0x1181af68</value>
         <object_component_ref idref="oc-37b"/>
      </symbol>
      <symbol id="sm-1564">
         <name>_realloc</name>
         <value>0x1181ae84</value>
         <object_component_ref idref="oc-37b"/>
      </symbol>
      <symbol id="sm-1565">
         <name>_malloc</name>
         <value>0x1181ae24</value>
         <object_component_ref idref="oc-37b"/>
      </symbol>
      <symbol id="sm-157c">
         <name>_MEM_alloc</name>
         <value>0x1181b540</value>
         <object_component_ref idref="oc-381"/>
      </symbol>
      <symbol id="sm-158e">
         <name>_MEM_free</name>
         <value>0x1181b940</value>
         <object_component_ref idref="oc-380"/>
      </symbol>
      <symbol id="sm-1599">
         <name>_SYS_error</name>
         <value>0x1181d5a0</value>
         <object_component_ref idref="oc-383"/>
      </symbol>
      <symbol id="sm-15a3">
         <name>_remove</name>
         <value>0x11813940</value>
         <object_component_ref idref="oc-385"/>
      </symbol>
      <symbol id="sm-15b8">
         <name>_sin</name>
         <value>0x1180ec00</value>
         <object_component_ref idref="oc-311"/>
      </symbol>
      <symbol id="sm-15cc">
         <name>_sinf</name>
         <value>0x1180f580</value>
         <object_component_ref idref="oc-30e"/>
      </symbol>
      <symbol id="sm-15dc">
         <name>_sprintf</name>
         <value>0x11813400</value>
         <object_component_ref idref="oc-302"/>
      </symbol>
      <symbol id="sm-15fd">
         <name>_sscanf</name>
         <value>0x11813460</value>
         <object_component_ref idref="oc-301"/>
      </symbol>
      <symbol id="sm-16d5">
         <name>__scanfi</name>
         <value>0x118066e0</value>
         <object_component_ref idref="oc-330"/>
      </symbol>
      <symbol id="sm-16fa">
         <name>_strtod</name>
         <value>0x1180a200</value>
         <object_component_ref idref="oc-357"/>
      </symbol>
      <symbol id="sm-1712">
         <name>_strtol</name>
         <value>0x1180a660</value>
         <object_component_ref idref="oc-359"/>
      </symbol>
      <symbol id="sm-1737">
         <name>_strtold</name>
         <value>0x1180aac0</value>
         <object_component_ref idref="oc-358"/>
      </symbol>
      <symbol id="sm-1752">
         <name>_strtoll</name>
         <value>0x1180af20</value>
         <object_component_ref idref="oc-35a"/>
      </symbol>
      <symbol id="sm-176a">
         <name>_strtoul</name>
         <value>0x1180bc00</value>
         <object_component_ref idref="oc-355"/>
      </symbol>
      <symbol id="sm-1786">
         <name>_strtoull</name>
         <value>0x1180c000</value>
         <object_component_ref idref="oc-356"/>
      </symbol>
      <symbol id="sm-1796">
         <name>_vsprintf</name>
         <value>0x118134c0</value>
         <object_component_ref idref="oc-32b"/>
      </symbol>
   </symbol_table>
</link_info>
