<?xml version="1.0"?>
<link_info>
   <banner>TMS320C6x Linker PC v7.4.8</banner>
   <copyright>Copyright (c) 1996-2014 Texas Instruments Incorporated</copyright>
   <link_time>0x54d40b3b</link_time>
   <output_file>gigous_kuo_lab2.out</output_file>
   <entry_point>
      <name>_c_int00</name>
      <address>0x11822940</address>
   </entry_point>
   <input_file_list>
      <input_file id="fl-a">
         <path>.\</path>
         <kind>object</kind>
         <file>user_xy.obj</file>
         <name>user_xy.obj</name>
      </input_file>
      <input_file id="fl-b">
         <path>.\</path>
         <kind>object</kind>
         <file>user_gigous_kuo_lab2.obj</file>
         <name>user_gigous_kuo_lab2.obj</name>
      </input_file>
      <input_file id="fl-c">
         <path>.\</path>
         <kind>object</kind>
         <file>pru.obj</file>
         <name>pru.obj</name>
      </input_file>
      <input_file id="fl-d">
         <path>.\</path>
         <kind>object</kind>
         <file>gigous_kuo_lab2cfg_c.obj</file>
         <name>gigous_kuo_lab2cfg_c.obj</name>
      </input_file>
      <input_file id="fl-e">
         <path>.\</path>
         <kind>object</kind>
         <file>gigous_kuo_lab2cfg.obj</file>
         <name>gigous_kuo_lab2cfg.obj</name>
      </input_file>
      <input_file id="fl-f">
         <path>.\</path>
         <kind>object</kind>
         <file>MatrixMath.obj</file>
         <name>MatrixMath.obj</name>
      </input_file>
      <input_file id="fl-10">
         <path>.\</path>
         <kind>object</kind>
         <file>Ladar.obj</file>
         <name>Ladar.obj</name>
      </input_file>
      <input_file id="fl-11">
         <path>.\</path>
         <kind>object</kind>
         <file>LCDprintf.obj</file>
         <name>LCDprintf.obj</name>
      </input_file>
      <input_file id="fl-12">
         <path>.\</path>
         <kind>object</kind>
         <file>ColorVision.obj</file>
         <name>ColorVision.obj</name>
      </input_file>
      <input_file id="fl-13">
         <path>.\</path>
         <kind>object</kind>
         <file>ColorLCD.obj</file>
         <name>ColorLCD.obj</name>
      </input_file>
      <input_file id="fl-14">
         <path>.\</path>
         <kind>object</kind>
         <file>COECSL_mcbsp.obj</file>
         <name>COECSL_mcbsp.obj</name>
      </input_file>
      <input_file id="fl-15">
         <path>.\</path>
         <kind>object</kind>
         <file>COECSL_edma3.obj</file>
         <name>COECSL_edma3.obj</name>
      </input_file>
      <input_file id="fl-92">
         <path>C:\CCStudio_v6.0\bios_5_42_01_09\packages\ti\bios\lib\</path>
         <kind>archive</kind>
         <file>bios.a674</file>
         <name>biosdata.o674</name>
      </input_file>
      <input_file id="fl-93">
         <path>C:\CCStudio_v6.0\bios_5_42_01_09\packages\ti\bios\lib\</path>
         <kind>archive</kind>
         <file>bios.a674</file>
         <name>hwi_disp_asm.o674</name>
      </input_file>
      <input_file id="fl-94">
         <path>C:\CCStudio_v6.0\bios_5_42_01_09\packages\ti\bios\lib\</path>
         <kind>archive</kind>
         <file>bios.a674</file>
         <name>idl_stub.o674</name>
      </input_file>
      <input_file id="fl-95">
         <path>C:\CCStudio_v6.0\bios_5_42_01_09\packages\ti\bios\lib\</path>
         <kind>archive</kind>
         <file>lnkrtdx.a674</file>
         <name>rtdx.o674</name>
      </input_file>
      <input_file id="fl-96">
         <path>C:\CCStudio_v6.0\bios_5_42_01_09\packages\ti\bios\lib\</path>
         <kind>archive</kind>
         <file>bios.a674</file>
         <name>swi.o674</name>
      </input_file>
      <input_file id="fl-97">
         <path>C:\CCStudio_v6.0\bios_5_42_01_09\packages\ti\bios\lib\</path>
         <kind>archive</kind>
         <file>bios6748.a674</file>
         <name>bcache_init.o674</name>
      </input_file>
      <input_file id="fl-98">
         <path>C:\CCStudio_v6.0\bios_5_42_01_09\packages\ti\bios\lib\</path>
         <kind>archive</kind>
         <file>bios6748.a674</file>
         <name>clk_gethtime.o674</name>
      </input_file>
      <input_file id="fl-99">
         <path>C:\CCStudio_v6.0\bios_5_42_01_09\packages\ti\bios\lib\</path>
         <kind>archive</kind>
         <file>bios.a674</file>
         <name>fxn_c.o674</name>
      </input_file>
      <input_file id="fl-9a">
         <path>C:\CCStudio_v6.0\bios_5_42_01_09\packages\ti\bios\lib\</path>
         <kind>archive</kind>
         <file>bios.a674</file>
         <name>knl_tick.o674</name>
      </input_file>
      <input_file id="fl-9b">
         <path>C:\CCStudio_v6.0\bios_5_42_01_09\packages\ti\bios\lib\</path>
         <kind>archive</kind>
         <file>bios.a674</file>
         <name>utl_doab.o674</name>
      </input_file>
      <input_file id="fl-9c">
         <path>C:\CCStudio_v6.0\bios_5_42_01_09\packages\ti\bios\lib\</path>
         <kind>archive</kind>
         <file>bios.a674</file>
         <name>utl_doer.o674</name>
      </input_file>
      <input_file id="fl-9d">
         <path>C:\CCStudio_v6.0\bios_5_42_01_09\packages\ti\bios\lib\</path>
         <kind>archive</kind>
         <file>bios.a674</file>
         <name>utl_putc.o674</name>
      </input_file>
      <input_file id="fl-9e">
         <path>C:\CCStudio_v6.0\bios_5_42_01_09\packages\ti\bios\lib\</path>
         <kind>archive</kind>
         <file>bios.a674</file>
         <name>utl_halt.o674</name>
      </input_file>
      <input_file id="fl-9f">
         <path>C:\CCStudio_v6.0\bios_5_42_01_09\packages\ti\bios\lib\</path>
         <kind>archive</kind>
         <file>bios6748.a674</file>
         <name>clk.o674</name>
      </input_file>
      <input_file id="fl-a0">
         <path>C:\CCStudio_v6.0\bios_5_42_01_09\packages\ti\bios\lib\</path>
         <kind>archive</kind>
         <file>bios.a674</file>
         <name>fxn.o674</name>
      </input_file>
      <input_file id="fl-a1">
         <path>C:\CCStudio_v6.0\bios_5_42_01_09\packages\ti\bios\lib\</path>
         <kind>archive</kind>
         <file>bios.a674</file>
         <name>boot.o674</name>
      </input_file>
      <input_file id="fl-a2">
         <path>C:\CCStudio_v6.0\bios_5_42_01_09\packages\ti\bios\lib\</path>
         <kind>archive</kind>
         <file>bios.a674</file>
         <name>trc.o674</name>
      </input_file>
      <input_file id="fl-a3">
         <path>C:\CCStudio_v6.0\bios_5_42_01_09\packages\ti\bios\lib\</path>
         <kind>archive</kind>
         <file>bios.a674</file>
         <name>hwi.o674</name>
      </input_file>
      <input_file id="fl-a4">
         <path>C:\CCStudio_v6.0\bios_5_42_01_09\packages\ti\bios\lib\</path>
         <kind>archive</kind>
         <file>bios.a674</file>
         <name>idl_busy.o674</name>
      </input_file>
      <input_file id="fl-a5">
         <path>C:\CCStudio_v6.0\bios_5_42_01_09\packages\ti\bios\lib\</path>
         <kind>archive</kind>
         <file>bios6748.a674</file>
         <name>idl_cal.o674</name>
      </input_file>
      <input_file id="fl-a6">
         <path>C:\CCStudio_v6.0\bios_5_42_01_09\packages\ti\bios\lib\</path>
         <kind>archive</kind>
         <file>bios.a674</file>
         <name>idl.o674</name>
      </input_file>
      <input_file id="fl-a7">
         <path>C:\CCStudio_v6.0\bios_5_42_01_09\packages\ti\bios\lib\</path>
         <kind>archive</kind>
         <file>bios.a674</file>
         <name>knl_swit.o674</name>
      </input_file>
      <input_file id="fl-a8">
         <path>C:\CCStudio_v6.0\bios_5_42_01_09\packages\ti\bios\lib\</path>
         <kind>archive</kind>
         <file>bios.a674</file>
         <name>log.o674</name>
      </input_file>
      <input_file id="fl-a9">
         <path>C:\CCStudio_v6.0\bios_5_42_01_09\packages\ti\bios\lib\</path>
         <kind>archive</kind>
         <file>bios.a674</file>
         <name>pip.o674</name>
      </input_file>
      <input_file id="fl-aa">
         <path>C:\CCStudio_v6.0\bios_5_42_01_09\packages\ti\bios\lib\</path>
         <kind>archive</kind>
         <file>bios.a674</file>
         <name>prd.o674</name>
      </input_file>
      <input_file id="fl-ab">
         <path>C:\CCStudio_v6.0\bios_5_42_01_09\packages\ti\bios\lib\</path>
         <kind>archive</kind>
         <file>bios.a674</file>
         <name>rta.o674</name>
      </input_file>
      <input_file id="fl-ac">
         <path>C:\CCStudio_v6.0\bios_5_42_01_09\packages\ti\bios\lib\</path>
         <kind>archive</kind>
         <file>bios.a674</file>
         <name>rta_andn.o674</name>
      </input_file>
      <input_file id="fl-ad">
         <path>C:\CCStudio_v6.0\bios_5_42_01_09\packages\ti\bios\lib\</path>
         <kind>archive</kind>
         <file>bios.a674</file>
         <name>sts.o674</name>
      </input_file>
      <input_file id="fl-ae">
         <path>C:\CCStudio_v6.0\bios_5_42_01_09\packages\ti\bios\lib\</path>
         <kind>archive</kind>
         <file>bios6748.a674</file>
         <name>bcache_block.o674</name>
      </input_file>
      <input_file id="fl-af">
         <path>C:\CCStudio_v6.0\bios_5_42_01_09\packages\ti\bios\lib\</path>
         <kind>archive</kind>
         <file>bios6748.a674</file>
         <name>bcache_wait.o674</name>
      </input_file>
      <input_file id="fl-b0">
         <path>C:\CCStudio_v6.0\bios_5_42_01_09\packages\ti\bios\lib\</path>
         <kind>archive</kind>
         <file>bios.a674</file>
         <name>clk_data.o674</name>
      </input_file>
      <input_file id="fl-b1">
         <path>C:\CCStudio_v6.0\bios_5_42_01_09\packages\ti\bios\lib\</path>
         <kind>archive</kind>
         <file>bios.a674</file>
         <name>clk_getltime.o674</name>
      </input_file>
      <input_file id="fl-b2">
         <path>C:\CCStudio_v6.0\bios_5_42_01_09\packages\ti\bios\lib\</path>
         <kind>archive</kind>
         <file>bios.a674</file>
         <name>clk_data2.o674</name>
      </input_file>
      <input_file id="fl-b3">
         <path>C:\CCStudio_v6.0\bios_5_42_01_09\packages\ti\bios\lib\</path>
         <kind>archive</kind>
         <file>bios6748.a674</file>
         <name>clk_data.o674</name>
      </input_file>
      <input_file id="fl-b4">
         <path>C:\CCStudio_v6.0\bios_5_42_01_09\packages\ti\bios\lib\</path>
         <kind>archive</kind>
         <file>bios6748.a674</file>
         <name>clk_meas.o674</name>
      </input_file>
      <input_file id="fl-b5">
         <path>C:\gigous2_bkuo\repo\bsl\lib\</path>
         <kind>archive</kind>
         <file>evmomapl138_bsl.lib</file>
         <name>evmomapl138.obj</name>
      </input_file>
      <input_file id="fl-b6">
         <path>C:\CCStudio_v6.0\bios_5_42_01_09\packages\ti\bios\lib\</path>
         <kind>archive</kind>
         <file>bios.a674</file>
         <name>exc_asm.o674</name>
      </input_file>
      <input_file id="fl-b7">
         <path>C:\CCStudio_v6.0\bios_5_42_01_09\packages\ti\bios\lib\</path>
         <kind>archive</kind>
         <file>bios.a674</file>
         <name>exc.o674</name>
      </input_file>
      <input_file id="fl-b8">
         <path>C:\CCStudio_v6.0\bios_5_42_01_09\packages\ti\bios\lib\</path>
         <kind>archive</kind>
         <file>bios.a674</file>
         <name>gbl_cacheinit64P.o674</name>
      </input_file>
      <input_file id="fl-b9">
         <path>C:\CCStudio_v6.0\bios_5_42_01_09\packages\ti\bios\lib\</path>
         <kind>archive</kind>
         <file>bios.a674</file>
         <name>gbl_vers.o674</name>
      </input_file>
      <input_file id="fl-ba">
         <path>C:\gigous2_bkuo\repo\bsl\lib\</path>
         <kind>archive</kind>
         <file>evmomapl138_bsl.lib</file>
         <name>evmomapl138_gpio.obj</name>
      </input_file>
      <input_file id="fl-bb">
         <path>C:\CCStudio_v6.0\bios_5_42_01_09\packages\ti\rtdx\lib\c6000\</path>
         <kind>archive</kind>
         <file>rtdx64xplus.lib</file>
         <name>rtdx_mon.o64P</name>
      </input_file>
      <input_file id="fl-bc">
         <path>C:\CCStudio_v6.0\bios_5_42_01_09\packages\ti\bios\lib\</path>
         <kind>archive</kind>
         <file>bios.a674</file>
         <name>hwi_c.o674</name>
      </input_file>
      <input_file id="fl-bd">
         <path>C:\gigous2_bkuo\repo\bsl\lib\</path>
         <kind>archive</kind>
         <file>evmomapl138_bsl.lib</file>
         <name>evmomapl138_i2c_gpio.obj</name>
      </input_file>
      <input_file id="fl-be">
         <path>C:\gigous2_bkuo\repo\bsl\lib\</path>
         <kind>archive</kind>
         <file>evmomapl138_bsl.lib</file>
         <name>evmomapl138_i2c.obj</name>
      </input_file>
      <input_file id="fl-bf">
         <path>C:\CCStudio_v6.0\bios_5_42_01_09\packages\ti\bios\lib\</path>
         <kind>archive</kind>
         <file>bios.a674</file>
         <name>knl.o674</name>
      </input_file>
      <input_file id="fl-c0">
         <path>C:\CCStudio_v6.0\bios_5_42_01_09\packages\ti\bios\lib\</path>
         <kind>archive</kind>
         <file>bios.a674</file>
         <name>knl_exit.o674</name>
      </input_file>
      <input_file id="fl-c1">
         <path>C:\CCStudio_v6.0\bios_5_42_01_09\packages\ti\bios\lib\</path>
         <kind>archive</kind>
         <file>bios.a674</file>
         <name>knl_chec.o674</name>
      </input_file>
      <input_file id="fl-c2">
         <path>C:\CCStudio_v6.0\bios_5_42_01_09\packages\ti\bios\lib\</path>
         <kind>archive</kind>
         <file>bios.a674</file>
         <name>knl_post.o674</name>
      </input_file>
      <input_file id="fl-c3">
         <path>C:\CCStudio_v6.0\bios_5_42_01_09\packages\ti\bios\lib\</path>
         <kind>archive</kind>
         <file>bios.a674</file>
         <name>knl_ipos.o674</name>
      </input_file>
      <input_file id="fl-c4">
         <path>C:\CCStudio_v6.0\bios_5_42_01_09\packages\ti\bios\lib\</path>
         <kind>archive</kind>
         <file>bios.a674</file>
         <name>knl_run.o674</name>
      </input_file>
      <input_file id="fl-c5">
         <path>C:\CCStudio_v6.0\bios_5_42_01_09\packages\ti\bios\lib\</path>
         <kind>archive</kind>
         <file>bios.a674</file>
         <name>mem_asm.o674</name>
      </input_file>
      <input_file id="fl-c6">
         <path>C:\CCStudio_v6.0\bios_5_42_01_09\packages\ti\bios\lib\</path>
         <kind>archive</kind>
         <file>bios.a674</file>
         <name>mem_init.o674</name>
      </input_file>
      <input_file id="fl-c7">
         <path>C:\CCStudio_v6.0\bios_5_42_01_09\packages\ti\bios\lib\</path>
         <kind>archive</kind>
         <file>bios.a674</file>
         <name>obj_init.o674</name>
      </input_file>
      <input_file id="fl-c8">
         <path>C:\CCStudio_v6.0\bios_5_42_01_09\packages\ti\rtdx\lib\c6000\</path>
         <kind>archive</kind>
         <file>rtdx64xplus.lib</file>
         <name>buffer2.o64P</name>
      </input_file>
      <input_file id="fl-c9">
         <path>C:\CCStudio_v6.0\bios_5_42_01_09\packages\ti\rtdx\lib\c6000\</path>
         <kind>archive</kind>
         <file>rtdx64xplus.lib</file>
         <name>buffer1.o64P</name>
      </input_file>
      <input_file id="fl-ca">
         <path>C:\CCStudio_v6.0\bios_5_42_01_09\packages\ti\rtdx\lib\c6000\</path>
         <kind>archive</kind>
         <file>rtdx64xplus.lib</file>
         <name>intr_tgt.o64P</name>
      </input_file>
      <input_file id="fl-cb">
         <path>C:\CCStudio_v6.0\bios_5_42_01_09\packages\ti\rtdx\lib\c6000\</path>
         <kind>archive</kind>
         <file>rtdx64xplus.lib</file>
         <name>memfill.o64P</name>
      </input_file>
      <input_file id="fl-cc">
         <path>C:\CCStudio_v6.0\bios_5_42_01_09\packages\ti\bios\lib\</path>
         <kind>archive</kind>
         <file>bios.a674</file>
         <name>sem_pend_counting.o674</name>
      </input_file>
      <input_file id="fl-cd">
         <path>C:\CCStudio_v6.0\bios_5_42_01_09\packages\ti\bios\lib\</path>
         <kind>archive</kind>
         <file>bios.a674</file>
         <name>sem_pend.o674</name>
      </input_file>
      <input_file id="fl-ce">
         <path>C:\CCStudio_v6.0\bios_5_42_01_09\packages\ti\bios\lib\</path>
         <kind>archive</kind>
         <file>bios.a674</file>
         <name>sem_post_asm.o674</name>
      </input_file>
      <input_file id="fl-cf">
         <path>C:\CCStudio_v6.0\bios_5_42_01_09\packages\ti\bios\lib\</path>
         <kind>archive</kind>
         <file>bios.a674</file>
         <name>sem_post.o674</name>
      </input_file>
      <input_file id="fl-d0">
         <path>C:\gigous2_bkuo\repo\bsl\lib\</path>
         <kind>archive</kind>
         <file>evmomapl138_bsl.lib</file>
         <name>evmomapl138_spi.obj</name>
      </input_file>
      <input_file id="fl-d1">
         <path>C:\CCStudio_v6.0\bios_5_42_01_09\packages\ti\bios\lib\</path>
         <kind>archive</kind>
         <file>bios.a674</file>
         <name>sts_set.o674</name>
      </input_file>
      <input_file id="fl-d2">
         <path>C:\CCStudio_v6.0\bios_5_42_01_09\packages\ti\bios\lib\</path>
         <kind>archive</kind>
         <file>bios.a674</file>
         <name>sys_abor.o674</name>
      </input_file>
      <input_file id="fl-d3">
         <path>C:\CCStudio_v6.0\bios_5_42_01_09\packages\ti\bios\lib\</path>
         <kind>archive</kind>
         <file>bios.a674</file>
         <name>tsk.o674</name>
      </input_file>
      <input_file id="fl-d4">
         <path>C:\CCStudio_v6.0\bios_5_42_01_09\packages\ti\bios\lib\</path>
         <kind>archive</kind>
         <file>bios.a674</file>
         <name>tsk_exit.o674</name>
      </input_file>
      <input_file id="fl-d5">
         <path>C:\CCStudio_v6.0\bios_5_42_01_09\packages\ti\bios\lib\</path>
         <kind>archive</kind>
         <file>bios.a674</file>
         <name>sys_exit.o674</name>
      </input_file>
      <input_file id="fl-d6">
         <path>C:\CCStudio_v6.0\bios_5_42_01_09\packages\ti\bios\lib\</path>
         <kind>archive</kind>
         <file>bios.a674</file>
         <name>sys.o674</name>
      </input_file>
      <input_file id="fl-d7">
         <path>C:\CCStudio_v6.0\bios_5_42_01_09\packages\ti\bios\lib\</path>
         <kind>archive</kind>
         <file>bios.a674</file>
         <name>tsk_init.o674</name>
      </input_file>
      <input_file id="fl-d8">
         <path>C:\CCStudio_v6.0\bios_5_42_01_09\packages\ti\bios\lib\</path>
         <kind>archive</kind>
         <file>bios.a674</file>
         <name>tsk_setu.o674</name>
      </input_file>
      <input_file id="fl-d9">
         <path>C:\CCStudio_v6.0\bios_5_42_01_09\packages\ti\bios\lib\</path>
         <kind>archive</kind>
         <file>bios.a674</file>
         <name>tsk_stup.o674</name>
      </input_file>
      <input_file id="fl-da">
         <path>C:\CCStudio_v6.0\bios_5_42_01_09\packages\ti\bios\lib\</path>
         <kind>archive</kind>
         <file>bios.a674</file>
         <name>lck.o674</name>
      </input_file>
      <input_file id="fl-db">
         <path>C:\gigous2_bkuo\repo\bsl\lib\</path>
         <kind>archive</kind>
         <file>evmomapl138_bsl.lib</file>
         <name>evmomapl138_uart.obj</name>
      </input_file>
      <input_file id="fl-dc">
         <path>C:\gigous2_bkuo\repo\bsl\lib\</path>
         <kind>archive</kind>
         <file>evmomapl138_bsl.lib</file>
         <name>evmomapl138_timer.obj</name>
      </input_file>
      <input_file id="fl-dd">
         <path>C:\gigous2_bkuo\repo\bsl\lib\</path>
         <kind>archive</kind>
         <file>evmomapl138_bsl.lib</file>
         <name>evmomapl138_vpif.obj</name>
      </input_file>
      <input_file id="fl-de">
         <path>C:\CCStudio_v6.0\bios_5_42_01_09\packages\ti\bios\lib\</path>
         <kind>archive</kind>
         <file>bios.a674</file>
         <name>sem_dopo.o674</name>
      </input_file>
      <input_file id="fl-df">
         <path>C:\CCStudio_v6.0\bios_5_42_01_09\packages\ti\bios\lib\</path>
         <kind>archive</kind>
         <file>bios.a674</file>
         <name>autoinit.o674</name>
      </input_file>
      <input_file id="fl-e0">
         <path>C:\CCStudio_v6.0\ccsv6\tools\compiler\c6000_7.4.8\lib\</path>
         <kind>archive</kind>
         <file>rts6740.lib</file>
         <name>divd.obj</name>
      </input_file>
      <input_file id="fl-e1">
         <path>C:\CCStudio_v6.0\ccsv6\tools\compiler\c6000_7.4.8\lib\</path>
         <kind>archive</kind>
         <file>rts6740.lib</file>
         <name>divf.obj</name>
      </input_file>
      <input_file id="fl-e2">
         <path>C:\CCStudio_v6.0\ccsv6\tools\compiler\c6000_7.4.8\lib\</path>
         <kind>archive</kind>
         <file>rts6740.lib</file>
         <name>divi.obj</name>
      </input_file>
      <input_file id="fl-e3">
         <path>C:\CCStudio_v6.0\ccsv6\tools\compiler\c6000_7.4.8\lib\</path>
         <kind>archive</kind>
         <file>rts6740.lib</file>
         <name>divu.obj</name>
      </input_file>
      <input_file id="fl-e4">
         <path>C:\CCStudio_v6.0\ccsv6\tools\compiler\c6000_7.4.8\lib\</path>
         <kind>archive</kind>
         <file>rts6740.lib</file>
         <name>frcmpyd_div.obj</name>
      </input_file>
      <input_file id="fl-e5">
         <path>C:\CCStudio_v6.0\ccsv6\tools\compiler\c6000_7.4.8\lib\</path>
         <kind>archive</kind>
         <file>rts6740.lib</file>
         <name>llshift.obj</name>
      </input_file>
      <input_file id="fl-e6">
         <path>C:\CCStudio_v6.0\ccsv6\tools\compiler\c6000_7.4.8\lib\</path>
         <kind>archive</kind>
         <file>rts6740.lib</file>
         <name>_lock.obj</name>
      </input_file>
      <input_file id="fl-e7">
         <path>C:\CCStudio_v6.0\ccsv6\tools\compiler\c6000_7.4.8\lib\</path>
         <kind>archive</kind>
         <file>rts6740.lib</file>
         <name>imath40.obj</name>
      </input_file>
      <input_file id="fl-e8">
         <path>C:\CCStudio_v6.0\ccsv6\tools\compiler\c6000_7.4.8\lib\</path>
         <kind>archive</kind>
         <file>rts6740.lib</file>
         <name>atan2f.obj</name>
      </input_file>
      <input_file id="fl-e9">
         <path>C:\CCStudio_v6.0\ccsv6\tools\compiler\c6000_7.4.8\lib\</path>
         <kind>archive</kind>
         <file>rts6740.lib</file>
         <name>atanf.obj</name>
      </input_file>
      <input_file id="fl-ea">
         <path>C:\CCStudio_v6.0\ccsv6\tools\compiler\c6000_7.4.8\lib\</path>
         <kind>archive</kind>
         <file>rts6740.lib</file>
         <name>atexit.obj</name>
      </input_file>
      <input_file id="fl-eb">
         <path>C:\CCStudio_v6.0\ccsv6\tools\compiler\c6000_7.4.8\lib\</path>
         <kind>archive</kind>
         <file>rts6740.lib</file>
         <name>sinit.obj</name>
      </input_file>
      <input_file id="fl-ec">
         <path>C:\CCStudio_v6.0\ccsv6\tools\compiler\c6000_7.4.8\lib\</path>
         <kind>archive</kind>
         <file>rts6740.lib</file>
         <name>exit.obj</name>
      </input_file>
      <input_file id="fl-ed">
         <path>C:\CCStudio_v6.0\ccsv6\tools\compiler\c6000_7.4.8\lib\</path>
         <kind>archive</kind>
         <file>rts6740.lib</file>
         <name>atoi.obj</name>
      </input_file>
      <input_file id="fl-ee">
         <path>C:\CCStudio_v6.0\ccsv6\tools\compiler\c6000_7.4.8\lib\</path>
         <kind>archive</kind>
         <file>rts6740.lib</file>
         <name>ctype.obj</name>
      </input_file>
      <input_file id="fl-ef">
         <path>C:\CCStudio_v6.0\ccsv6\tools\compiler\c6000_7.4.8\lib\</path>
         <kind>archive</kind>
         <file>rts6740.lib</file>
         <name>cos.obj</name>
      </input_file>
      <input_file id="fl-f0">
         <path>C:\CCStudio_v6.0\ccsv6\tools\compiler\c6000_7.4.8\lib\</path>
         <kind>archive</kind>
         <file>rts6740.lib</file>
         <name>round.obj</name>
      </input_file>
      <input_file id="fl-f1">
         <path>C:\CCStudio_v6.0\ccsv6\tools\compiler\c6000_7.4.8\lib\</path>
         <kind>archive</kind>
         <file>rts6740.lib</file>
         <name>trunc.obj</name>
      </input_file>
      <input_file id="fl-f2">
         <path>C:\CCStudio_v6.0\ccsv6\tools\compiler\c6000_7.4.8\lib\</path>
         <kind>archive</kind>
         <file>rts6740.lib</file>
         <name>cosf.obj</name>
      </input_file>
      <input_file id="fl-f3">
         <path>C:\CCStudio_v6.0\ccsv6\tools\compiler\c6000_7.4.8\lib\</path>
         <kind>archive</kind>
         <file>rts6740.lib</file>
         <name>roundf.obj</name>
      </input_file>
      <input_file id="fl-f4">
         <path>C:\CCStudio_v6.0\ccsv6\tools\compiler\c6000_7.4.8\lib\</path>
         <kind>archive</kind>
         <file>rts6740.lib</file>
         <name>truncf.obj</name>
      </input_file>
      <input_file id="fl-f5">
         <path>C:\CCStudio_v6.0\ccsv6\tools\compiler\c6000_7.4.8\lib\</path>
         <kind>archive</kind>
         <file>rts6740.lib</file>
         <name>errno.obj</name>
      </input_file>
      <input_file id="fl-f6">
         <path>C:\CCStudio_v6.0\ccsv6\tools\compiler\c6000_7.4.8\lib\</path>
         <kind>archive</kind>
         <file>rts6740.lib</file>
         <name>fmodf.obj</name>
      </input_file>
      <input_file id="fl-f7">
         <path>C:\CCStudio_v6.0\ccsv6\tools\compiler\c6000_7.4.8\lib\</path>
         <kind>archive</kind>
         <file>rts6740.lib</file>
         <name>frexpf.obj</name>
      </input_file>
      <input_file id="fl-f8">
         <path>C:\CCStudio_v6.0\ccsv6\tools\compiler\c6000_7.4.8\lib\</path>
         <kind>archive</kind>
         <file>rts6740.lib</file>
         <name>ldexpf.obj</name>
      </input_file>
      <input_file id="fl-f9">
         <path>C:\CCStudio_v6.0\ccsv6\tools\compiler\c6000_7.4.8\lib\</path>
         <kind>archive</kind>
         <file>rts6740.lib</file>
         <name>memcpy64.obj</name>
      </input_file>
      <input_file id="fl-fa">
         <path>C:\CCStudio_v6.0\ccsv6\tools\compiler\c6000_7.4.8\lib\</path>
         <kind>archive</kind>
         <file>rts6740.lib</file>
         <name>modf.obj</name>
      </input_file>
      <input_file id="fl-fb">
         <path>C:\CCStudio_v6.0\ccsv6\tools\compiler\c6000_7.4.8\lib\</path>
         <kind>archive</kind>
         <file>rts6740.lib</file>
         <name>modff.obj</name>
      </input_file>
      <input_file id="fl-fc">
         <path>C:\CCStudio_v6.0\ccsv6\tools\compiler\c6000_7.4.8\lib\</path>
         <kind>archive</kind>
         <file>rts6740.lib</file>
         <name>printf.obj</name>
      </input_file>
      <input_file id="fl-fd">
         <path>C:\CCStudio_v6.0\ccsv6\tools\compiler\c6000_7.4.8\lib\</path>
         <kind>archive</kind>
         <file>rts6740.lib</file>
         <name>defs.obj</name>
      </input_file>
      <input_file id="fl-fe">
         <path>C:\CCStudio_v6.0\ccsv6\tools\compiler\c6000_7.4.8\lib\</path>
         <kind>archive</kind>
         <file>rts6740.lib</file>
         <name>_printfi.obj</name>
      </input_file>
      <input_file id="fl-ff">
         <path>C:\CCStudio_v6.0\ccsv6\tools\compiler\c6000_7.4.8\lib\</path>
         <kind>archive</kind>
         <file>rts6740.lib</file>
         <name>isinf.obj</name>
      </input_file>
      <input_file id="fl-100">
         <path>C:\CCStudio_v6.0\ccsv6\tools\compiler\c6000_7.4.8\lib\</path>
         <kind>archive</kind>
         <file>rts6740.lib</file>
         <name>imath64.obj</name>
      </input_file>
      <input_file id="fl-101">
         <path>C:\CCStudio_v6.0\ccsv6\tools\compiler\c6000_7.4.8\lib\</path>
         <kind>archive</kind>
         <file>rts6740.lib</file>
         <name>fixdli.obj</name>
      </input_file>
      <input_file id="fl-102">
         <path>C:\CCStudio_v6.0\ccsv6\tools\compiler\c6000_7.4.8\lib\</path>
         <kind>archive</kind>
         <file>rts6740.lib</file>
         <name>fltlid.obj</name>
      </input_file>
      <input_file id="fl-103">
         <path>C:\CCStudio_v6.0\ccsv6\tools\compiler\c6000_7.4.8\lib\</path>
         <kind>archive</kind>
         <file>rts6740.lib</file>
         <name>negll.obj</name>
      </input_file>
      <input_file id="fl-104">
         <path>C:\CCStudio_v6.0\ccsv6\tools\compiler\c6000_7.4.8\lib\</path>
         <kind>archive</kind>
         <file>rts6740.lib</file>
         <name>fputc.obj</name>
      </input_file>
      <input_file id="fl-105">
         <path>C:\CCStudio_v6.0\ccsv6\tools\compiler\c6000_7.4.8\lib\</path>
         <kind>archive</kind>
         <file>rts6740.lib</file>
         <name>fflush.obj</name>
      </input_file>
      <input_file id="fl-106">
         <path>C:\CCStudio_v6.0\ccsv6\tools\compiler\c6000_7.4.8\lib\</path>
         <kind>archive</kind>
         <file>rts6740.lib</file>
         <name>_io_perm.obj</name>
      </input_file>
      <input_file id="fl-107">
         <path>C:\CCStudio_v6.0\ccsv6\tools\compiler\c6000_7.4.8\lib\</path>
         <kind>archive</kind>
         <file>rts6740.lib</file>
         <name>fputs.obj</name>
      </input_file>
      <input_file id="fl-108">
         <path>C:\CCStudio_v6.0\ccsv6\tools\compiler\c6000_7.4.8\lib\</path>
         <kind>archive</kind>
         <file>rts6740.lib</file>
         <name>fseek.obj</name>
      </input_file>
      <input_file id="fl-109">
         <path>C:\CCStudio_v6.0\ccsv6\tools\compiler\c6000_7.4.8\lib\</path>
         <kind>archive</kind>
         <file>rts6740.lib</file>
         <name>abs.obj</name>
      </input_file>
      <input_file id="fl-10a">
         <path>C:\CCStudio_v6.0\ccsv6\tools\compiler\c6000_7.4.8\lib\</path>
         <kind>archive</kind>
         <file>rts6740.lib</file>
         <name>lowlev.obj</name>
      </input_file>
      <input_file id="fl-10b">
         <path>C:\CCStudio_v6.0\ccsv6\tools\compiler\c6000_7.4.8\lib\</path>
         <kind>archive</kind>
         <file>rts6740.lib</file>
         <name>trgdrv.obj</name>
      </input_file>
      <input_file id="fl-10c">
         <path>C:\CCStudio_v6.0\ccsv6\tools\compiler\c6000_7.4.8\lib\</path>
         <kind>archive</kind>
         <file>rts6740.lib</file>
         <name>ltoa.obj</name>
      </input_file>
      <input_file id="fl-10d">
         <path>C:\CCStudio_v6.0\ccsv6\tools\compiler\c6000_7.4.8\lib\</path>
         <kind>archive</kind>
         <file>rts6740.lib</file>
         <name>memccpy.obj</name>
      </input_file>
      <input_file id="fl-10e">
         <path>C:\CCStudio_v6.0\ccsv6\tools\compiler\c6000_7.4.8\lib\</path>
         <kind>archive</kind>
         <file>rts6740.lib</file>
         <name>memset.obj</name>
      </input_file>
      <input_file id="fl-10f">
         <path>C:\CCStudio_v6.0\ccsv6\tools\compiler\c6000_7.4.8\lib\</path>
         <kind>archive</kind>
         <file>rts6740.lib</file>
         <name>trgmsg.obj</name>
      </input_file>
      <input_file id="fl-110">
         <path>C:\CCStudio_v6.0\ccsv6\tools\compiler\c6000_7.4.8\lib\</path>
         <kind>archive</kind>
         <file>rts6740.lib</file>
         <name>setvbuf.obj</name>
      </input_file>
      <input_file id="fl-111">
         <path>C:\CCStudio_v6.0\ccsv6\tools\compiler\c6000_7.4.8\lib\</path>
         <kind>archive</kind>
         <file>rts6740.lib</file>
         <name>fopen.obj</name>
      </input_file>
      <input_file id="fl-112">
         <path>C:\CCStudio_v6.0\ccsv6\tools\compiler\c6000_7.4.8\lib\</path>
         <kind>archive</kind>
         <file>rts6740.lib</file>
         <name>fclose.obj</name>
      </input_file>
      <input_file id="fl-113">
         <path>C:\CCStudio_v6.0\bios_5_42_01_09\packages\ti\bios\lib\</path>
         <kind>archive</kind>
         <file>bios.a674</file>
         <name>malloc.o674</name>
      </input_file>
      <input_file id="fl-114">
         <path>C:\CCStudio_v6.0\bios_5_42_01_09\packages\ti\bios\lib\</path>
         <kind>archive</kind>
         <file>bios.a674</file>
         <name>mem_allo.o674</name>
      </input_file>
      <input_file id="fl-115">
         <path>C:\CCStudio_v6.0\bios_5_42_01_09\packages\ti\bios\lib\</path>
         <kind>archive</kind>
         <file>bios.a674</file>
         <name>mem_free.o674</name>
      </input_file>
      <input_file id="fl-116">
         <path>C:\CCStudio_v6.0\bios_5_42_01_09\packages\ti\bios\lib\</path>
         <kind>archive</kind>
         <file>bios.a674</file>
         <name>sys_erro.o674</name>
      </input_file>
      <input_file id="fl-117">
         <path>C:\CCStudio_v6.0\ccsv6\tools\compiler\c6000_7.4.8\lib\</path>
         <kind>archive</kind>
         <file>rts6740.lib</file>
         <name>remove.obj</name>
      </input_file>
      <input_file id="fl-118">
         <path>C:\CCStudio_v6.0\ccsv6\tools\compiler\c6000_7.4.8\lib\</path>
         <kind>archive</kind>
         <file>rts6740.lib</file>
         <name>sin.obj</name>
      </input_file>
      <input_file id="fl-119">
         <path>C:\CCStudio_v6.0\ccsv6\tools\compiler\c6000_7.4.8\lib\</path>
         <kind>archive</kind>
         <file>rts6740.lib</file>
         <name>sinf.obj</name>
      </input_file>
      <input_file id="fl-11a">
         <path>C:\CCStudio_v6.0\ccsv6\tools\compiler\c6000_7.4.8\lib\</path>
         <kind>archive</kind>
         <file>rts6740.lib</file>
         <name>sprintf.obj</name>
      </input_file>
      <input_file id="fl-11b">
         <path>C:\CCStudio_v6.0\ccsv6\tools\compiler\c6000_7.4.8\lib\</path>
         <kind>archive</kind>
         <file>rts6740.lib</file>
         <name>sqrtf.obj</name>
      </input_file>
      <input_file id="fl-11c">
         <path>C:\CCStudio_v6.0\ccsv6\tools\compiler\c6000_7.4.8\lib\</path>
         <kind>archive</kind>
         <file>rts6740.lib</file>
         <name>vsprintf.obj</name>
      </input_file>
   </input_file_list>
   <object_component_list>
      <object_component id="oc-84">
         <name>.vers</name>
         <load_address>0x0</load_address>
         <run_address>0x0</run_address>
         <size>0x44</size>
         <input_file_ref idref="fl-e"/>
      </object_component>
      <object_component id="oc-6e">
         <name>.clk</name>
         <uninitialized>true</uninitialized>
         <run_address>0x1181ffec</run_address>
         <size>0x8</size>
         <input_file_ref idref="fl-e"/>
      </object_component>
      <object_component id="oc-6f">
         <name>.prd</name>
         <uninitialized>true</uninitialized>
         <run_address>0x11824264</run_address>
         <size>0x60</size>
         <input_file_ref idref="fl-e"/>
      </object_component>
      <object_component id="oc-77">
         <name>.swi</name>
         <uninitialized>true</uninitialized>
         <run_address>0x11823f80</run_address>
         <size>0xdc</size>
         <input_file_ref idref="fl-e"/>
      </object_component>
      <object_component id="oc-78">
         <name>.tsk</name>
         <uninitialized>true</uninitialized>
         <run_address>0x11823e00</run_address>
         <size>0x180</size>
         <input_file_ref idref="fl-e"/>
      </object_component>
      <object_component id="oc-7e">
         <name>.idl</name>
         <uninitialized>true</uninitialized>
         <run_address>0x1180fdf0</run_address>
         <size>0x10</size>
         <input_file_ref idref="fl-e"/>
      </object_component>
      <object_component id="oc-7d">
         <name>.idlcal</name>
         <uninitialized>true</uninitialized>
         <run_address>0x11815990</run_address>
         <size>0x10</size>
         <input_file_ref idref="fl-e"/>
      </object_component>
      <object_component id="oc-4f">
         <name>.bss</name>
         <uninitialized>true</uninitialized>
         <run_address>0x11822518</run_address>
         <size>0x38</size>
         <input_file_ref idref="fl-e"/>
      </object_component>
      <object_component id="oc-5b">
         <name>.bss</name>
         <uninitialized>true</uninitialized>
         <run_address>0x11822440</run_address>
         <size>0x54</size>
         <input_file_ref idref="fl-b"/>
      </object_component>
      <object_component id="oc-8c">
         <name>.bss</name>
         <uninitialized>true</uninitialized>
         <run_address>0x118223d4</run_address>
         <size>0x6c</size>
         <input_file_ref idref="fl-10"/>
      </object_component>
      <object_component id="oc-94">
         <name>.bss</name>
         <uninitialized>true</uninitialized>
         <run_address>0x118225e8</run_address>
         <size>0x8</size>
         <input_file_ref idref="fl-11"/>
      </object_component>
      <object_component id="oc-9a">
         <name>.bss</name>
         <uninitialized>true</uninitialized>
         <run_address>0x11822100</run_address>
         <size>0xe4</size>
         <input_file_ref idref="fl-12"/>
      </object_component>
      <object_component id="oc-a1">
         <name>.bss</name>
         <uninitialized>true</uninitialized>
         <run_address>0x118225dc</run_address>
         <size>0xb</size>
         <input_file_ref idref="fl-13"/>
      </object_component>
      <object_component id="oc-a8">
         <name>.bss</name>
         <uninitialized>true</uninitialized>
         <run_address>0x118224e0</run_address>
         <size>0x38</size>
         <input_file_ref idref="fl-14"/>
      </object_component>
      <object_component id="oc-af">
         <name>.bss</name>
         <uninitialized>true</uninitialized>
         <run_address>0x1182234c</run_address>
         <size>0x88</size>
         <input_file_ref idref="fl-15"/>
      </object_component>
      <object_component id="oc-b6">
         <name>.bss</name>
         <uninitialized>true</uninitialized>
         <run_address>0x118221e4</run_address>
         <size>0xcc</size>
         <input_file_ref idref="fl-92"/>
      </object_component>
      <object_component id="oc-b8">
         <name>.bss</name>
         <uninitialized>true</uninitialized>
         <run_address>0x11822000</run_address>
         <size>0x100</size>
         <input_file_ref idref="fl-93"/>
      </object_component>
      <object_component id="oc-bf">
         <name>.bss</name>
         <uninitialized>true</uninitialized>
         <run_address>0x11822588</run_address>
         <size>0x18</size>
         <input_file_ref idref="fl-95"/>
      </object_component>
      <object_component id="oc-c5">
         <name>.bss</name>
         <uninitialized>true</uninitialized>
         <run_address>0x118222b0</run_address>
         <size>0x9c</size>
         <input_file_ref idref="fl-96"/>
      </object_component>
      <object_component id="oc-f6">
         <name>.bss</name>
         <uninitialized>true</uninitialized>
         <run_address>0x11822570</run_address>
         <size>0x18</size>
         <input_file_ref idref="fl-a3"/>
      </object_component>
      <object_component id="oc-f8">
         <name>.bss</name>
         <uninitialized>true</uninitialized>
         <run_address>0x11822600</run_address>
         <size>0x4</size>
         <input_file_ref idref="fl-a4"/>
      </object_component>
      <object_component id="oc-12c">
         <name>.bss</name>
         <uninitialized>true</uninitialized>
         <run_address>0x118225f0</run_address>
         <size>0x8</size>
         <input_file_ref idref="fl-b0"/>
      </object_component>
      <object_component id="oc-133">
         <name>.bss</name>
         <uninitialized>true</uninitialized>
         <run_address>0x118224dc</run_address>
         <size>0x4</size>
         <input_file_ref idref="fl-b2"/>
      </object_component>
      <object_component id="oc-142">
         <name>.bss</name>
         <uninitialized>true</uninitialized>
         <run_address>0x11822550</run_address>
         <size>0x20</size>
         <input_file_ref idref="fl-b6"/>
      </object_component>
      <object_component id="oc-148">
         <name>.bss</name>
         <uninitialized>true</uninitialized>
         <run_address>0x118225a0</run_address>
         <size>0x10</size>
         <input_file_ref idref="fl-b7"/>
      </object_component>
      <object_component id="oc-15a">
         <name>.bss</name>
         <uninitialized>true</uninitialized>
         <run_address>0x118225c0</run_address>
         <size>0x10</size>
         <input_file_ref idref="fl-bb"/>
      </object_component>
      <object_component id="oc-16a">
         <name>.bss</name>
         <uninitialized>true</uninitialized>
         <run_address>0x11822608</run_address>
         <size>0x4</size>
         <input_file_ref idref="fl-be"/>
      </object_component>
      <object_component id="oc-16f">
         <name>.bss</name>
         <uninitialized>true</uninitialized>
         <run_address>0x11822494</run_address>
         <size>0x48</size>
         <input_file_ref idref="fl-bf"/>
      </object_component>
      <object_component id="oc-184">
         <name>.bss</name>
         <uninitialized>true</uninitialized>
         <run_address>0x11822604</run_address>
         <size>0x4</size>
         <input_file_ref idref="fl-c5"/>
      </object_component>
      <object_component id="oc-190">
         <name>.bss</name>
         <uninitialized>true</uninitialized>
         <run_address>0x118225b0</run_address>
         <size>0x10</size>
         <input_file_ref idref="fl-c9"/>
      </object_component>
      <object_component id="oc-1b7">
         <name>.bss</name>
         <uninitialized>true</uninitialized>
         <run_address>0x118225d0</run_address>
         <size>0xc</size>
         <input_file_ref idref="fl-d3"/>
      </object_component>
      <object_component id="oc-1c3">
         <name>.bss</name>
         <uninitialized>true</uninitialized>
         <run_address>0x118225f8</run_address>
         <size>0x8</size>
         <input_file_ref idref="fl-d6"/>
      </object_component>
      <object_component id="oc-76">
         <name>.hwi_vec</name>
         <load_address>0x11823c00</load_address>
         <run_address>0x11823c00</run_address>
         <size>0x200</size>
         <input_file_ref idref="fl-e"/>
      </object_component>
      <object_component id="oc-5e">
         <name>.far</name>
         <uninitialized>true</uninitialized>
         <run_address>0x11812e48</run_address>
         <size>0x1150</size>
         <input_file_ref idref="fl-b"/>
      </object_component>
      <object_component id="oc-8f">
         <name>.far</name>
         <uninitialized>true</uninitialized>
         <run_address>0x11811828</run_address>
         <size>0x1620</size>
         <input_file_ref idref="fl-10"/>
      </object_component>
      <object_component id="oc-9d">
         <name>.far</name>
         <uninitialized>true</uninitialized>
         <run_address>0x1180fe00</run_address>
         <size>0x1a24</size>
         <input_file_ref idref="fl-12"/>
      </object_component>
      <object_component id="oc-ab">
         <name>.far</name>
         <uninitialized>true</uninitialized>
         <run_address>0x11815400</run_address>
         <size>0x168</size>
         <input_file_ref idref="fl-14"/>
      </object_component>
      <object_component id="oc-b2">
         <name>.far</name>
         <uninitialized>true</uninitialized>
         <run_address>0x11813f98</run_address>
         <size>0xfa0</size>
         <input_file_ref idref="fl-15"/>
      </object_component>
      <object_component id="oc-d5">
         <name>.far</name>
         <uninitialized>true</uninitialized>
         <run_address>0x11815938</run_address>
         <size>0x10</size>
         <input_file_ref idref="fl-9a"/>
      </object_component>
      <object_component id="oc-e2">
         <name>.far</name>
         <uninitialized>true</uninitialized>
         <run_address>0x11815968</run_address>
         <size>0xc</size>
         <input_file_ref idref="fl-9d"/>
      </object_component>
      <object_component id="oc-129">
         <name>.far</name>
         <uninitialized>true</uninitialized>
         <run_address>0x11811824</run_address>
         <size>0x4</size>
         <input_file_ref idref="fl-af"/>
      </object_component>
      <object_component id="oc-137">
         <name>.far</name>
         <uninitialized>true</uninitialized>
         <run_address>0x1181525c</run_address>
         <size>0x4</size>
         <input_file_ref idref="fl-b3"/>
      </object_component>
      <object_component id="oc-14b">
         <name>.far</name>
         <uninitialized>true</uninitialized>
         <run_address>0x11815928</run_address>
         <size>0x10</size>
         <input_file_ref idref="fl-b7"/>
      </object_component>
      <object_component id="oc-15e">
         <name>.far</name>
         <uninitialized>true</uninitialized>
         <run_address>0x118153e8</run_address>
         <size>0x18</size>
         <input_file_ref idref="fl-bb"/>
      </object_component>
      <object_component id="oc-172">
         <name>.far</name>
         <uninitialized>true</uninitialized>
         <run_address>0x11815688</run_address>
         <size>0xd8</size>
         <input_file_ref idref="fl-bf"/>
      </object_component>
      <object_component id="oc-18a">
         <name>.far</name>
         <uninitialized>true</uninitialized>
         <run_address>0x118157c0</run_address>
         <size>0x54</size>
         <input_file_ref idref="fl-c7"/>
      </object_component>
      <object_component id="oc-1ba">
         <name>.far</name>
         <uninitialized>true</uninitialized>
         <run_address>0x11815760</run_address>
         <size>0x5c</size>
         <input_file_ref idref="fl-d3"/>
      </object_component>
      <object_component id="oc-1c6">
         <name>.far</name>
         <uninitialized>true</uninitialized>
         <run_address>0x118158e8</run_address>
         <size>0x20</size>
         <input_file_ref idref="fl-d6"/>
      </object_component>
      <object_component id="oc-1d0">
         <name>.far</name>
         <uninitialized>true</uninitialized>
         <run_address>0x11815814</run_address>
         <size>0x50</size>
         <input_file_ref idref="fl-d9"/>
      </object_component>
      <object_component id="oc-1fe">
         <name>.far</name>
         <uninitialized>true</uninitialized>
         <run_address>0x11815980</run_address>
         <size>0x8</size>
         <input_file_ref idref="fl-e6"/>
      </object_component>
      <object_component id="oc-209">
         <name>.far</name>
         <uninitialized>true</uninitialized>
         <run_address>0x11815908</run_address>
         <size>0x20</size>
         <input_file_ref idref="fl-e9"/>
      </object_component>
      <object_component id="oc-20e">
         <name>.far</name>
         <uninitialized>true</uninitialized>
         <run_address>0x11815260</run_address>
         <size>0x188</size>
         <input_file_ref idref="fl-ea"/>
      </object_component>
      <object_component id="oc-213">
         <name>.far</name>
         <uninitialized>true</uninitialized>
         <run_address>0x11815864</run_address>
         <size>0x4</size>
         <input_file_ref idref="fl-eb"/>
      </object_component>
      <object_component id="oc-218">
         <name>.far</name>
         <uninitialized>true</uninitialized>
         <run_address>0x11815974</run_address>
         <size>0xc</size>
         <input_file_ref idref="fl-ec"/>
      </object_component>
      <object_component id="oc-222">
         <name>.far</name>
         <uninitialized>true</uninitialized>
         <run_address>0x11815868</run_address>
         <size>0x40</size>
         <input_file_ref idref="fl-ef"/>
      </object_component>
      <object_component id="oc-22d">
         <name>.far</name>
         <uninitialized>true</uninitialized>
         <run_address>0x11815948</run_address>
         <size>0x10</size>
         <input_file_ref idref="fl-f2"/>
      </object_component>
      <object_component id="oc-238">
         <name>.far</name>
         <uninitialized>true</uninitialized>
         <run_address>0x11815684</run_address>
         <size>0x4</size>
         <input_file_ref idref="fl-f5"/>
      </object_component>
      <object_component id="oc-251">
         <name>.far</name>
         <uninitialized>true</uninitialized>
         <run_address>0x11814f38</run_address>
         <size>0x324</size>
         <input_file_ref idref="fl-fd"/>
      </object_component>
      <object_component id="oc-27b">
         <name>.far</name>
         <uninitialized>true</uninitialized>
         <run_address>0x11815568</run_address>
         <size>0x11c</size>
         <input_file_ref idref="fl-10a"/>
      </object_component>
      <object_component id="oc-27f">
         <name>.far</name>
         <uninitialized>true</uninitialized>
         <run_address>0x11815988</run_address>
         <size>0x8</size>
         <input_file_ref idref="fl-10b"/>
      </object_component>
      <object_component id="oc-294">
         <name>.far</name>
         <uninitialized>true</uninitialized>
         <run_address>0x118157bc</run_address>
         <size>0x4</size>
         <input_file_ref idref="fl-111"/>
      </object_component>
      <object_component id="oc-2ad">
         <name>.far</name>
         <uninitialized>true</uninitialized>
         <run_address>0x118158a8</run_address>
         <size>0x40</size>
         <input_file_ref idref="fl-118"/>
      </object_component>
      <object_component id="oc-2b2">
         <name>.far</name>
         <uninitialized>true</uninitialized>
         <run_address>0x11815958</run_address>
         <size>0x10</size>
         <input_file_ref idref="fl-119"/>
      </object_component>
      <object_component id="oc-82">
         <name>.sem</name>
         <uninitialized>true</uninitialized>
         <run_address>0x11824374</run_address>
         <size>0x2c</size>
         <input_file_ref idref="fl-e"/>
      </object_component>
      <object_component id="oc-6a">
         <name>.mem</name>
         <uninitialized>true</uninitialized>
         <run_address>0x1181fff8</run_address>
         <size>0x4</size>
         <input_file_ref idref="fl-e"/>
      </object_component>
      <object_component id="oc-c1">
         <name>.bios</name>
         <load_address>0x118159a0</load_address>
         <run_address>0x118159a0</run_address>
         <size>0x5c0</size>
         <input_file_ref idref="fl-95"/>
      </object_component>
      <object_component id="oc-2cf">
         <name>.bios</name>
         <load_address>0x11815f60</load_address>
         <run_address>0x11815f60</run_address>
         <size>0x580</size>
         <input_file_ref idref="fl-b7"/>
      </object_component>
      <object_component id="oc-50">
         <name>.bios</name>
         <load_address>0x118164e0</load_address>
         <run_address>0x118164e0</run_address>
         <size>0x4e0</size>
         <input_file_ref idref="fl-93"/>
      </object_component>
      <object_component id="oc-4e">
         <name>.bios</name>
         <load_address>0x118169c0</load_address>
         <run_address>0x118169c0</run_address>
         <size>0x4c0</size>
         <input_file_ref idref="fl-96"/>
      </object_component>
      <object_component id="oc-113">
         <name>.bios</name>
         <load_address>0x11816e80</load_address>
         <run_address>0x11816e80</run_address>
         <size>0x380</size>
         <input_file_ref idref="fl-aa"/>
      </object_component>
      <object_component id="oc-34a">
         <name>.bios</name>
         <load_address>0x11817200</load_address>
         <run_address>0x11817200</run_address>
         <size>0x280</size>
         <input_file_ref idref="fl-113"/>
      </object_component>
      <object_component id="oc-118">
         <name>.bios</name>
         <load_address>0x11817480</load_address>
         <run_address>0x11817480</run_address>
         <size>0x280</size>
         <input_file_ref idref="fl-ab"/>
      </object_component>
      <object_component id="oc-2c7">
         <name>.bios</name>
         <load_address>0x11817700</load_address>
         <run_address>0x11817700</run_address>
         <size>0x240</size>
         <input_file_ref idref="fl-c4"/>
      </object_component>
      <object_component id="oc-351">
         <name>.bios:.near</name>
         <load_address>0x11817940</load_address>
         <run_address>0x11817940</run_address>
         <size>0x200</size>
         <input_file_ref idref="fl-114"/>
      </object_component>
      <object_component id="oc-53">
         <name>.bios</name>
         <load_address>0x11817b40</load_address>
         <run_address>0x11817b40</run_address>
         <size>0x200</size>
         <input_file_ref idref="fl-9a"/>
      </object_component>
      <object_component id="oc-350">
         <name>.bios:.near</name>
         <load_address>0x11817d40</load_address>
         <run_address>0x11817d40</run_address>
         <size>0x1e0</size>
         <input_file_ref idref="fl-115"/>
      </object_component>
      <object_component id="oc-144">
         <name>.bios</name>
         <load_address>0x11817f20</load_address>
         <run_address>0x11817f20</run_address>
         <size>0x1e0</size>
         <input_file_ref idref="fl-b6"/>
      </object_component>
      <object_component id="oc-10f">
         <name>.bios</name>
         <load_address>0x11818100</load_address>
         <run_address>0x11818100</run_address>
         <size>0x1e0</size>
         <input_file_ref idref="fl-a9"/>
      </object_component>
      <object_component id="oc-2d7">
         <name>.bios</name>
         <load_address>0x118182e0</load_address>
         <run_address>0x118182e0</run_address>
         <size>0x1e0</size>
         <input_file_ref idref="fl-cd"/>
      </object_component>
      <object_component id="oc-2cc">
         <name>.bios</name>
         <load_address>0x118184c0</load_address>
         <run_address>0x118184c0</run_address>
         <size>0x1a0</size>
         <input_file_ref idref="fl-de"/>
      </object_component>
      <object_component id="oc-2d1">
         <name>.bios</name>
         <load_address>0x11818660</load_address>
         <run_address>0x11818660</run_address>
         <size>0x1a0</size>
         <input_file_ref idref="fl-d8"/>
      </object_component>
      <object_component id="oc-e8">
         <name>.bios</name>
         <load_address>0x11818800</load_address>
         <run_address>0x11818800</run_address>
         <size>0x1a0</size>
         <input_file_ref idref="fl-9f"/>
      </object_component>
      <object_component id="oc-107">
         <name>.bios</name>
         <load_address>0x118189a0</load_address>
         <run_address>0x118189a0</run_address>
         <size>0x180</size>
         <input_file_ref idref="fl-a7"/>
      </object_component>
      <object_component id="oc-2ed">
         <name>.bios</name>
         <load_address>0x11818b20</load_address>
         <run_address>0x11818b20</run_address>
         <size>0x180</size>
         <input_file_ref idref="fl-ae"/>
      </object_component>
      <object_component id="oc-2be">
         <name>.bios</name>
         <load_address>0x11818ca0</load_address>
         <run_address>0x11818ca0</run_address>
         <size>0x140</size>
         <input_file_ref idref="fl-df"/>
      </object_component>
      <object_component id="oc-2ca">
         <name>.bios</name>
         <load_address>0x11818de0</load_address>
         <run_address>0x11818de0</run_address>
         <size>0x140</size>
         <input_file_ref idref="fl-d4"/>
      </object_component>
      <object_component id="oc-300">
         <name>.bios</name>
         <load_address>0x11818f20</load_address>
         <run_address>0x11818f20</run_address>
         <size>0x140</size>
         <input_file_ref idref="fl-97"/>
      </object_component>
      <object_component id="oc-2cd">
         <name>.bios</name>
         <load_address>0x11819060</load_address>
         <run_address>0x11819060</run_address>
         <size>0x120</size>
         <input_file_ref idref="fl-b8"/>
      </object_component>
      <object_component id="oc-177">
         <name>.bios</name>
         <load_address>0x11819180</load_address>
         <run_address>0x11819180</run_address>
         <size>0x120</size>
         <input_file_ref idref="fl-c1"/>
      </object_component>
      <object_component id="oc-2d2">
         <name>.bios</name>
         <load_address>0x118192a0</load_address>
         <run_address>0x118192a0</run_address>
         <size>0x120</size>
         <input_file_ref idref="fl-d9"/>
      </object_component>
      <object_component id="oc-1a5">
         <name>.bios</name>
         <load_address>0x118193c0</load_address>
         <run_address>0x118193c0</run_address>
         <size>0xe0</size>
         <input_file_ref idref="fl-ce"/>
      </object_component>
      <object_component id="oc-2c9">
         <name>.bios</name>
         <load_address>0x118194a0</load_address>
         <run_address>0x118194a0</run_address>
         <size>0xc0</size>
         <input_file_ref idref="fl-c0"/>
      </object_component>
      <object_component id="oc-2d9">
         <name>.bios</name>
         <load_address>0x11819560</load_address>
         <run_address>0x11819560</run_address>
         <size>0xa0</size>
         <input_file_ref idref="fl-cf"/>
      </object_component>
      <object_component id="oc-2f8">
         <name>.bios</name>
         <load_address>0x11819600</load_address>
         <run_address>0x11819600</run_address>
         <size>0xa0</size>
         <input_file_ref idref="fl-d5"/>
      </object_component>
      <object_component id="oc-2d8">
         <name>.bios</name>
         <load_address>0x118196a0</load_address>
         <run_address>0x118196a0</run_address>
         <size>0x80</size>
         <input_file_ref idref="fl-c3"/>
      </object_component>
      <object_component id="oc-2c0">
         <name>.bios</name>
         <load_address>0x11819720</load_address>
         <run_address>0x11819720</run_address>
         <size>0x80</size>
         <input_file_ref idref="fl-c2"/>
      </object_component>
      <object_component id="oc-302">
         <name>.bios</name>
         <load_address>0x118197a0</load_address>
         <run_address>0x118197a0</run_address>
         <size>0x80</size>
         <input_file_ref idref="fl-da"/>
      </object_component>
      <object_component id="oc-10b">
         <name>.bios</name>
         <load_address>0x11819820</load_address>
         <run_address>0x11819820</run_address>
         <size>0x80</size>
         <input_file_ref idref="fl-a8"/>
      </object_component>
      <object_component id="oc-318">
         <name>.bios</name>
         <load_address>0x118198a0</load_address>
         <run_address>0x118198a0</run_address>
         <size>0x80</size>
         <input_file_ref idref="fl-af"/>
      </object_component>
      <object_component id="oc-fe">
         <name>.bios</name>
         <load_address>0x11819920</load_address>
         <run_address>0x11819920</run_address>
         <size>0x80</size>
         <input_file_ref idref="fl-a5"/>
      </object_component>
      <object_component id="oc-355">
         <name>.bios:.near</name>
         <load_address>0x118199a0</load_address>
         <run_address>0x118199a0</run_address>
         <size>0x60</size>
         <input_file_ref idref="fl-116"/>
      </object_component>
      <object_component id="oc-ec">
         <name>.bios</name>
         <load_address>0x11819a00</load_address>
         <run_address>0x11819a00</run_address>
         <size>0x60</size>
         <input_file_ref idref="fl-a0"/>
      </object_component>
      <object_component id="oc-162">
         <name>.bios</name>
         <load_address>0x11819a60</load_address>
         <run_address>0x11819a60</run_address>
         <size>0x60</size>
         <input_file_ref idref="fl-bc"/>
      </object_component>
      <object_component id="oc-fa">
         <name>.bios</name>
         <load_address>0x11819ac0</load_address>
         <run_address>0x11819ac0</run_address>
         <size>0x60</size>
         <input_file_ref idref="fl-a4"/>
      </object_component>
      <object_component id="oc-19e">
         <name>.bios</name>
         <load_address>0x11819b20</load_address>
         <run_address>0x11819b20</run_address>
         <size>0x60</size>
         <input_file_ref idref="fl-cc"/>
      </object_component>
      <object_component id="oc-120">
         <name>.bios</name>
         <load_address>0x11819b80</load_address>
         <run_address>0x11819b80</run_address>
         <size>0x60</size>
         <input_file_ref idref="fl-ad"/>
      </object_component>
      <object_component id="oc-301">
         <name>.bios</name>
         <load_address>0x11819be0</load_address>
         <run_address>0x11819be0</run_address>
         <size>0x60</size>
         <input_file_ref idref="fl-d2"/>
      </object_component>
      <object_component id="oc-139">
         <name>.bios</name>
         <load_address>0x11819c40</load_address>
         <run_address>0x11819c40</run_address>
         <size>0x60</size>
         <input_file_ref idref="fl-b4"/>
      </object_component>
      <object_component id="oc-4c">
         <name>.bios</name>
         <load_address>0x11819ca0</load_address>
         <run_address>0x11819ca0</run_address>
         <size>0x40</size>
         <input_file_ref idref="fl-94"/>
      </object_component>
      <object_component id="oc-11c">
         <name>.bios</name>
         <load_address>0x11819ce0</load_address>
         <run_address>0x11819ce0</run_address>
         <size>0x40</size>
         <input_file_ref idref="fl-ac"/>
      </object_component>
      <object_component id="oc-4b">
         <name>.bios</name>
         <load_address>0x11819d20</load_address>
         <run_address>0x11819d20</run_address>
         <size>0x40</size>
         <input_file_ref idref="fl-9b"/>
      </object_component>
      <object_component id="oc-52">
         <name>.bios</name>
         <load_address>0x11819d60</load_address>
         <run_address>0x11819d60</run_address>
         <size>0x40</size>
         <input_file_ref idref="fl-9d"/>
      </object_component>
      <object_component id="oc-12f">
         <name>.bios</name>
         <load_address>0x11819da0</load_address>
         <run_address>0x11819da0</run_address>
         <size>0x20</size>
         <input_file_ref idref="fl-b1"/>
      </object_component>
      <object_component id="oc-56">
         <name>.bios</name>
         <load_address>0x11819dc0</load_address>
         <run_address>0x11819dc0</run_address>
         <size>0x20</size>
         <input_file_ref idref="fl-99"/>
      </object_component>
      <object_component id="oc-152">
         <name>.bios</name>
         <load_address>0x11819de0</load_address>
         <run_address>0x11819de0</run_address>
         <size>0x20</size>
         <input_file_ref idref="fl-b9"/>
      </object_component>
      <object_component id="oc-102">
         <name>.bios</name>
         <load_address>0x11819e00</load_address>
         <run_address>0x11819e00</run_address>
         <size>0x20</size>
         <input_file_ref idref="fl-a6"/>
      </object_component>
      <object_component id="oc-1b0">
         <name>.bios</name>
         <load_address>0x11819e20</load_address>
         <run_address>0x11819e20</run_address>
         <size>0x20</size>
         <input_file_ref idref="fl-d1"/>
      </object_component>
      <object_component id="oc-55">
         <name>.bios</name>
         <load_address>0x11819e40</load_address>
         <run_address>0x11819e40</run_address>
         <size>0x20</size>
         <input_file_ref idref="fl-9c"/>
      </object_component>
      <object_component id="oc-54">
         <name>.bios</name>
         <load_address>0x11819e60</load_address>
         <run_address>0x11819e60</run_address>
         <size>0x20</size>
         <input_file_ref idref="fl-9e"/>
      </object_component>
      <object_component id="oc-51">
         <name>.bios</name>
         <load_address>0x11819e80</load_address>
         <run_address>0x11819e80</run_address>
         <size>0x20</size>
         <input_file_ref idref="fl-98"/>
      </object_component>
      <object_component id="oc-28c">
         <name>.cio</name>
         <uninitialized>true</uninitialized>
         <run_address>0x1181fec0</run_address>
         <size>0x120</size>
         <input_file_ref idref="fl-10f"/>
      </object_component>
      <object_component id="oc-194">
         <name>.pinit</name>
         <load_address>0x1181e0f4</load_address>
         <run_address>0x1181e0f4</run_address>
         <size>0x4</size>
         <input_file_ref idref="fl-c9"/>
      </object_component>
      <object_component id="oc-15f">
         <name>.pinit</name>
         <load_address>0x1181e0f8</load_address>
         <run_address>0x1181e0f8</run_address>
         <size>0x4</size>
         <input_file_ref idref="fl-bb"/>
      </object_component>
      <object_component id="oc-6d">
         <name>.sys</name>
         <uninitialized>true</uninitialized>
         <run_address>0x1181e0e4</run_address>
         <size>0x10</size>
         <input_file_ref idref="fl-e"/>
      </object_component>
      <object_component id="oc-2cb">
         <name>.text</name>
         <load_address>0x11800000</load_address>
         <run_address>0x11800000</run_address>
         <size>0x2620</size>
         <input_file_ref idref="fl-10"/>
      </object_component>
      <object_component id="oc-2bf">
         <name>.text</name>
         <load_address>0x11802620</load_address>
         <run_address>0x11802620</run_address>
         <size>0x1420</size>
         <input_file_ref idref="fl-b"/>
      </object_component>
      <object_component id="oc-2c3">
         <name>.text</name>
         <load_address>0x11803a40</load_address>
         <run_address>0x11803a40</run_address>
         <size>0x1120</size>
         <input_file_ref idref="fl-12"/>
      </object_component>
      <object_component id="oc-2e5">
         <name>.text</name>
         <load_address>0x11804b60</load_address>
         <run_address>0x11804b60</run_address>
         <size>0xf80</size>
         <input_file_ref idref="fl-b5"/>
      </object_component>
      <object_component id="oc-2c8">
         <name>.text</name>
         <load_address>0x11805ae0</load_address>
         <run_address>0x11805ae0</run_address>
         <size>0xaa0</size>
         <input_file_ref idref="fl-13"/>
      </object_component>
      <object_component id="oc-2c1">
         <name>.text</name>
         <load_address>0x11806580</load_address>
         <run_address>0x11806580</run_address>
         <size>0x6e0</size>
         <input_file_ref idref="fl-14"/>
      </object_component>
      <object_component id="oc-2f3">
         <name>.text</name>
         <load_address>0x11806c60</load_address>
         <run_address>0x11806c60</run_address>
         <size>0x6c0</size>
         <input_file_ref idref="fl-dd"/>
      </object_component>
      <object_component id="oc-2e9">
         <name>.text:__divd</name>
         <load_address>0x11807320</load_address>
         <run_address>0x11807320</run_address>
         <size>0x5a0</size>
         <input_file_ref idref="fl-e0"/>
      </object_component>
      <object_component id="oc-33e">
         <name>.text:__getarg_diouxp</name>
         <load_address>0x118078c0</load_address>
         <run_address>0x118078c0</run_address>
         <size>0x580</size>
         <input_file_ref idref="fl-fe"/>
      </object_component>
      <object_component id="oc-32d">
         <name>.text:__setfield</name>
         <load_address>0x11807e40</load_address>
         <run_address>0x11807e40</run_address>
         <size>0x520</size>
         <input_file_ref idref="fl-fe"/>
      </object_component>
      <object_component id="oc-2c4">
         <name>.text</name>
         <load_address>0x11808360</load_address>
         <run_address>0x11808360</run_address>
         <size>0x4c0</size>
         <input_file_ref idref="fl-15"/>
      </object_component>
      <object_component id="oc-30f">
         <name>.text</name>
         <load_address>0x11808820</load_address>
         <run_address>0x11808820</run_address>
         <size>0x4a0</size>
         <input_file_ref idref="fl-bd"/>
      </object_component>
      <object_component id="oc-31b">
         <name>.text:__printfi</name>
         <load_address>0x11808cc0</load_address>
         <run_address>0x11808cc0</run_address>
         <size>0x440</size>
         <input_file_ref idref="fl-fe"/>
      </object_component>
      <object_component id="oc-2f9">
         <name>.text</name>
         <load_address>0x11809100</load_address>
         <run_address>0x11809100</run_address>
         <size>0x440</size>
         <input_file_ref idref="fl-db"/>
      </object_component>
      <object_component id="oc-2e6">
         <name>.text</name>
         <load_address>0x11809540</load_address>
         <run_address>0x11809540</run_address>
         <size>0x400</size>
         <input_file_ref idref="fl-be"/>
      </object_component>
      <object_component id="oc-2f7">
         <name>.text</name>
         <load_address>0x11809940</load_address>
         <run_address>0x11809940</run_address>
         <size>0x400</size>
         <input_file_ref idref="fl-d0"/>
      </object_component>
      <object_component id="oc-330">
         <name>.text:_fputs</name>
         <load_address>0x11809d40</load_address>
         <run_address>0x11809d40</run_address>
         <size>0x3a0</size>
         <input_file_ref idref="fl-107"/>
      </object_component>
      <object_component id="oc-333">
         <name>.text:__pproc_fge</name>
         <load_address>0x1180a0e0</load_address>
         <run_address>0x1180a0e0</run_address>
         <size>0x320</size>
         <input_file_ref idref="fl-fe"/>
      </object_component>
      <object_component id="oc-2e3">
         <name>.text</name>
         <load_address>0x1180a400</load_address>
         <run_address>0x1180a400</run_address>
         <size>0x300</size>
         <input_file_ref idref="fl-ba"/>
      </object_component>
      <object_component id="oc-2fc">
         <name>.text:_cos</name>
         <load_address>0x1180a700</load_address>
         <run_address>0x1180a700</run_address>
         <size>0x2e0</size>
         <input_file_ref idref="fl-ef"/>
      </object_component>
      <object_component id="oc-32c">
         <name>.text:__pproc_fwp</name>
         <load_address>0x1180a9e0</load_address>
         <run_address>0x1180a9e0</run_address>
         <size>0x2c0</size>
         <input_file_ref idref="fl-fe"/>
      </object_component>
      <object_component id="oc-2e8">
         <name>.text:_fmodf</name>
         <load_address>0x1180aca0</load_address>
         <run_address>0x1180aca0</run_address>
         <size>0x2c0</size>
         <input_file_ref idref="fl-f6"/>
      </object_component>
      <object_component id="oc-343">
         <name>.text:_ecvt</name>
         <load_address>0x1180af60</load_address>
         <run_address>0x1180af60</run_address>
         <size>0x2a0</size>
         <input_file_ref idref="fl-fe"/>
      </object_component>
      <object_component id="oc-346">
         <name>.text:_fcvt</name>
         <load_address>0x1180b200</load_address>
         <run_address>0x1180b200</run_address>
         <size>0x2a0</size>
         <input_file_ref idref="fl-fe"/>
      </object_component>
      <object_component id="oc-2ea">
         <name>.text:__divf</name>
         <load_address>0x1180b4a0</load_address>
         <run_address>0x1180b4a0</run_address>
         <size>0x280</size>
         <input_file_ref idref="fl-e1"/>
      </object_component>
      <object_component id="oc-2fd">
         <name>.text:_sin</name>
         <load_address>0x1180b720</load_address>
         <run_address>0x1180b720</run_address>
         <size>0x280</size>
         <input_file_ref idref="fl-118"/>
      </object_component>
      <object_component id="oc-34f">
         <name>.text:__divull</name>
         <load_address>0x1180b9a0</load_address>
         <run_address>0x1180b9a0</run_address>
         <size>0x260</size>
         <input_file_ref idref="fl-100"/>
      </object_component>
      <object_component id="oc-33d">
         <name>.text:__pconv_e</name>
         <load_address>0x1180bc00</load_address>
         <run_address>0x1180bc00</run_address>
         <size>0x260</size>
         <input_file_ref idref="fl-fe"/>
      </object_component>
      <object_component id="oc-334">
         <name>.text:__pproc_diouxp</name>
         <load_address>0x1180be60</load_address>
         <run_address>0x1180be60</run_address>
         <size>0x240</size>
         <input_file_ref idref="fl-fe"/>
      </object_component>
      <object_component id="oc-2fa">
         <name>.text:_sinf</name>
         <load_address>0x1180c0a0</load_address>
         <run_address>0x1180c0a0</run_address>
         <size>0x240</size>
         <input_file_ref idref="fl-119"/>
      </object_component>
      <object_component id="oc-32e">
         <name>.text:__pproc_str</name>
         <load_address>0x1180c2e0</load_address>
         <run_address>0x1180c2e0</run_address>
         <size>0x220</size>
         <input_file_ref idref="fl-fe"/>
      </object_component>
      <object_component id="oc-2fb">
         <name>.text:_cosf</name>
         <load_address>0x1180c500</load_address>
         <run_address>0x1180c500</run_address>
         <size>0x220</size>
         <input_file_ref idref="fl-f2"/>
      </object_component>
      <object_component id="oc-331">
         <name>.text:_fputc</name>
         <load_address>0x1180c720</load_address>
         <run_address>0x1180c720</run_address>
         <size>0x220</size>
         <input_file_ref idref="fl-104"/>
      </object_component>
      <object_component id="oc-33b">
         <name>.text:__pconv_g</name>
         <load_address>0x1180c940</load_address>
         <run_address>0x1180c940</run_address>
         <size>0x200</size>
         <input_file_ref idref="fl-fe"/>
      </object_component>
      <object_component id="oc-342">
         <name>.text:_setvbuf</name>
         <load_address>0x1180cb40</load_address>
         <run_address>0x1180cb40</run_address>
         <size>0x200</size>
         <input_file_ref idref="fl-110"/>
      </object_component>
      <object_component id="oc-2e4">
         <name>.text</name>
         <load_address>0x1180cd40</load_address>
         <run_address>0x1180cd40</run_address>
         <size>0x1e0</size>
         <input_file_ref idref="fl-dc"/>
      </object_component>
      <object_component id="oc-345">
         <name>.text:__mcpy</name>
         <load_address>0x1180cf20</load_address>
         <run_address>0x1180cf20</run_address>
         <size>0x1c0</size>
         <input_file_ref idref="fl-fe"/>
      </object_component>
      <object_component id="oc-2e7">
         <name>.text</name>
         <load_address>0x1180d0e0</load_address>
         <run_address>0x1180d0e0</run_address>
         <size>0x1a0</size>
         <input_file_ref idref="fl-11"/>
      </object_component>
      <object_component id="oc-32a">
         <name>.text:__divul</name>
         <load_address>0x1180d280</load_address>
         <run_address>0x1180d280</run_address>
         <size>0x1a0</size>
         <input_file_ref idref="fl-e7"/>
      </object_component>
      <object_component id="oc-2e1">
         <name>.text:_HOSTrename</name>
         <load_address>0x1180d420</load_address>
         <run_address>0x1180d420</run_address>
         <size>0x180</size>
         <input_file_ref idref="fl-10b"/>
      </object_component>
      <object_component id="oc-32b">
         <name>.text:__pproc_fflags</name>
         <load_address>0x1180d5a0</load_address>
         <run_address>0x1180d5a0</run_address>
         <size>0x140</size>
         <input_file_ref idref="fl-fe"/>
      </object_component>
      <object_component id="oc-359">
         <name>.text:_getdevice</name>
         <load_address>0x1180d6e0</load_address>
         <run_address>0x1180d6e0</run_address>
         <size>0x140</size>
         <input_file_ref idref="fl-10a"/>
      </object_component>
      <object_component id="oc-352">
         <name>.text:__closefile</name>
         <load_address>0x1180d820</load_address>
         <run_address>0x1180d820</run_address>
         <size>0x120</size>
         <input_file_ref idref="fl-112"/>
      </object_component>
      <object_component id="oc-340">
         <name>.text:__ltostr</name>
         <load_address>0x1180d940</load_address>
         <run_address>0x1180d940</run_address>
         <size>0x120</size>
         <input_file_ref idref="fl-fe"/>
      </object_component>
      <object_component id="oc-341">
         <name>.text:_fseek</name>
         <load_address>0x1180da60</load_address>
         <run_address>0x1180da60</run_address>
         <size>0x120</size>
         <input_file_ref idref="fl-108"/>
      </object_component>
      <object_component id="oc-312">
         <name>.text:_ldexpf</name>
         <load_address>0x1180db80</load_address>
         <run_address>0x1180db80</run_address>
         <size>0x120</size>
         <input_file_ref idref="fl-f8"/>
      </object_component>
      <object_component id="oc-2df">
         <name>.text:_HOSTlseek</name>
         <load_address>0x1180dca0</load_address>
         <run_address>0x1180dca0</run_address>
         <size>0x100</size>
         <input_file_ref idref="fl-10b"/>
      </object_component>
      <object_component id="oc-336">
         <name>.text:__wrt_ok</name>
         <load_address>0x1180dda0</load_address>
         <run_address>0x1180dda0</run_address>
         <size>0x100</size>
         <input_file_ref idref="fl-106"/>
      </object_component>
      <object_component id="oc-32f">
         <name>.text:_call_dtors</name>
         <load_address>0x1180dea0</load_address>
         <run_address>0x1180dea0</run_address>
         <size>0x100</size>
         <input_file_ref idref="fl-eb"/>
      </object_component>
      <object_component id="oc-2f4">
         <name>.text</name>
         <load_address>0x1180dfa0</load_address>
         <run_address>0x1180dfa0</run_address>
         <size>0x100</size>
         <input_file_ref idref="fl-c"/>
      </object_component>
      <object_component id="oc-2db">
         <name>.text:_HOSTopen</name>
         <load_address>0x1180e0a0</load_address>
         <run_address>0x1180e0a0</run_address>
         <size>0xe0</size>
         <input_file_ref idref="fl-10b"/>
      </object_component>
      <object_component id="oc-2dd">
         <name>.text:_HOSTread</name>
         <load_address>0x1180e180</load_address>
         <run_address>0x1180e180</run_address>
         <size>0xe0</size>
         <input_file_ref idref="fl-10b"/>
      </object_component>
      <object_component id="oc-2f1">
         <name>.text:__divi</name>
         <load_address>0x1180e260</load_address>
         <run_address>0x1180e260</run_address>
         <size>0xe0</size>
         <input_file_ref idref="fl-e2"/>
      </object_component>
      <object_component id="oc-2ff">
         <name>.text:_atoi</name>
         <load_address>0x1180e340</load_address>
         <run_address>0x1180e340</run_address>
         <size>0xe0</size>
         <input_file_ref idref="fl-ed"/>
      </object_component>
      <object_component id="oc-356">
         <name>.text:_close</name>
         <load_address>0x1180e420</load_address>
         <run_address>0x1180e420</run_address>
         <size>0xe0</size>
         <input_file_ref idref="fl-10a"/>
      </object_component>
      <object_component id="oc-311">
         <name>.text:_frexpf</name>
         <load_address>0x1180e500</load_address>
         <run_address>0x1180e500</run_address>
         <size>0xe0</size>
         <input_file_ref idref="fl-f7"/>
      </object_component>
      <object_component id="oc-332">
         <name>.text:_memset</name>
         <load_address>0x1180e5e0</load_address>
         <run_address>0x1180e5e0</run_address>
         <size>0xe0</size>
         <input_file_ref idref="fl-10e"/>
[...]
      </symbol>
      <symbol id="sm-fb8">
         <name>_TSK_nTasks</name>
         <value>0x118225d0</value>
         <object_component_ref idref="oc-1b7"/>
      </symbol>
      <symbol id="sm-fb9">
         <name>_TSK</name>
         <value>0x118225d8</value>
         <object_component_ref idref="oc-1b7"/>
      </symbol>
      <symbol id="sm-fba">
         <name>_TSK_ATTRS</name>
         <value>0x11815760</value>
         <object_component_ref idref="oc-1ba"/>
      </symbol>
      <symbol id="sm-fbb">
         <name>_TSK_pid</name>
         <value>0x118225d4</value>
         <object_component_ref idref="oc-1b7"/>
      </symbol>
      <symbol id="sm-fbc">
         <name>_TSK_config</name>
         <value>0x1181577c</value>
         <object_component_ref idref="oc-1ba"/>
      </symbol>
      <symbol id="sm-fcd">
         <name>_TSK_exit</name>
         <value>0x11818de0</value>
         <object_component_ref idref="oc-2ca"/>
      </symbol>
      <symbol id="sm-fdb">
         <name>_SYS_exit</name>
         <value>0x11819600</value>
         <object_component_ref idref="oc-2f8"/>
      </symbol>
      <symbol id="sm-fe7">
         <name>_SYS_exitStack</name>
         <value>0x118158e8</value>
         <object_component_ref idref="oc-1c6"/>
      </symbol>
      <symbol id="sm-fe8">
         <name>_SYS_exitStackPtr</name>
         <value>0x118225f8</value>
         <object_component_ref idref="oc-1c3"/>
      </symbol>
      <symbol id="sm-fe9">
         <name>_SYS_exitStackTop</name>
         <value>0x118225fc</value>
         <object_component_ref idref="oc-1c3"/>
      </symbol>
      <symbol id="sm-ff3">
         <name>_TSK_init</name>
         <value>0x11822ac0</value>
         <object_component_ref idref="oc-2d0"/>
      </symbol>
      <symbol id="sm-1007">
         <name>_TSK_setup</name>
         <value>0x11818660</value>
         <object_component_ref idref="oc-2d1"/>
      </symbol>
      <symbol id="sm-1027">
         <name>__MEM_mutex</name>
         <value>0x1181583c</value>
         <object_component_ref idref="oc-1d0"/>
      </symbol>
      <symbol id="sm-1028">
         <name>__TSK_mutex</name>
         <value>0x11815814</value>
         <object_component_ref idref="oc-1d0"/>
      </symbol>
      <symbol id="sm-1029">
         <name>_TSK_startup</name>
         <value>0x11819344</value>
         <object_component_ref idref="oc-2d2"/>
      </symbol>
      <symbol id="sm-1036">
         <name>_LCK_pend</name>
         <value>0x118197c0</value>
         <object_component_ref idref="oc-302"/>
      </symbol>
      <symbol id="sm-1037">
         <name>_LCK_post</name>
         <value>0x118197a0</value>
         <object_component_ref idref="oc-302"/>
      </symbol>
      <symbol id="sm-108a">
         <name>_UART_txArray</name>
         <value>0x11809150</value>
         <object_component_ref idref="oc-2f9"/>
      </symbol>
      <symbol id="sm-108b">
         <name>_UART_txString</name>
         <value>0x118092b4</value>
         <object_component_ref idref="oc-2f9"/>
      </symbol>
      <symbol id="sm-108c">
         <name>_UART_txByte</name>
         <value>0x11809100</value>
         <object_component_ref idref="oc-2f9"/>
      </symbol>
      <symbol id="sm-108d">
         <name>_UART_rxByte</name>
         <value>0x11809320</value>
         <object_component_ref idref="oc-2f9"/>
      </symbol>
      <symbol id="sm-108e">
         <name>_UART_txUint8</name>
         <value>0x118091d8</value>
         <object_component_ref idref="oc-2f9"/>
      </symbol>
      <symbol id="sm-108f">
         <name>_UART_init</name>
         <value>0x11809340</value>
         <object_component_ref idref="oc-2f9"/>
      </symbol>
      <symbol id="sm-1090">
         <name>_UART_txUint32</name>
         <value>0x11809220</value>
         <object_component_ref idref="oc-2f9"/>
      </symbol>
      <symbol id="sm-10a1">
         <name>_USTIMER_get</name>
         <value>0x1180ce70</value>
         <object_component_ref idref="oc-2e4"/>
      </symbol>
      <symbol id="sm-10a2">
         <name>_USTIMER_delay</name>
         <value>0x1180ce9c</value>
         <object_component_ref idref="oc-2e4"/>
      </symbol>
      <symbol id="sm-10a3">
         <name>_USTIMER_set</name>
         <value>0x1180cd40</value>
         <object_component_ref idref="oc-2e4"/>
      </symbol>
      <symbol id="sm-10a4">
         <name>_USTIMER_init</name>
         <value>0x1180cd8c</value>
         <object_component_ref idref="oc-2e4"/>
      </symbol>
      <symbol id="sm-10a5">
         <name>_USTIMER_reset</name>
         <value>0x1180cd54</value>
         <object_component_ref idref="oc-2e4"/>
      </symbol>
      <symbol id="sm-10ca">
         <name>_VPIF_initReceive</name>
         <value>0x11806fec</value>
         <object_component_ref idref="oc-2f3"/>
      </symbol>
      <symbol id="sm-10cb">
         <name>_VPIF_initReceive_withPRU</name>
         <value>0x11806e78</value>
         <object_component_ref idref="oc-2f3"/>
      </symbol>
      <symbol id="sm-10cc">
         <name>_VPIF_initTransmit</name>
         <value>0x11806c60</value>
         <object_component_ref idref="oc-2f3"/>
      </symbol>
      <symbol id="sm-10de">
         <name>__SEM_dopost</name>
         <value>0x118184c0</value>
         <object_component_ref idref="oc-2cc"/>
      </symbol>
      <symbol id="sm-10f1">
         <name>__auto_init</name>
         <value>0x11818ca0</value>
         <object_component_ref idref="oc-2be"/>
      </symbol>
      <symbol id="sm-1103">
         <name>__divd</name>
         <value>0x11807320</value>
         <object_component_ref idref="oc-2e9"/>
      </symbol>
      <symbol id="sm-1113">
         <name>__divf</name>
         <value>0x1180b4a0</value>
         <object_component_ref idref="oc-2ea"/>
      </symbol>
      <symbol id="sm-111c">
         <name>__c6xabi_divi</name>
         <value>0x1180e260</value>
         <object_component_ref idref="oc-2f1"/>
      </symbol>
      <symbol id="sm-111d">
         <name>__divi</name>
         <value>0x1180e260</value>
         <object_component_ref idref="oc-2f1"/>
      </symbol>
      <symbol id="sm-1126">
         <name>__c6xabi_divu</name>
         <value>0x1180e9e0</value>
         <object_component_ref idref="oc-31d"/>
      </symbol>
      <symbol id="sm-1127">
         <name>__divu</name>
         <value>0x1180e9e0</value>
         <object_component_ref idref="oc-31d"/>
      </symbol>
      <symbol id="sm-1131">
         <name>__frcmpyd_div</name>
         <value>0x1180fb40</value>
         <object_component_ref idref="oc-316"/>
      </symbol>
      <symbol id="sm-113f">
         <name>__llshl</name>
         <value>0x1180f640</value>
         <object_component_ref idref="oc-353"/>
      </symbol>
      <symbol id="sm-1140">
         <name>__llshru</name>
         <value>0x1180fb80</value>
         <object_component_ref idref="oc-315"/>
      </symbol>
      <symbol id="sm-1152">
         <name>__unlock</name>
         <value>0x11815984</value>
         <object_component_ref idref="oc-1fe"/>
      </symbol>
      <symbol id="sm-1153">
         <name>__lock</name>
         <value>0x11815980</value>
         <object_component_ref idref="oc-1fe"/>
      </symbol>
      <symbol id="sm-1154">
         <name>__register_lock</name>
         <value>0x1180fd40</value>
         <object_component_ref idref="oc-303"/>
      </symbol>
      <symbol id="sm-1155">
         <name>__nop</name>
         <value>0x1180fca0</value>
         <object_component_ref idref="oc-2da"/>
      </symbol>
      <symbol id="sm-1156">
         <name>__register_unlock</name>
         <value>0x1180fd60</value>
         <object_component_ref idref="oc-304"/>
      </symbol>
      <symbol id="sm-1166">
         <name>__divul</name>
         <value>0x1180d280</value>
         <object_component_ref idref="oc-32a"/>
      </symbol>
      <symbol id="sm-1167">
         <name>__remli</name>
         <value>0x1180fc40</value>
         <object_component_ref idref="oc-2ec"/>
      </symbol>
      <symbol id="sm-1168">
         <name>__divli</name>
         <value>0x1180eee0</value>
         <object_component_ref idref="oc-317"/>
      </symbol>
      <symbol id="sm-118f">
         <name>_atexit</name>
         <value>0x1180eb60</value>
         <object_component_ref idref="oc-309"/>
      </symbol>
      <symbol id="sm-1190">
         <name>___atexit_func_id__</name>
         <value>0x11815260</value>
         <object_component_ref idref="oc-20e"/>
      </symbol>
      <symbol id="sm-11a8">
         <name>_dtors</name>
         <value>0x11815864</value>
         <object_component_ref idref="oc-213"/>
      </symbol>
      <symbol id="sm-11a9">
         <name>_call_dtors</name>
         <value>0x1180dea0</value>
         <object_component_ref idref="oc-32f"/>
      </symbol>
      <symbol id="sm-11aa">
         <name>___add_dtor</name>
         <value>0x1180fa80</value>
         <object_component_ref idref="oc-325"/>
      </symbol>
      <symbol id="sm-11b6">
         <name>___TI_enable_exit_profile_output</name>
         <value>0x1181597c</value>
         <object_component_ref idref="oc-218"/>
      </symbol>
      <symbol id="sm-11b7">
         <name>__cleanup_ptr</name>
         <value>0x11815974</value>
         <object_component_ref idref="oc-218"/>
      </symbol>
      <symbol id="sm-11b8">
         <name>__dtors_ptr</name>
         <value>0x11815978</value>
         <object_component_ref idref="oc-218"/>
      </symbol>
      <symbol id="sm-11c6">
         <name>_atoi</name>
         <value>0x1180e340</value>
         <object_component_ref idref="oc-2ff"/>
      </symbol>
      <symbol id="sm-11ce">
         <name>__ctypes_</name>
         <value>0x118231d0</value>
         <object_component_ref idref="oc-321"/>
      </symbol>
      <symbol id="sm-11e4">
         <name>_cos</name>
         <value>0x1180a700</value>
         <object_component_ref idref="oc-2fc"/>
      </symbol>
      <symbol id="sm-11ee">
         <name>__nround</name>
         <value>0x1180f160</value>
         <object_component_ref idref="oc-31f"/>
      </symbol>
      <symbol id="sm-11f8">
         <name>__trunc</name>
         <value>0x1180fd80</value>
         <object_component_ref idref="oc-31e"/>
      </symbol>
      <symbol id="sm-120d">
         <name>_cosf</name>
         <value>0x1180c500</value>
         <object_component_ref idref="oc-2fb"/>
      </symbol>
      <symbol id="sm-1217">
         <name>__roundf</name>
         <value>0x1180f6c0</value>
         <object_component_ref idref="oc-313"/>
      </symbol>
      <symbol id="sm-1221">
         <name>__truncf</name>
         <value>0x1180fda0</value>
         <object_component_ref idref="oc-314"/>
      </symbol>
      <symbol id="sm-122b">
         <name>_errno</name>
         <value>0x11815684</value>
         <object_component_ref idref="oc-238"/>
      </symbol>
      <symbol id="sm-1241">
         <name>_fmodf</name>
         <value>0x1180aca0</value>
         <object_component_ref idref="oc-2e8"/>
      </symbol>
      <symbol id="sm-1250">
         <name>_frexpf</name>
         <value>0x1180e500</value>
         <object_component_ref idref="oc-311"/>
      </symbol>
      <symbol id="sm-125e">
         <name>_ldexpf</name>
         <value>0x1180db80</value>
         <object_component_ref idref="oc-312"/>
      </symbol>
      <symbol id="sm-1266">
         <name>_memcpy</name>
         <value>0x1180f3e0</value>
         <object_component_ref idref="oc-2e2"/>
      </symbol>
      <symbol id="sm-1272">
         <name>_modf</name>
         <value>0x1180f480</value>
         <object_component_ref idref="oc-320"/>
      </symbol>
      <symbol id="sm-127d">
         <name>_modff</name>
         <value>0x1180f900</value>
         <object_component_ref idref="oc-2eb"/>
      </symbol>
      <symbol id="sm-1292">
         <name>_printf</name>
         <value>0x1180e6c0</value>
         <object_component_ref idref="oc-30e"/>
      </symbol>
      <symbol id="sm-129c">
         <name>__tmpnams</name>
         <value>0x11815118</value>
         <object_component_ref idref="oc-251"/>
      </symbol>
      <symbol id="sm-129d">
         <name>__ft_end</name>
         <value>0x11815258</value>
         <object_component_ref idref="oc-251"/>
      </symbol>
      <symbol id="sm-129e">
         <name>__ftable</name>
         <value>0x11814f38</value>
         <object_component_ref idref="oc-251"/>
      </symbol>
      <symbol id="sm-13a7">
         <name>__printfi</name>
         <value>0x11808cc0</value>
         <object_component_ref idref="oc-31b"/>
      </symbol>
      <symbol id="sm-13b1">
         <name>___isinf</name>
         <value>0x1180fac0</value>
         <object_component_ref idref="oc-33a"/>
      </symbol>
      <symbol id="sm-13c5">
         <name>__subcull</name>
         <value>0x1180f840</value>
         <object_component_ref idref="oc-354"/>
      </symbol>
      <symbol id="sm-13c6">
         <name>__divull</name>
         <value>0x1180b9a0</value>
         <object_component_ref idref="oc-34f"/>
      </symbol>
      <symbol id="sm-13d3">
         <name>__fixdli</name>
         <value>0x1180f0c0</value>
         <object_component_ref idref="oc-34c"/>
      </symbol>
      <symbol id="sm-13de">
         <name>__fltlid</name>
         <value>0x1180f5c0</value>
         <object_component_ref idref="oc-34e"/>
      </symbol>
      <symbol id="sm-13e8">
         <name>__negll</name>
         <value>0x1180fc80</value>
         <object_component_ref idref="oc-33f"/>
      </symbol>
      <symbol id="sm-1403">
         <name>_putc</name>
         <value>0x1180c720</value>
         <object_component_ref idref="oc-331"/>
      </symbol>
      <symbol id="sm-1404">
         <name>_fputc</name>
         <value>0x1180c720</value>
         <object_component_ref idref="oc-331"/>
      </symbol>
      <symbol id="sm-1411">
         <name>__doflush</name>
         <value>0x1180eaa0</value>
         <object_component_ref idref="oc-337"/>
      </symbol>
      <symbol id="sm-1420">
         <name>__wrt_ok</name>
         <value>0x1180dda0</value>
         <object_component_ref idref="oc-336"/>
      </symbol>
      <symbol id="sm-1442">
         <name>_fputs</name>
         <value>0x11809d40</value>
         <object_component_ref idref="oc-330"/>
      </symbol>
      <symbol id="sm-1453">
         <name>_fseek</name>
         <value>0x1180da60</value>
         <object_component_ref idref="oc-341"/>
      </symbol>
      <symbol id="sm-1497">
         <name>_unlink</name>
         <value>0x1180f7c0</value>
         <object_component_ref idref="oc-358"/>
      </symbol>
      <symbol id="sm-1498">
         <name>_lseek</name>
         <value>0x1180f340</value>
         <object_component_ref idref="oc-349"/>
      </symbol>
      <symbol id="sm-1499">
         <name>_close</name>
         <value>0x1180e420</value>
         <object_component_ref idref="oc-356"/>
      </symbol>
      <symbol id="sm-149a">
         <name>_write</name>
         <value>0x1180f520</value>
         <object_component_ref idref="oc-338"/>
      </symbol>
      <symbol id="sm-14c3">
         <name>_HOSTopen</name>
         <value>0x1180e0a0</value>
         <object_component_ref idref="oc-2db"/>
      </symbol>
      <symbol id="sm-14c4">
         <name>_HOSTread</name>
         <value>0x1180e180</value>
         <object_component_ref idref="oc-2dd"/>
      </symbol>
      <symbol id="sm-14c5">
         <name>_HOSTrename</name>
         <value>0x1180d420</value>
         <object_component_ref idref="oc-2e1"/>
      </symbol>
      <symbol id="sm-14c6">
         <name>_HOSTwrite</name>
         <value>0x1180e860</value>
         <object_component_ref idref="oc-2de"/>
      </symbol>
      <symbol id="sm-14c7">
         <name>_HOSTlseek</name>
         <value>0x1180dca0</value>
         <object_component_ref idref="oc-2df"/>
      </symbol>
      <symbol id="sm-14c8">
         <name>_HOSTunlink</name>
         <value>0x1180e7a0</value>
         <object_component_ref idref="oc-2e0"/>
      </symbol>
      <symbol id="sm-14c9">
         <name>_HOSTclose</name>
         <value>0x1180eda0</value>
         <object_component_ref idref="oc-2dc"/>
      </symbol>
      <symbol id="sm-14d6">
         <name>_ltoa</name>
         <value>0x1180ec20</value>
         <object_component_ref idref="oc-34d"/>
      </symbol>
      <symbol id="sm-14e3">
         <name>_memccpy</name>
         <value>0x1180f8a0</value>
         <object_component_ref idref="oc-335"/>
      </symbol>
      <symbol id="sm-14ee">
         <name>_memset</name>
         <value>0x1180e5e0</value>
         <object_component_ref idref="oc-332"/>
      </symbol>
      <symbol id="sm-14fe">
         <name>C$$IO$$</name>
         <value>0x1180fa78</value>
         <object_component_ref idref="oc-30a"/>
      </symbol>
      <symbol id="sm-14ff">
         <name>__CIOBUF_</name>
         <value>0x1181fec0</value>
         <object_component_ref idref="oc-28c"/>
      </symbol>
      <symbol id="sm-1500">
         <name>_readmsg</name>
         <value>0x1180f740</value>
         <object_component_ref idref="oc-30b"/>
      </symbol>
      <symbol id="sm-1501">
         <name>_writemsg</name>
         <value>0x1180fa20</value>
         <object_component_ref idref="oc-30a"/>
      </symbol>
      <symbol id="sm-1518">
         <name>_setvbuf</name>
         <value>0x1180cb40</value>
         <object_component_ref idref="oc-342"/>
      </symbol>
      <symbol id="sm-152b">
         <name>__cleanup</name>
         <value>0x1180ee40</value>
         <object_component_ref idref="oc-34b"/>
      </symbol>
      <symbol id="sm-153d">
         <name>__closefile</name>
         <value>0x1180d820</value>
         <object_component_ref idref="oc-352"/>
      </symbol>
      <symbol id="sm-1559">
         <name>_free</name>
         <value>0x11817200</value>
         <object_component_ref idref="oc-34a"/>
      </symbol>
      <symbol id="sm-155a">
         <name>_calloc</name>
         <value>0x1181742c</value>
         <object_component_ref idref="oc-34a"/>
      </symbol>
      <symbol id="sm-155b">
         <name>_memalign</name>
         <value>0x11817368</value>
         <object_component_ref idref="oc-34a"/>
      </symbol>
      <symbol id="sm-155c">
         <name>_realloc</name>
         <value>0x11817284</value>
         <object_component_ref idref="oc-34a"/>
      </symbol>
      <symbol id="sm-155d">
         <name>_malloc</name>
         <value>0x11817224</value>
         <object_component_ref idref="oc-34a"/>
      </symbol>
      <symbol id="sm-1574">
         <name>_MEM_alloc</name>
         <value>0x11817940</value>
         <object_component_ref idref="oc-351"/>
      </symbol>
      <symbol id="sm-1586">
         <name>_MEM_free</name>
         <value>0x11817d40</value>
         <object_component_ref idref="oc-350"/>
      </symbol>
      <symbol id="sm-1591">
         <name>_SYS_error</name>
         <value>0x118199a0</value>
         <object_component_ref idref="oc-355"/>
      </symbol>
      <symbol id="sm-159b">
         <name>_remove</name>
         <value>0x1180fdc0</value>
         <object_component_ref idref="oc-357"/>
      </symbol>
      <symbol id="sm-15b0">
         <name>_sin</name>
         <value>0x1180b720</value>
         <object_component_ref idref="oc-2fd"/>
      </symbol>
      <symbol id="sm-15c4">
         <name>_sinf</name>
         <value>0x1180c0a0</value>
         <object_component_ref idref="oc-2fa"/>
      </symbol>
      <symbol id="sm-15d4">
         <name>_sprintf</name>
         <value>0x1180f960</value>
         <object_component_ref idref="oc-2ee"/>
      </symbol>
      <symbol id="sm-15eb">
         <name>_vsprintf</name>
         <value>0x1180f9c0</value>
         <object_component_ref idref="oc-310"/>
      </symbol>
   </symbol_table>
</link_info>
