********************************************************************************
TMS320C6x Hex Converter                                                   v7.4.8
********************************************************************************

INPUT FILE NAME: <C:/gigous2_bkuo/repo/LADAR_data/LADAR_dataProject\debug\LADAR_data.out>
OUTPUT FORMAT:   Binary

PHYSICAL MEMORY PARAMETERS
   Default data width   :   8
   Default memory width :   8
   Default output width :   8

BOOT LOADER PARAMETERS
   Table Address: 0x0000, PAGE 0
   Entry Point  : 0x11827fa0


OUTPUT TRANSLATION MAP
--------------------------------------------------------------------------------
00000000..0003ffff  Page=0  Memory Width=8  ROM Width=8  "SPIFLASH"
--------------------------------------------------------------------------------
   OUTPUT FILES: C:/gigous2_bkuo/repo/LADAR_data/LADAR_dataProject\..\LADAR_data.bin [b0..b7]

   CONTENTS: 00000000..0001da0b   BOOT TABLE
                         .hwi_vec : btad=00000000  dest=11828800 size=00000200
                            .bios : btad=0000020c  dest=1181aea0 size=00004500
                           .pinit : btad=00004714  dest=1182929c size=0000000c
                            .text : btad=00004728  dest=11800000 size=00015020
                           .cinit : btad=00019750  dest=1181f3a0 size=000023cc
                          .switch : btad=0001bb24  dest=118291c4 size=0000006c
                         .gblinit : btad=0001bb98  dest=11828798 size=00000064
                         .sysinit : btad=0001bc04  dest=11827c80 size=00000500
                         .trcdata : btad=0001c10c  dest=118292a8 size=0000000c
                       .rtdx_text : btad=0001c120  dest=11823780 size=00000fc0
                           .const : btad=0001d0e8  dest=11827668 size=00000614
                            .args : btad=0001d704  dest=1182377c size=00000004
                           .trace : btad=0001d710  dest=11828a00 size=00000200
                             .log : btad=0001d918  dest=1182926c size=00000030
                             .sts : btad=0001d950  dest=11825740 size=000000b0
